Archive member included because of file (symbol)

.\CortexM3\ARM_GCC_493\Debug\CY8CKIT-059_Beacon.a(cyfitter_cfg.o)
                              .\CortexM3\ARM_GCC_493\Debug\Cm3Start.o (cyfitter_cfg)
.\CortexM3\ARM_GCC_493\Debug\CY8CKIT-059_Beacon.a(LED.o)
                              .\CortexM3\ARM_GCC_493\Debug\main.o (LED_Write)
.\CortexM3\ARM_GCC_493\Debug\CY8CKIT-059_Beacon.a(CyBootAsmGnu.o)
                              .\CortexM3\ARM_GCC_493\Debug\CY8CKIT-059_Beacon.a(cyfitter_cfg.o) (CyDelayCycles)
.\CortexM3\ARM_GCC_493\Debug\CY8CKIT-059_Beacon.a(CyDmac.o)
                              .\CortexM3\ARM_GCC_493\Debug\Cm3Start.o (CyDmacConfigure)
.\CortexM3\ARM_GCC_493\Debug\CY8CKIT-059_Beacon.a(CyLib.o)
                              .\CortexM3\ARM_GCC_493\Debug\Cm3Start.o (CyHalt)
.\CortexM3\ARM_GCC_493\Debug\CY8CKIT-059_Beacon.a(cyPm.o)
                              .\CortexM3\ARM_GCC_493\Debug\CY8CKIT-059_Beacon.a(CyLib.o) (CyPmReadStatus)
.\CortexM3\ARM_GCC_493\Debug\CY8CKIT-059_Beacon.a(SPIM.o)
                              .\CortexM3\ARM_GCC_493\Debug\main.o (SPIM_ReadTxStatus)
.\CortexM3\ARM_GCC_493\Debug\CY8CKIT-059_Beacon.a(SPIM_INT.o)
                              .\CortexM3\ARM_GCC_493\Debug\CY8CKIT-059_Beacon.a(SPIM.o) (SPIM_TX_ISR)
.\CortexM3\ARM_GCC_493\Debug\CY8CKIT-059_Beacon.a(Comp_1.o)
                              .\CortexM3\ARM_GCC_493\Debug\main.o (Comp_1_Start)
.\CortexM3\ARM_GCC_493\Debug\CY8CKIT-059_Beacon.a(ADC_SAR_1.o)
                              .\CortexM3\ARM_GCC_493\Debug\main.o (ADC_SAR_1_Start)
.\CortexM3\ARM_GCC_493\Debug\CY8CKIT-059_Beacon.a(ADC_SAR_1_INT.o)
                              .\CortexM3\ARM_GCC_493\Debug\CY8CKIT-059_Beacon.a(ADC_SAR_1.o) (ADC_SAR_1_ISR)
.\CortexM3\ARM_GCC_493\Debug\CY8CKIT-059_Beacon.a(ADC_SAR_2.o)
                              .\CortexM3\ARM_GCC_493\Debug\main.o (ADC_SAR_2_Start)
.\CortexM3\ARM_GCC_493\Debug\CY8CKIT-059_Beacon.a(ADC_SAR_2_INT.o)
                              .\CortexM3\ARM_GCC_493\Debug\CY8CKIT-059_Beacon.a(ADC_SAR_2.o) (ADC_SAR_2_ISR)
.\CortexM3\ARM_GCC_493\Debug\CY8CKIT-059_Beacon.a(DMA_1_dma.o)
                              .\CortexM3\ARM_GCC_493\Debug\main.o (DMA_1_DmaInitialize)
.\CortexM3\ARM_GCC_493\Debug\CY8CKIT-059_Beacon.a(DMA_2_dma.o)
                              .\CortexM3\ARM_GCC_493\Debug\main.o (DMA_2_DmaInitialize)
.\CortexM3\ARM_GCC_493\Debug\CY8CKIT-059_Beacon.a(Mixer_2.o)
                              .\CortexM3\ARM_GCC_493\Debug\main.o (Mixer_2_Start)
.\CortexM3\ARM_GCC_493\Debug\CY8CKIT-059_Beacon.a(Mixer_1.o)
                              .\CortexM3\ARM_GCC_493\Debug\main.o (Mixer_1_Start)
.\CortexM3\ARM_GCC_493\Debug\CY8CKIT-059_Beacon.a(PGA_1.o)
                              .\CortexM3\ARM_GCC_493\Debug\main.o (PGA_1_Start)
.\CortexM3\ARM_GCC_493\Debug\CY8CKIT-059_Beacon.a(Filter_1.o)
                              .\CortexM3\ARM_GCC_493\Debug\main.o (Filter_1_Start)
.\CortexM3\ARM_GCC_493\Debug\CY8CKIT-059_Beacon.a(Filter_1_PVT.o)
                              .\CortexM3\ARM_GCC_493\Debug\CY8CKIT-059_Beacon.a(Filter_1.o) (Filter_1_SetInterruptMode)
.\CortexM3\ARM_GCC_493\Debug\CY8CKIT-059_Beacon.a(Filter_1_RAM_Data.o)
                              .\CortexM3\ARM_GCC_493\Debug\CY8CKIT-059_Beacon.a(Filter_1.o) (Filter_1_cfsm)
.\CortexM3\ARM_GCC_493\Debug\CY8CKIT-059_Beacon.a(isr_filter.o)
                              .\CortexM3\ARM_GCC_493\Debug\main.o (isr_filter_StartEx)
.\CortexM3\ARM_GCC_493\Debug\CY8CKIT-059_Beacon.a(ADC_SAR_1_theACLK.o)
                              .\CortexM3\ARM_GCC_493\Debug\CY8CKIT-059_Beacon.a(ADC_SAR_1.o) (ADC_SAR_1_theACLK_SetModeRegister)
.\CortexM3\ARM_GCC_493\Debug\CY8CKIT-059_Beacon.a(ADC_SAR_2_theACLK.o)
                              .\CortexM3\ARM_GCC_493\Debug\CY8CKIT-059_Beacon.a(ADC_SAR_2.o) (ADC_SAR_2_theACLK_SetModeRegister)
.\CortexM3\ARM_GCC_493\Debug\CY8CKIT-059_Beacon.a(PI_KEY_0.o)
                              .\CortexM3\ARM_GCC_493\Debug\key.o (PI_KEY_0_Read)
.\CortexM3\ARM_GCC_493\Debug\CY8CKIT-059_Beacon.a(PI_KEY_1.o)
                              .\CortexM3\ARM_GCC_493\Debug\key.o (PI_KEY_1_Read)
.\CortexM3\ARM_GCC_493\Debug\CY8CKIT-059_Beacon.a(ROT_B.o)
                              .\CortexM3\ARM_GCC_493\Debug\rot.o (ROT_B_Read)
.\CortexM3\ARM_GCC_493\Debug\CY8CKIT-059_Beacon.a(ROT_A.o)
                              .\CortexM3\ARM_GCC_493\Debug\rot.o (ROT_A_Read)
.\CortexM3\ARM_GCC_493\Debug\CY8CKIT-059_Beacon.a(I2C_1.o)
                              .\CortexM3\ARM_GCC_493\Debug\main.o (I2C_1_Start)
.\CortexM3\ARM_GCC_493\Debug\CY8CKIT-059_Beacon.a(I2C_1_INT.o)
                              .\CortexM3\ARM_GCC_493\Debug\CY8CKIT-059_Beacon.a(I2C_1.o) (I2C_1_ISR)
.\CortexM3\ARM_GCC_493\Debug\CY8CKIT-059_Beacon.a(I2C_1_PM.o)
                              .\CortexM3\ARM_GCC_493\Debug\CY8CKIT-059_Beacon.a(I2C_1.o) (I2C_1_backup)
.\CortexM3\ARM_GCC_493\Debug\CY8CKIT-059_Beacon.a(I2C_1_MASTER.o)
[...]
Memory Configuration

Name             Origin             Length             Attributes
rom              0x00000000         0x00040000         xr
ram              0x1fff8000         0x00010000         xrw
*default*        0x00000000         0xffffffff

Linker script and memory map

LOAD c:/program files (x86)/cypress/psoc creator/3.3/psoc creator/import/gnu/arm/4.9.3/bin/../lib/gcc/arm-none-eabi/4.9.3/armv7-m/crti.o
LOAD c:/program files (x86)/cypress/psoc creator/3.3/psoc creator/import/gnu/arm/4.9.3/bin/../lib/gcc/arm-none-eabi/4.9.3/armv7-m/crtbegin.o
LOAD c:/program files (x86)/cypress/psoc creator/3.3/psoc creator/import/gnu/arm/4.9.3/bin/../lib/gcc/arm-none-eabi/4.9.3/../../../../arm-none-eabi/lib/armv7-m/crt0.o
START GROUP
LOAD .\CortexM3\ARM_GCC_493\Debug\croutine.o
LOAD .\CortexM3\ARM_GCC_493\Debug\event_groups.o
LOAD .\CortexM3\ARM_GCC_493\Debug\list.o
LOAD .\CortexM3\ARM_GCC_493\Debug\port.o
LOAD .\CortexM3\ARM_GCC_493\Debug\queue.o
LOAD .\CortexM3\ARM_GCC_493\Debug\tasks.o
LOAD .\CortexM3\ARM_GCC_493\Debug\timers.o
LOAD .\CortexM3\ARM_GCC_493\Debug\heap_2.o
LOAD .\CortexM3\ARM_GCC_493\Debug\rot.o
LOAD .\CortexM3\ARM_GCC_493\Debug\I2C_CLCD.o
LOAD .\CortexM3\ARM_GCC_493\Debug\key.o
LOAD .\CortexM3\ARM_GCC_493\Debug\main.o
LOAD .\CortexM3\ARM_GCC_493\Debug\cymetadata.o
LOAD .\CortexM3\ARM_GCC_493\Debug\Cm3Start.o
LOAD .\CortexM3\ARM_GCC_493\Debug\CY8CKIT-059_Beacon.a
LOAD C:\Program Files (x86)\Cypress\PSoC Creator\3.3\PSoC Creator\psoc\content\cycomponentlibrary\CyComponentLibrary.cylib\CortexM3\ARM_GCC_493\Debug\CyComponentLibrary.a
LOAD c:/program files (x86)/cypress/psoc creator/3.3/psoc creator/import/gnu/arm/4.9.3/bin/../lib/gcc/arm-none-eabi/4.9.3/../../../../arm-none-eabi/lib/armv7-m\libm.a
END GROUP
START GROUP
LOAD c:/program files (x86)/cypress/psoc creator/3.3/psoc creator/import/gnu/arm/4.9.3/bin/../lib/gcc/arm-none-eabi/4.9.3/armv7-m\libgcc.a
LOAD c:/program files (x86)/cypress/psoc creator/3.3/psoc creator/import/gnu/arm/4.9.3/bin/../lib/gcc/arm-none-eabi/4.9.3/../../../../arm-none-eabi/lib/armv7-m\libg_nano.a
LOAD c:/program files (x86)/cypress/psoc creator/3.3/psoc creator/import/gnu/arm/4.9.3/bin/../lib/gcc/arm-none-eabi/4.9.3/../../../../arm-none-eabi/lib/armv7-m\libc_nano.a
END GROUP
START GROUP
LOAD c:/program files (x86)/cypress/psoc creator/3.3/psoc creator/import/gnu/arm/4.9.3/bin/../lib/gcc/arm-none-eabi/4.9.3/armv7-m\libgcc.a
LOAD c:/program files (x86)/cypress/psoc creator/3.3/psoc creator/import/gnu/arm/4.9.3/bin/../lib/gcc/arm-none-eabi/4.9.3/../../../../arm-none-eabi/lib/armv7-m\libc_nano.a
END GROUP
LOAD c:/program files (x86)/cypress/psoc creator/3.3/psoc creator/import/gnu/arm/4.9.3/bin/../lib/gcc/arm-none-eabi/4.9.3/armv7-m/crtend.o
LOAD c:/program files (x86)/cypress/psoc creator/3.3/psoc creator/import/gnu/arm/4.9.3/bin/../lib/gcc/arm-none-eabi/4.9.3/armv7-m/crtn.o
START GROUP
LOAD c:/program files (x86)/cypress/psoc creator/3.3/psoc creator/import/gnu/arm/4.9.3/bin/../lib/gcc/arm-none-eabi/4.9.3/armv7-m\libgcc.a
LOAD c:/program files (x86)/cypress/psoc creator/3.3/psoc creator/import/gnu/arm/4.9.3/bin/../lib/gcc/arm-none-eabi/4.9.3/../../../../arm-none-eabi/lib/armv7-m\libc.a
LOAD c:/program files (x86)/cypress/psoc creator/3.3/psoc creator/import/gnu/arm/4.9.3/bin/../lib/gcc/arm-none-eabi/4.9.3/../../../../arm-none-eabi/lib/armv7-m\libnosys.a
END GROUP
                0x00000000                CY_APPL_ORIGIN = 0x0
                0x00000100                CY_FLASH_ROW_SIZE = 0x100
                0x00000020                CY_ECC_ROW_SIZE = 0x20
                0x00000000                CY_EE_IN_BTLDR = 0x0
                0x00000000                CY_APPL_LOADABLE = 0x0
                0x00000800                CY_EE_SIZE = 0x800
                0x00000001                CY_APPL_NUM = 0x1
                0x00000001                CY_APPL_MAX = 0x1
                0x00000040                CY_METADATA_SIZE = 0x40
                0x00000000                CY_APPL_LOADABLE = 0x0
                0x00000000                CY_CHECKSUM_EXCLUDE_SIZE = ALIGN (0x0, CY_FLASH_ROW_SIZE)
                0x200003e8                PROVIDE (__cy_heap_start, _end)
                0x00000001                PROVIDE (__cy_region_num, ((__cy_regions_end - __cy_regions) / 0x10))
                0x20008000                PROVIDE (__cy_stack, (ORIGIN (ram) + 0x10000))
                0x20006000                PROVIDE (__cy_heap_end, (__cy_stack - 0x2000))

.cybootloader   0x00000000        0x0
 *(.cybootloader)
                0x00000000                appl1_start = CY_APPL_ORIGIN?CY_APPL_ORIGIN:ALIGN (CY_FLASH_ROW_SIZE)
                0x0001ff00                appl2_start = (appl1_start + ALIGN ((((0x40000 - appl1_start) - (0x2 * CY_FLASH_ROW_SIZE)) / 0x2), CY_FLASH_ROW_SIZE))
                0x00000000                appl_start = (CY_APPL_NUM == 0x1)?appl1_start:appl2_start
                0x00000000                ecc_offset = ((appl_start / CY_FLASH_ROW_SIZE) * CY_ECC_ROW_SIZE)
                0x00000000                ee_offset = (CY_APPL_LOADABLE && ! (CY_EE_IN_BTLDR))?((CY_EE_SIZE / CY_APPL_MAX) * (CY_APPL_NUM - 0x1)):0x0
                0x00000800                ee_size = (CY_APPL_LOADABLE && ! (CY_EE_IN_BTLDR))?(CY_EE_SIZE / CY_APPL_MAX):CY_EE_SIZE
                0x00000000                PROVIDE (CY_ECC_OFFSET, ecc_offset)

.text           0x00000000     0x6814
 CREATE_OBJECT_SYMBOLS
                0x00000000                PROVIDE (__cy_interrupt_vector, RomVectors)
 *(.romvectors)
 .romvectors    0x00000000       0x10 .\CortexM3\ARM_GCC_493\Debug\Cm3Start.o
                0x00000000                RomVectors
                0x00000001                ASSERT ((. != __cy_interrupt_vector), No interrupt vector)
                0x00000001                ASSERT (CY_APPL_ORIGIN?(SIZEOF (.cybootloader) <= CY_APPL_ORIGIN):0x1, Wrong image location)
                0x00000010                PROVIDE (__cy_reset, Reset)
 *(.text.Reset)
 .text.Reset    0x00000010       0x18 .\CortexM3\ARM_GCC_493\Debug\Cm3Start.o
                0x00000010                Reset
                0x00000001                ASSERT ((. != __cy_reset), No reset code)
 *(.dma_init)
                0x00000001                ASSERT ((((appl_start + .) <= 0x10000) || 0x1), DMA Init must be within the first 64k of flash)
 *(.text .text.* .gnu.linkonce.t.*)
 .text          0x00000028       0x5c c:/program files (x86)/cypress/psoc creator/3.3/psoc creator/import/gnu/arm/4.9.3/bin/../lib/gcc/arm-none-eabi/4.9.3/armv7-m/crtbegin.o
 .text.vListInitialise
                0x00000084       0x18 .\CortexM3\ARM_GCC_493\Debug\list.o
                0x00000084                vListInitialise
 .text.vListInitialiseItem
                0x0000009c        0x8 .\CortexM3\ARM_GCC_493\Debug\list.o
                0x0000009c                vListInitialiseItem
 .text.vListInsertEnd
                0x000000a4       0x18 .\CortexM3\ARM_GCC_493\Debug\list.o
                0x000000a4                vListInsertEnd
 .text.vListInsert
                0x000000bc       0x34 .\CortexM3\ARM_GCC_493\Debug\list.o
                0x000000bc                vListInsert
 .text.uxListRemove
                0x000000f0       0x24 .\CortexM3\ARM_GCC_493\Debug\list.o
                0x000000f0                uxListRemove
 .text.prvPortStartFirstTask
                0x00000114       0x20 .\CortexM3\ARM_GCC_493\Debug\port.o
 .text.pxPortInitialiseStack
                0x00000134       0x20 .\CortexM3\ARM_GCC_493\Debug\port.o
                0x00000134                pxPortInitialiseStack
 .text.vPortSVCHandler
                0x00000154       0x24 .\CortexM3\ARM_GCC_493\Debug\port.o
                0x00000154                vPortSVCHandler
 .text.vPortYield
                0x00000178       0x18 .\CortexM3\ARM_GCC_493\Debug\port.o
                0x00000178                vPortYield
 .text.ulPortSetInterruptMask
                0x00000190       0x10 .\CortexM3\ARM_GCC_493\Debug\port.o
                0x00000190                ulPortSetInterruptMask
 .text.prvTaskExitError
                0x000001a0        0x8 .\CortexM3\ARM_GCC_493\Debug\port.o
 .text.vPortEnterCritical
                0x000001a8       0x1c .\CortexM3\ARM_GCC_493\Debug\port.o
                0x000001a8                vPortEnterCritical
 .text.vPortClearInterruptMask
                0x000001c4        0x8 .\CortexM3\ARM_GCC_493\Debug\port.o
                0x000001c4                vPortClearInterruptMask
 .text.vPortExitCritical
                0x000001cc       0x18 .\CortexM3\ARM_GCC_493\Debug\port.o
                0x000001cc                vPortExitCritical
 .text.xPortPendSVHandler
                0x000001e4       0x44 .\CortexM3\ARM_GCC_493\Debug\port.o
                0x000001e4                xPortPendSVHandler
 .text.xPortSysTickHandler
                0x00000228       0x20 .\CortexM3\ARM_GCC_493\Debug\port.o
                0x00000228                xPortSysTickHandler
 .text.vPortSetupTimerInterrupt
                0x00000248       0x18 .\CortexM3\ARM_GCC_493\Debug\port.o
                0x00000248                vPortSetupTimerInterrupt
 .text.xPortStartScheduler
                0x00000260       0x30 .\CortexM3\ARM_GCC_493\Debug\port.o
                0x00000260                xPortStartScheduler
 .text.prvIsQueueFull
                0x00000290       0x20 .\CortexM3\ARM_GCC_493\Debug\queue.o
 .text.prvIsQueueEmpty
                0x000002b0       0x1c .\CortexM3\ARM_GCC_493\Debug\queue.o
 .text.prvCopyDataToQueue
                0x000002cc       0x7c .\CortexM3\ARM_GCC_493\Debug\queue.o
 .text.prvCopyDataFromQueue
                0x00000348       0x24 .\CortexM3\ARM_GCC_493\Debug\queue.o
 .text.prvUnlockQueue
                0x0000036c       0x64 .\CortexM3\ARM_GCC_493\Debug\queue.o
 .text.xQueueGenericReset
                0x000003d0       0x5c .\CortexM3\ARM_GCC_493\Debug\queue.o
                0x000003d0                xQueueGenericReset
 .text.xQueueGenericCreate
                0x0000042c       0x38 .\CortexM3\ARM_GCC_493\Debug\queue.o
                0x0000042c                xQueueGenericCreate
 .text.xQueueGenericSend
                0x00000464       0xd8 .\CortexM3\ARM_GCC_493\Debug\queue.o
                0x00000464                xQueueGenericSend
 .text.xQueueGenericSendFromISR
                0x0000053c       0x70 .\CortexM3\ARM_GCC_493\Debug\queue.o
                0x0000053c                xQueueGenericSendFromISR
 .text.xQueueGenericReceive
                0x000005ac      0x100 .\CortexM3\ARM_GCC_493\Debug\queue.o
                0x000005ac                xQueueGenericReceive
 .text.uxQueueMessagesWaiting
                0x000006ac       0x14 .\CortexM3\ARM_GCC_493\Debug\queue.o
                0x000006ac                uxQueueMessagesWaiting
 .text.prvResetNextTaskUnblockTime
                0x000006c0       0x2c .\CortexM3\ARM_GCC_493\Debug\tasks.o
 .text.prvDeleteTCB
                0x000006ec       0x14 .\CortexM3\ARM_GCC_493\Debug\tasks.o
 .text.prvAllocateTCBAndStack
                0x00000700       0x3c .\CortexM3\ARM_GCC_493\Debug\tasks.o
 .text.prvInitialiseTCBVariables
                0x0000073c       0x50 .\CortexM3\ARM_GCC_493\Debug\tasks.o
 .text.prvInitialiseTaskLists
                0x0000078c       0x58 .\CortexM3\ARM_GCC_493\Debug\tasks.o
 .text.prvAddCurrentTaskToDelayedList
                0x000007e4       0x44 .\CortexM3\ARM_GCC_493\Debug\tasks.o
 .text.xTaskGenericCreate
                0x00000828       0xf4 .\CortexM3\ARM_GCC_493\Debug\tasks.o
                0x00000828                xTaskGenericCreate
 .text.vTaskStartScheduler
                0x0000091c       0x4c .\CortexM3\ARM_GCC_493\Debug\tasks.o
                0x0000091c                vTaskStartScheduler
 .text.vTaskSuspendAll
                0x00000968       0x14 .\CortexM3\ARM_GCC_493\Debug\tasks.o
                0x00000968                vTaskSuspendAll
 .text.xTaskIncrementTick
                0x0000097c      0x104 .\CortexM3\ARM_GCC_493\Debug\tasks.o
                0x0000097c                xTaskIncrementTick
 .text.xTaskResumeAll
                0x00000a80       0xcc .\CortexM3\ARM_GCC_493\Debug\tasks.o
                0x00000a80                xTaskResumeAll
 .text.vTaskDelay
                0x00000b4c       0x50 .\CortexM3\ARM_GCC_493\Debug\tasks.o
                0x00000b4c                vTaskDelay
 .text.prvCheckTasksWaitingTermination
                0x00000b9c       0x54 .\CortexM3\ARM_GCC_493\Debug\tasks.o
 .text.prvIdleTask
                0x00000bf0        0x8 .\CortexM3\ARM_GCC_493\Debug\tasks.o
 .text.vTaskSwitchContext
                0x00000bf8       0xa8 .\CortexM3\ARM_GCC_493\Debug\tasks.o
                0x00000bf8                vTaskSwitchContext
 .text.vTaskPlaceOnEventList
                0x00000ca0       0x58 .\CortexM3\ARM_GCC_493\Debug\tasks.o
                0x00000ca0                vTaskPlaceOnEventList
 .text.xTaskRemoveFromEventList
                0x00000cf8       0x70 .\CortexM3\ARM_GCC_493\Debug\tasks.o
                0x00000cf8                xTaskRemoveFromEventList
 .text.vTaskSetTimeOutState
                0x00000d68       0x14 .\CortexM3\ARM_GCC_493\Debug\tasks.o
                0x00000d68                vTaskSetTimeOutState
 .text.xTaskCheckForTimeOut
                0x00000d7c       0x58 .\CortexM3\ARM_GCC_493\Debug\tasks.o
                0x00000d7c                xTaskCheckForTimeOut
 .text.vTaskMissedYield
                0x00000dd4       0x10 .\CortexM3\ARM_GCC_493\Debug\tasks.o
                0x00000dd4                vTaskMissedYield
 .text.vTaskPriorityInherit
                0x00000de4       0xb0 .\CortexM3\ARM_GCC_493\Debug\tasks.o
                0x00000de4                vTaskPriorityInherit
 .text.xTaskPriorityDisinherit
                0x00000e94       0x84 .\CortexM3\ARM_GCC_493\Debug\tasks.o
                0x00000e94                xTaskPriorityDisinherit
 .text.pvTaskIncrementMutexHeldCount
                0x00000f18       0x20 .\CortexM3\ARM_GCC_493\Debug\tasks.o
                0x00000f18                pvTaskIncrementMutexHeldCount
 .text.prvHeapInit
                0x00000f38       0x30 .\CortexM3\ARM_GCC_493\Debug\heap_2.o
 .text.pvPortMalloc
                0x00000f68       0xb4 .\CortexM3\ARM_GCC_493\Debug\heap_2.o
                0x00000f68                pvPortMalloc
 .text.vPortFree
                0x0000101c       0x44 .\CortexM3\ARM_GCC_493\Debug\heap_2.o
                0x0000101c                vPortFree
 .text.Init_ROT
                0x00001060        0x4 .\CortexM3\ARM_GCC_493\Debug\rot.o
                0x00001060                Init_ROT
 .text.Task_ROT
                0x00001064       0x7c .\CortexM3\ARM_GCC_493\Debug\rot.o
                0x00001064                Task_ROT
 .text.I2C_CLCD_WrCntrlNib
                0x000010e0       0x58 .\CortexM3\ARM_GCC_493\Debug\I2C_CLCD.o
 .text.I2C_CLCD_WrDatNib
                0x00001138       0x6c .\CortexM3\ARM_GCC_493\Debug\I2C_CLCD.o
 .text.I2C_CLCD_IsReady
                0x000011a4        0xc .\CortexM3\ARM_GCC_493\Debug\I2C_CLCD.o
                0x000011a4                I2C_CLCD_IsReady
 .text.I2C_CLCD_WriteData
                0x000011b0       0x18 .\CortexM3\ARM_GCC_493\Debug\I2C_CLCD.o
                0x000011b0                I2C_CLCD_WriteData
 .text.I2C_CLCD_PrintString
                0x000011c8       0x1c .\CortexM3\ARM_GCC_493\Debug\I2C_CLCD.o
                0x000011c8                I2C_CLCD_PrintString
 .text.I2C_CLCD_WriteControl
                0x000011e4       0x18 .\CortexM3\ARM_GCC_493\Debug\I2C_CLCD.o
                0x000011e4                I2C_CLCD_WriteControl
 .text.I2C_CLCD_Init
                0x000011fc       0x6c .\CortexM3\ARM_GCC_493\Debug\I2C_CLCD.o
                0x000011fc                I2C_CLCD_Init
 .text.I2C_CLCD_Enable
                0x00001268       0x14 .\CortexM3\ARM_GCC_493\Debug\I2C_CLCD.o
                0x00001268                I2C_CLCD_Enable
 .text.I2C_CLCD_Start
                0x0000127c       0x1c .\CortexM3\ARM_GCC_493\Debug\I2C_CLCD.o
                0x0000127c                I2C_CLCD_Start
 .text.I2C_CLCD_Position
                0x00001298       0x3c .\CortexM3\ARM_GCC_493\Debug\I2C_CLCD.o
                0x00001298                I2C_CLCD_Position
 .text.Init_Key
                0x000012d4       0x18 .\CortexM3\ARM_GCC_493\Debug\key.o
                0x000012d4                Init_Key
 .text.Check_Key_Status
                0x000012ec       0x30 .\CortexM3\ARM_GCC_493\Debug\key.o
                0x000012ec                Check_Key_Status
 .text.Task_KEY
                0x0000131c       0xe0 .\CortexM3\ARM_GCC_493\Debug\key.o
                0x0000131c                Task_KEY
 .text.Task_LED
                0x000013fc       0x20 .\CortexM3\ARM_GCC_493\Debug\main.o
                0x000013fc                Task_LED
 *fill*         0x0000141c        0x4 
 .text.Task_DDR
                0x00001420      0x120 .\CortexM3\ARM_GCC_493\Debug\main.o
                0x00001420                Task_DDR
 .text.Filter_Handler
                0x00001540       0x68 .\CortexM3\ARM_GCC_493\Debug\main.o
                0x00001540                Filter_Handler
 .text.Task_RADIO
                0x000015a8       0xe8 .\CortexM3\ARM_GCC_493\Debug\main.o
                0x000015a8                Task_RADIO
 .text.prvHardwareSetup
                0x00001690       0x20 .\CortexM3\ARM_GCC_493\Debug\main.o
                0x00001690                prvHardwareSetup
 .text.vApplicationStackOverflowHook
                0x000016b0        0x8 .\CortexM3\ARM_GCC_493\Debug\main.o
                0x000016b0                vApplicationStackOverflowHook
 .text.vApplicationMallocFailedHook
                0x000016b8        0x8 .\CortexM3\ARM_GCC_493\Debug\main.o
                0x000016b8                vApplicationMallocFailedHook
 .text.DMA_1_Config
                0x000016c0       0x44 .\CortexM3\ARM_GCC_493\Debug\main.o
                0x000016c0                DMA_1_Config
 .text.DMA_2_Config
                0x00001704       0x44 .\CortexM3\ARM_GCC_493\Debug\main.o
                0x00001704                DMA_2_Config
 .text.main     0x00001748      0x1a8 .\CortexM3\ARM_GCC_493\Debug\main.o
                0x00001748                main
 .text.CLCD_clear
                0x000018f0       0x14 .\CortexM3\ARM_GCC_493\Debug\main.o
                0x000018f0                CLCD_clear
 .text.CLCD_init_freq
                0x00001904       0x48 .\CortexM3\ARM_GCC_493\Debug\main.o
                0x00001904                CLCD_init_freq
 .text.Task_CLCD
                0x0000194c      0x16c .\CortexM3\ARM_GCC_493\Debug\main.o
                0x0000194c                Task_CLCD
 .text.IntDefaultHandler
                0x00001ab8        0x4 .\CortexM3\ARM_GCC_493\Debug\Cm3Start.o
                0x00001ab8                IntDefaultHandler
 .text._sbrk    0x00001abc       0x30 .\CortexM3\ARM_GCC_493\Debug\Cm3Start.o
                0x00001abc                _sbrk
 .text.Start_c  0x00001aec       0x4c .\CortexM3\ARM_GCC_493\Debug\Cm3Start.o
                0x00001aec                Start_c
 .text.initialize_psoc
                0x00001b38       0x78 .\CortexM3\ARM_GCC_493\Debug\Cm3Start.o
                0x00001b38                initialize_psoc
 .text.CyClockStartupError
                0x00001bb0        0x4 .\CortexM3\ARM_GCC_493\Debug\CY8CKIT-059_Beacon.a(cyfitter_cfg.o)
 .text.cfg_write_bytes32
                0x00001bb4       0x34 .\CortexM3\ARM_GCC_493\Debug\CY8CKIT-059_Beacon.a(cyfitter_cfg.o)
 .text.CYMEMZERO
                0x00001be8        0xc .\CortexM3\ARM_GCC_493\Debug\CY8CKIT-059_Beacon.a(cyfitter_cfg.o)
 .text.AnalogSetDefault
                0x00001bf4      0x158 .\CortexM3\ARM_GCC_493\Debug\CY8CKIT-059_Beacon.a(cyfitter_cfg.o)
 .text.CYCONFIGCPY
                0x00001d4c        0x8 .\CortexM3\ARM_GCC_493\Debug\CY8CKIT-059_Beacon.a(cyfitter_cfg.o)
 .text.ClockSetup
                0x00001d54      0x138 .\CortexM3\ARM_GCC_493\Debug\CY8CKIT-059_Beacon.a(cyfitter_cfg.o)
 .text.cyfitter_cfg
                0x00001e8c      0x164 .\CortexM3\ARM_GCC_493\Debug\CY8CKIT-059_Beacon.a(cyfitter_cfg.o)
                0x00001e8c                cyfitter_cfg
 .text.LED_Write
                0x00001ff0       0x18 .\CortexM3\ARM_GCC_493\Debug\CY8CKIT-059_Beacon.a(LED.o)
                0x00001ff0                LED_Write
 .text          0x00002008       0x20 .\CortexM3\ARM_GCC_493\Debug\CY8CKIT-059_Beacon.a(CyBootAsmGnu.o)
                0x00002008                CyDelayCycles
                0x00002018                CyEnterCriticalSection
                0x00002020                CyExitCriticalSection
 .text.CyDmacConfigure
                0x00002028       0x34 .\CortexM3\ARM_GCC_493\Debug\CY8CKIT-059_Beacon.a(CyDmac.o)
                0x00002028                CyDmacConfigure
 .text.CyDmaChEnable
                0x0000205c       0x38 .\CortexM3\ARM_GCC_493\Debug\CY8CKIT-059_Beacon.a(CyDmac.o)
                0x0000205c                CyDmaChEnable
 .text.CyDmaChPriority
                0x00002094       0x24 .\CortexM3\ARM_GCC_493\Debug\CY8CKIT-059_Beacon.a(CyDmac.o)
                0x00002094                CyDmaChPriority
 .text.CyDmaChSetExtendedAddress
                0x000020b8       0x34 .\CortexM3\ARM_GCC_493\Debug\CY8CKIT-059_Beacon.a(CyDmac.o)
                0x000020b8                CyDmaChSetExtendedAddress
 .text.CyDmaChSetInitialTd
                0x000020ec       0x18 .\CortexM3\ARM_GCC_493\Debug\CY8CKIT-059_Beacon.a(CyDmac.o)
                0x000020ec                CyDmaChSetInitialTd
 .text.CyDmaChSetConfiguration
                0x00002104       0x48 .\CortexM3\ARM_GCC_493\Debug\CY8CKIT-059_Beacon.a(CyDmac.o)
                0x00002104                CyDmaChSetConfiguration
 .text.CyDmaTdAllocate
                0x0000214c       0x34 .\CortexM3\ARM_GCC_493\Debug\CY8CKIT-059_Beacon.a(CyDmac.o)
                0x0000214c                CyDmaTdAllocate
 .text.CyDmaTdSetConfiguration
                0x00002180       0x28 .\CortexM3\ARM_GCC_493\Debug\CY8CKIT-059_Beacon.a(CyDmac.o)
                0x00002180                CyDmaTdSetConfiguration
 .text.CyDmaTdSetAddress
                0x000021a8       0x1c .\CortexM3\ARM_GCC_493\Debug\CY8CKIT-059_Beacon.a(CyDmac.o)
                0x000021a8                CyDmaTdSetAddress
 .text.CyHalt   0x000021c4        0x4 .\CortexM3\ARM_GCC_493\Debug\CY8CKIT-059_Beacon.a(CyLib.o)
                0x000021c4                CyHalt
 .text.CyDelay  0x000021c8       0x2c .\CortexM3\ARM_GCC_493\Debug\CY8CKIT-059_Beacon.a(CyLib.o)
                0x000021c8                CyDelay
 .text.CyDelayUs
                0x000021f4       0x14 .\CortexM3\ARM_GCC_493\Debug\CY8CKIT-059_Beacon.a(CyLib.o)
                0x000021f4                CyDelayUs
 .text.CyIntSetVector
                0x00002208       0x28 .\CortexM3\ARM_GCC_493\Debug\CY8CKIT-059_Beacon.a(CyLib.o)
                0x00002208                CyIntSetVector
 .text.CyIntSetPriority
                0x00002230       0x30 .\CortexM3\ARM_GCC_493\Debug\CY8CKIT-059_Beacon.a(CyLib.o)
                0x00002230                CyIntSetPriority
 .text.SPIM_EnableTxInt
                0x00002260        0xc .\CortexM3\ARM_GCC_493\Debug\CY8CKIT-059_Beacon.a(SPIM.o)
                0x00002260                SPIM_EnableTxInt
 .text.SPIM_EnableRxInt
                0x0000226c        0xc .\CortexM3\ARM_GCC_493\Debug\CY8CKIT-059_Beacon.a(SPIM.o)
                0x0000226c                SPIM_EnableRxInt
 .text.SPIM_Enable
                0x00002278       0x38 .\CortexM3\ARM_GCC_493\Debug\CY8CKIT-059_Beacon.a(SPIM.o)
                0x00002278                SPIM_Enable
 .text.SPIM_DisableTxInt
                0x000022b0        0xc .\CortexM3\ARM_GCC_493\Debug\CY8CKIT-059_Beacon.a(SPIM.o)
                0x000022b0                SPIM_DisableTxInt
 .text.SPIM_DisableRxInt
                0x000022bc        0xc .\CortexM3\ARM_GCC_493\Debug\CY8CKIT-059_Beacon.a(SPIM.o)
                0x000022bc                SPIM_DisableRxInt
 .text.SPIM_ReadTxStatus
                0x000022c8       0x28 .\CortexM3\ARM_GCC_493\Debug\CY8CKIT-059_Beacon.a(SPIM.o)
                0x000022c8                SPIM_ReadTxStatus
 .text.SPIM_ReadRxStatus
                0x000022f0       0x28 .\CortexM3\ARM_GCC_493\Debug\CY8CKIT-059_Beacon.a(SPIM.o)
                0x000022f0                SPIM_ReadRxStatus
 .text.SPIM_WriteTxData
                0x00002318       0xd0 .\CortexM3\ARM_GCC_493\Debug\CY8CKIT-059_Beacon.a(SPIM.o)
                0x00002318                SPIM_WriteTxData
 .text.SPIM_ClearFIFO
                0x000023e8       0x3c .\CortexM3\ARM_GCC_493\Debug\CY8CKIT-059_Beacon.a(SPIM.o)
                0x000023e8                SPIM_ClearFIFO
 .text.SPIM_Init
                0x00002424       0x90 .\CortexM3\ARM_GCC_493\Debug\CY8CKIT-059_Beacon.a(SPIM.o)
                0x00002424                SPIM_Init
 .text.SPIM_Start
                0x000024b4       0x1c .\CortexM3\ARM_GCC_493\Debug\CY8CKIT-059_Beacon.a(SPIM.o)
                0x000024b4                SPIM_Start
 .text.SPIM_TX_ISR
                0x000024d0       0x9c .\CortexM3\ARM_GCC_493\Debug\CY8CKIT-059_Beacon.a(SPIM_INT.o)
                0x000024d0                SPIM_TX_ISR
 .text.SPIM_RX_ISR
                0x0000256c       0xa0 .\CortexM3\ARM_GCC_493\Debug\CY8CKIT-059_Beacon.a(SPIM_INT.o)
                0x0000256c                SPIM_RX_ISR
 .text.Comp_1_Enable
                0x0000260c       0x1c .\CortexM3\ARM_GCC_493\Debug\CY8CKIT-059_Beacon.a(Comp_1.o)
                0x0000260c                Comp_1_Enable
 .text.Comp_1_SetSpeed
                0x00002628       0x58 .\CortexM3\ARM_GCC_493\Debug\CY8CKIT-059_Beacon.a(Comp_1.o)
                0x00002628                Comp_1_SetSpeed
 .text.Comp_1_Init
                0x00002680       0x3c .\CortexM3\ARM_GCC_493\Debug\CY8CKIT-059_Beacon.a(Comp_1.o)
                0x00002680                Comp_1_Init
 .text.Comp_1_Start
                0x000026bc       0x1c .\CortexM3\ARM_GCC_493\Debug\CY8CKIT-059_Beacon.a(Comp_1.o)
                0x000026bc                Comp_1_Start
 .text.ADC_SAR_1_CalcGain
                0x000026d8       0x64 .\CortexM3\ARM_GCC_493\Debug\CY8CKIT-059_Beacon.a(ADC_SAR_1.o)
 .text.ADC_SAR_1_Enable
                0x0000273c       0x94 .\CortexM3\ARM_GCC_493\Debug\CY8CKIT-059_Beacon.a(ADC_SAR_1.o)
                0x0000273c                ADC_SAR_1_Enable
 .text.ADC_SAR_1_SetResolution
                0x000027d0       0x38 .\CortexM3\ARM_GCC_493\Debug\CY8CKIT-059_Beacon.a(ADC_SAR_1.o)
                0x000027d0                ADC_SAR_1_SetResolution
 .text.ADC_SAR_1_Init
                0x00002808       0x3c .\CortexM3\ARM_GCC_493\Debug\CY8CKIT-059_Beacon.a(ADC_SAR_1.o)
                0x00002808                ADC_SAR_1_Init
 .text.ADC_SAR_1_Start
                0x00002844       0x1c .\CortexM3\ARM_GCC_493\Debug\CY8CKIT-059_Beacon.a(ADC_SAR_1.o)
                0x00002844                ADC_SAR_1_Start
 .text.ADC_SAR_1_ISR
                0x00002860        0x4 .\CortexM3\ARM_GCC_493\Debug\CY8CKIT-059_Beacon.a(ADC_SAR_1_INT.o)
                0x00002860                ADC_SAR_1_ISR
 .text.ADC_SAR_2_CalcGain
                0x00002864       0x64 .\CortexM3\ARM_GCC_493\Debug\CY8CKIT-059_Beacon.a(ADC_SAR_2.o)
 .text.ADC_SAR_2_Enable
                0x000028c8       0x94 .\CortexM3\ARM_GCC_493\Debug\CY8CKIT-059_Beacon.a(ADC_SAR_2.o)
                0x000028c8                ADC_SAR_2_Enable
 .text.ADC_SAR_2_SetResolution
                0x0000295c       0x38 .\CortexM3\ARM_GCC_493\Debug\CY8CKIT-059_Beacon.a(ADC_SAR_2.o)
                0x0000295c                ADC_SAR_2_SetResolution
 .text.ADC_SAR_2_Init
                0x00002994       0x3c .\CortexM3\ARM_GCC_493\Debug\CY8CKIT-059_Beacon.a(ADC_SAR_2.o)
                0x00002994                ADC_SAR_2_Init
 .text.ADC_SAR_2_Start
                0x000029d0       0x1c .\CortexM3\ARM_GCC_493\Debug\CY8CKIT-059_Beacon.a(ADC_SAR_2.o)
                0x000029d0                ADC_SAR_2_Start
 .text.ADC_SAR_2_ISR
                0x000029ec        0x4 .\CortexM3\ARM_GCC_493\Debug\CY8CKIT-059_Beacon.a(ADC_SAR_2_INT.o)
                0x000029ec                ADC_SAR_2_ISR
 .text.DMA_1_DmaInitialize
                0x000029f0       0x3c .\CortexM3\ARM_GCC_493\Debug\CY8CKIT-059_Beacon.a(DMA_1_dma.o)
                0x000029f0                DMA_1_DmaInitialize
 .text.DMA_2_DmaInitialize
                0x00002a2c       0x3c .\CortexM3\ARM_GCC_493\Debug\CY8CKIT-059_Beacon.a(DMA_2_dma.o)
                0x00002a2c                DMA_2_DmaInitialize
 .text.Mixer_2_Enable
                0x00002a68       0x28 .\CortexM3\ARM_GCC_493\Debug\CY8CKIT-059_Beacon.a(Mixer_2.o)
                0x00002a68                Mixer_2_Enable
 .text.Mixer_2_SetPower
                0x00002a90       0x18 .\CortexM3\ARM_GCC_493\Debug\CY8CKIT-059_Beacon.a(Mixer_2.o)
                0x00002a90                Mixer_2_SetPower
 .text.Mixer_2_Init
                0x00002aa8       0x2c .\CortexM3\ARM_GCC_493\Debug\CY8CKIT-059_Beacon.a(Mixer_2.o)
                0x00002aa8                Mixer_2_Init
 .text.Mixer_2_Start
                0x00002ad4       0x1c .\CortexM3\ARM_GCC_493\Debug\CY8CKIT-059_Beacon.a(Mixer_2.o)
                0x00002ad4                Mixer_2_Start
 .text.Mixer_1_Enable
                0x00002af0       0x28 .\CortexM3\ARM_GCC_493\Debug\CY8CKIT-059_Beacon.a(Mixer_1.o)
                0x00002af0                Mixer_1_Enable
 .text.Mixer_1_SetPower
                0x00002b18       0x18 .\CortexM3\ARM_GCC_493\Debug\CY8CKIT-059_Beacon.a(Mixer_1.o)
                0x00002b18                Mixer_1_SetPower
 .text.Mixer_1_Init
                0x00002b30       0x2c .\CortexM3\ARM_GCC_493\Debug\CY8CKIT-059_Beacon.a(Mixer_1.o)
                0x00002b30                Mixer_1_Init
 .text.Mixer_1_Start
                0x00002b5c       0x1c .\CortexM3\ARM_GCC_493\Debug\CY8CKIT-059_Beacon.a(Mixer_1.o)
                0x00002b5c                Mixer_1_Start
 .text.PGA_1_Enable
                0x00002b78       0x28 .\CortexM3\ARM_GCC_493\Debug\CY8CKIT-059_Beacon.a(PGA_1.o)
                0x00002b78                PGA_1_Enable
 .text.PGA_1_SetPower
                0x00002ba0       0x18 .\CortexM3\ARM_GCC_493\Debug\CY8CKIT-059_Beacon.a(PGA_1.o)
                0x00002ba0                PGA_1_SetPower
 .text.PGA_1_SetGain
                0x00002bb8       0x78 .\CortexM3\ARM_GCC_493\Debug\CY8CKIT-059_Beacon.a(PGA_1.o)
                0x00002bb8                PGA_1_SetGain
 .text.PGA_1_Init
                0x00002c30       0x34 .\CortexM3\ARM_GCC_493\Debug\CY8CKIT-059_Beacon.a(PGA_1.o)
                0x00002c30                PGA_1_Init
 .text.PGA_1_Start
                0x00002c64       0x1c .\CortexM3\ARM_GCC_493\Debug\CY8CKIT-059_Beacon.a(PGA_1.o)
                0x00002c64                PGA_1_Start
 .text.Filter_1_Init
                0x00002c80       0xd0 .\CortexM3\ARM_GCC_493\Debug\CY8CKIT-059_Beacon.a(Filter_1.o)
                0x00002c80                Filter_1_Init
 .text.Filter_1_Enable
                0x00002d50       0x28 .\CortexM3\ARM_GCC_493\Debug\CY8CKIT-059_Beacon.a(Filter_1.o)
                0x00002d50                Filter_1_Enable
 .text.Filter_1_Start
                0x00002d78       0x1c .\CortexM3\ARM_GCC_493\Debug\CY8CKIT-059_Beacon.a(Filter_1.o)
                0x00002d78                Filter_1_Start
 .text.Filter_1_Read16
                0x00002d94       0x24 .\CortexM3\ARM_GCC_493\Debug\CY8CKIT-059_Beacon.a(Filter_1.o)
                0x00002d94                Filter_1_Read16
 .text.Filter_1_SetInterruptMode
                0x00002db8       0x10 .\CortexM3\ARM_GCC_493\Debug\CY8CKIT-059_Beacon.a(Filter_1_PVT.o)
                0x00002db8                Filter_1_SetInterruptMode
 .text.Filter_1_SetDMAMode
                0x00002dc8       0x10 .\CortexM3\ARM_GCC_493\Debug\CY8CKIT-059_Beacon.a(Filter_1_PVT.o)
                0x00002dc8                Filter_1_SetDMAMode
 .text.isr_filter_SetVector
                0x00002dd8       0x10 .\CortexM3\ARM_GCC_493\Debug\CY8CKIT-059_Beacon.a(isr_filter.o)
                0x00002dd8                isr_filter_SetVector
 .text.isr_filter_SetPriority
                0x00002de8       0x10 .\CortexM3\ARM_GCC_493\Debug\CY8CKIT-059_Beacon.a(isr_filter.o)
                0x00002de8                isr_filter_SetPriority
 .text.isr_filter_Enable
                0x00002df8       0x10 .\CortexM3\ARM_GCC_493\Debug\CY8CKIT-059_Beacon.a(isr_filter.o)
                0x00002df8                isr_filter_Enable
 .text.isr_filter_Disable
                0x00002e08       0x10 .\CortexM3\ARM_GCC_493\Debug\CY8CKIT-059_Beacon.a(isr_filter.o)
                0x00002e08                isr_filter_Disable
 .text.isr_filter_StartEx
                0x00002e18       0x1c .\CortexM3\ARM_GCC_493\Debug\CY8CKIT-059_Beacon.a(isr_filter.o)
                0x00002e18                isr_filter_StartEx
 .text.ADC_SAR_1_theACLK_SetModeRegister
                0x00002e34       0x14 .\CortexM3\ARM_GCC_493\Debug\CY8CKIT-059_Beacon.a(ADC_SAR_1_theACLK.o)
                0x00002e34                ADC_SAR_1_theACLK_SetModeRegister
 .text.ADC_SAR_2_theACLK_SetModeRegister
                0x00002e48       0x14 .\CortexM3\ARM_GCC_493\Debug\CY8CKIT-059_Beacon.a(ADC_SAR_2_theACLK.o)
                0x00002e48                ADC_SAR_2_theACLK_SetModeRegister
 .text.PI_KEY_0_Read
                0x00002e5c       0x10 .\CortexM3\ARM_GCC_493\Debug\CY8CKIT-059_Beacon.a(PI_KEY_0.o)
                0x00002e5c                PI_KEY_0_Read
 .text.PI_KEY_1_Read
                0x00002e6c       0x10 .\CortexM3\ARM_GCC_493\Debug\CY8CKIT-059_Beacon.a(PI_KEY_1.o)
                0x00002e6c                PI_KEY_1_Read
 .text.ROT_B_Read
                0x00002e7c       0x10 .\CortexM3\ARM_GCC_493\Debug\CY8CKIT-059_Beacon.a(ROT_B.o)
                0x00002e7c                ROT_B_Read
 .text.ROT_A_Read
                0x00002e8c       0x10 .\CortexM3\ARM_GCC_493\Debug\CY8CKIT-059_Beacon.a(ROT_A.o)
                0x00002e8c                ROT_A_Read
 .text.I2C_1_Init
                0x00002e9c       0x68 .\CortexM3\ARM_GCC_493\Debug\CY8CKIT-059_Beacon.a(I2C_1.o)
                0x00002e9c                I2C_1_Init
 .text.I2C_1_Enable
                0x00002f04       0x24 .\CortexM3\ARM_GCC_493\Debug\CY8CKIT-059_Beacon.a(I2C_1.o)
                0x00002f04                I2C_1_Enable
 .text.I2C_1_Start
                0x00002f28       0x28 .\CortexM3\ARM_GCC_493\Debug\CY8CKIT-059_Beacon.a(I2C_1.o)
                0x00002f28                I2C_1_Start
 .text.I2C_1_ISR
                0x00002f50      0x2cc .\CortexM3\ARM_GCC_493\Debug\CY8CKIT-059_Beacon.a(I2C_1_INT.o)
                0x00002f50                I2C_1_ISR
 .text.I2C_1_MasterSendStart
                0x0000321c       0x80 .\CortexM3\ARM_GCC_493\Debug\CY8CKIT-059_Beacon.a(I2C_1_MASTER.o)
                0x0000321c                I2C_1_MasterSendStart
 .text.I2C_1_MasterSendStop
                0x0000329c       0x38 .\CortexM3\ARM_GCC_493\Debug\CY8CKIT-059_Beacon.a(I2C_1_MASTER.o)
                0x0000329c                I2C_1_MasterSendStop
 .text.I2C_1_MasterWriteByte
                0x000032d4       0x58 .\CortexM3\ARM_GCC_493\Debug\CY8CKIT-059_Beacon.a(I2C_1_MASTER.o)
                0x000032d4                I2C_1_MasterWriteByte
 .text.PGA_2_Enable
                0x0000332c       0x28 .\CortexM3\ARM_GCC_493\Debug\CY8CKIT-059_Beacon.a(PGA_2.o)
                0x0000332c                PGA_2_Enable
 .text.PGA_2_SetPower
                0x00003354       0x18 .\CortexM3\ARM_GCC_493\Debug\CY8CKIT-059_Beacon.a(PGA_2.o)
                0x00003354                PGA_2_SetPower
 .text.PGA_2_SetGain
                0x0000336c       0x78 .\CortexM3\ARM_GCC_493\Debug\CY8CKIT-059_Beacon.a(PGA_2.o)
                0x0000336c                PGA_2_SetGain
 .text.PGA_2_Init
                0x000033e4       0x34 .\CortexM3\ARM_GCC_493\Debug\CY8CKIT-059_Beacon.a(PGA_2.o)
                0x000033e4                PGA_2_Init
 .text.PGA_2_Start
                0x00003418       0x1c .\CortexM3\ARM_GCC_493\Debug\CY8CKIT-059_Beacon.a(PGA_2.o)
                0x00003418                PGA_2_Start
 .text.MON_1_Write
                0x00003434       0x18 .\CortexM3\ARM_GCC_493\Debug\CY8CKIT-059_Beacon.a(MON_1.o)
                0x00003434                MON_1_Write
 .text.DVDAC_1_InitDma
                0x0000344c       0x4c .\CortexM3\ARM_GCC_493\Debug\CY8CKIT-059_Beacon.a(DVDAC_1.o)
 .text.DVDAC_1_Init
                0x00003498       0x18 .\CortexM3\ARM_GCC_493\Debug\CY8CKIT-059_Beacon.a(DVDAC_1.o)
                0x00003498                DVDAC_1_Init
 .text.DVDAC_1_Enable
                0x000034b0       0x1c .\CortexM3\ARM_GCC_493\Debug\CY8CKIT-059_Beacon.a(DVDAC_1.o)
                0x000034b0                DVDAC_1_Enable
 .text.DVDAC_1_Start
                0x000034cc       0x1c .\CortexM3\ARM_GCC_493\Debug\CY8CKIT-059_Beacon.a(DVDAC_1.o)
                0x000034cc                DVDAC_1_Start
 .text.DVDAC_1_SetValue
                0x000034e8       0x5c .\CortexM3\ARM_GCC_493\Debug\CY8CKIT-059_Beacon.a(DVDAC_1.o)
                0x000034e8                DVDAC_1_SetValue
 .text.DVDAC_1_DMA_DmaInitialize
                0x00003544       0x40 .\CortexM3\ARM_GCC_493\Debug\CY8CKIT-059_Beacon.a(DVDAC_1_DMA_dma.o)
                0x00003544                DVDAC_1_DMA_DmaInitialize
 .text.DVDAC_1_VDAC8_Enable
                0x00003584       0x1c .\CortexM3\ARM_GCC_493\Debug\CY8CKIT-059_Beacon.a(DVDAC_1_VDAC8.o)
                0x00003584                DVDAC_1_VDAC8_Enable
 .text.DVDAC_1_VDAC8_SetSpeed
                0x000035a0       0x1c .\CortexM3\ARM_GCC_493\Debug\CY8CKIT-059_Beacon.a(DVDAC_1_VDAC8.o)
                0x000035a0                DVDAC_1_VDAC8_SetSpeed
 .text.DVDAC_1_VDAC8_DacTrim
                0x000035bc       0x24 .\CortexM3\ARM_GCC_493\Debug\CY8CKIT-059_Beacon.a(DVDAC_1_VDAC8.o)
                0x000035bc                DVDAC_1_VDAC8_DacTrim
 .text.DVDAC_1_VDAC8_SetRange
                0x000035e0       0x20 .\CortexM3\ARM_GCC_493\Debug\CY8CKIT-059_Beacon.a(DVDAC_1_VDAC8.o)
                0x000035e0                DVDAC_1_VDAC8_SetRange
 .text.DVDAC_1_VDAC8_Init
                0x00003600       0x2c .\CortexM3\ARM_GCC_493\Debug\CY8CKIT-059_Beacon.a(DVDAC_1_VDAC8.o)
                0x00003600                DVDAC_1_VDAC8_Init
 .text.DVDAC_1_IntClock_Start
                0x0000362c       0x1c .\CortexM3\ARM_GCC_493\Debug\CY8CKIT-059_Beacon.a(DVDAC_1_IntClock.o)
                0x0000362c                DVDAC_1_IntClock_Start
 .text.DVDAC_2_InitDma
                0x00003648       0x4c .\CortexM3\ARM_GCC_493\Debug\CY8CKIT-059_Beacon.a(DVDAC_2.o)
 .text.DVDAC_2_Init
                0x00003694       0x18 .\CortexM3\ARM_GCC_493\Debug\CY8CKIT-059_Beacon.a(DVDAC_2.o)
                0x00003694                DVDAC_2_Init
 .text.DVDAC_2_Enable
                0x000036ac       0x1c .\CortexM3\ARM_GCC_493\Debug\CY8CKIT-059_Beacon.a(DVDAC_2.o)
                0x000036ac                DVDAC_2_Enable
 .text.DVDAC_2_Start
                0x000036c8       0x1c .\CortexM3\ARM_GCC_493\Debug\CY8CKIT-059_Beacon.a(DVDAC_2.o)
                0x000036c8                DVDAC_2_Start
 .text.DVDAC_2_SetValue
                0x000036e4       0x5c .\CortexM3\ARM_GCC_493\Debug\CY8CKIT-059_Beacon.a(DVDAC_2.o)
                0x000036e4                DVDAC_2_SetValue
 .text.DVDAC_2_DMA_DmaInitialize
                0x00003740       0x3c .\CortexM3\ARM_GCC_493\Debug\CY8CKIT-059_Beacon.a(DVDAC_2_DMA_dma.o)
                0x00003740                DVDAC_2_DMA_DmaInitialize
 .text.DVDAC_2_VDAC8_Enable
                0x0000377c       0x1c .\CortexM3\ARM_GCC_493\Debug\CY8CKIT-059_Beacon.a(DVDAC_2_VDAC8.o)
                0x0000377c                DVDAC_2_VDAC8_Enable
 .text.DVDAC_2_VDAC8_SetSpeed
                0x00003798       0x1c .\CortexM3\ARM_GCC_493\Debug\CY8CKIT-059_Beacon.a(DVDAC_2_VDAC8.o)
                0x00003798                DVDAC_2_VDAC8_SetSpeed
 .text.DVDAC_2_VDAC8_DacTrim
                0x000037b4       0x24 .\CortexM3\ARM_GCC_493\Debug\CY8CKIT-059_Beacon.a(DVDAC_2_VDAC8.o)
                0x000037b4                DVDAC_2_VDAC8_DacTrim
 .text.DVDAC_2_VDAC8_SetRange
                0x000037d8       0x20 .\CortexM3\ARM_GCC_493\Debug\CY8CKIT-059_Beacon.a(DVDAC_2_VDAC8.o)
                0x000037d8                DVDAC_2_VDAC8_SetRange
 .text.DVDAC_2_VDAC8_Init
                0x000037f8       0x2c .\CortexM3\ARM_GCC_493\Debug\CY8CKIT-059_Beacon.a(DVDAC_2_VDAC8.o)
                0x000037f8                DVDAC_2_VDAC8_Init
 .text.DVDAC_2_IntClock_Start
                0x00003824       0x1c .\CortexM3\ARM_GCC_493\Debug\CY8CKIT-059_Beacon.a(DVDAC_2_IntClock.o)
                0x00003824                DVDAC_2_IntClock_Start
 .text          0x00003840       0x38 c:/program files (x86)/cypress/psoc creator/3.3/psoc creator/import/gnu/arm/4.9.3/bin/../lib/gcc/arm-none-eabi/4.9.3/armv7-m\libgcc.a(_aeabi_ldivmod.o)
                0x00003840                __aeabi_ldivmod
 .text          0x00003878       0x60 c:/program files (x86)/cypress/psoc creator/3.3/psoc creator/import/gnu/arm/4.9.3/bin/../lib/gcc/arm-none-eabi/4.9.3/armv7-m\libgcc.a(bpabi.o)
                0x00003878                __gnu_ldivmod_helper
                0x000038a8                __gnu_uldivmod_helper
 .text          0x000038d8        0x4 c:/program files (x86)/cypress/psoc creator/3.3/psoc creator/import/gnu/arm/4.9.3/bin/../lib/gcc/arm-none-eabi/4.9.3/armv7-m\libgcc.a(_dvmd_tls.o)
                0x000038d8                __aeabi_idiv0
                0x000038d8                __aeabi_ldiv0
 .text          0x000038dc      0x2ac c:/program files (x86)/cypress/psoc creator/3.3/psoc creator/import/gnu/arm/4.9.3/bin/../lib/gcc/arm-none-eabi/4.9.3/armv7-m\libgcc.a(_divdi3.o)
                0x000038dc                __divdi3
 .text          0x00003b88      0x270 c:/program files (x86)/cypress/psoc creator/3.3/psoc creator/import/gnu/arm/4.9.3/bin/../lib/gcc/arm-none-eabi/4.9.3/armv7-m\libgcc.a(_udivdi3.o)
                0x00003b88                __udivdi3
 .text.__errno  0x00003df8        0xc c:/program files (x86)/cypress/psoc creator/3.3/psoc creator/import/gnu/arm/4.9.3/bin/../lib/gcc/arm-none-eabi/4.9.3/../../../../arm-none-eabi/lib/armv7-m\libg_nano.a(lib_a-errno.o)
                0x00003df8                __errno
 .text.__libc_init_array
                0x00003e04       0x4c c:/program files (x86)/cypress/psoc creator/3.3/psoc creator/import/gnu/arm/4.9.3/bin/../lib/gcc/arm-none-eabi/4.9.3/../../../../arm-none-eabi/lib/armv7-m\libg_nano.a(lib_a-init.o)
                0x00003e04                __libc_init_array
 .text.memcpy   0x00003e50       0x16 c:/program files (x86)/cypress/psoc creator/3.3/psoc creator/import/gnu/arm/4.9.3/bin/../lib/gcc/arm-none-eabi/4.9.3/../../../../arm-none-eabi/lib/armv7-m\libg_nano.a(lib_a-memcpy.o)
                0x00003e50                memcpy
 .text.memset   0x00003e66       0x10 c:/program files (x86)/cypress/psoc creator/3.3/psoc creator/import/gnu/arm/4.9.3/bin/../lib/gcc/arm-none-eabi/4.9.3/../../../../arm-none-eabi/lib/armv7-m\libg_nano.a(lib_a-memset.o)
                0x00003e66                memset
 .text.__cvt    0x00003e76       0xbc c:/program files (x86)/cypress/psoc creator/3.3/psoc creator/import/gnu/arm/4.9.3/bin/../lib/gcc/arm-none-eabi/4.9.3/../../../../arm-none-eabi/lib/armv7-m\libg_nano.a(lib_a-nano-vfprintf_float.o)
                0x00003e76                __cvt
 .text.__exponent
                0x00003f32       0x62 c:/program files (x86)/cypress/psoc creator/3.3/psoc creator/import/gnu/arm/4.9.3/bin/../lib/gcc/arm-none-eabi/4.9.3/../../../../arm-none-eabi/lib/armv7-m\libg_nano.a(lib_a-nano-vfprintf_float.o)
                0x00003f32                __exponent
 .text._printf_float
                0x00003f94      0x48c c:/program files (x86)/cypress/psoc creator/3.3/psoc creator/import/gnu/arm/4.9.3/bin/../lib/gcc/arm-none-eabi/4.9.3/../../../../arm-none-eabi/lib/armv7-m\libg_nano.a(lib_a-nano-vfprintf_float.o)
                0x00003f94                _printf_float
 .text._printf_common
                0x00004420       0xea c:/program files (x86)/cypress/psoc creator/3.3/psoc creator/import/gnu/arm/4.9.3/bin/../lib/gcc/arm-none-eabi/4.9.3/../../../../arm-none-eabi/lib/armv7-m\libg_nano.a(lib_a-nano-vfprintf_i.o)
                0x00004420                _printf_common
 *fill*         0x0000450a        0x2 
 .text._printf_i
                0x0000450c      0x240 c:/program files (x86)/cypress/psoc creator/3.3/psoc creator/import/gnu/arm/4.9.3/bin/../lib/gcc/arm-none-eabi/4.9.3/../../../../arm-none-eabi/lib/armv7-m\libg_nano.a(lib_a-nano-vfprintf_i.o)
                0x0000450c                _printf_i
 .text.__fpclassifyd
                0x0000474c       0x50 c:/program files (x86)/cypress/psoc creator/3.3/psoc creator/import/gnu/arm/4.9.3/bin/../lib/gcc/arm-none-eabi/4.9.3/../../../../arm-none-eabi/lib/armv7-m\libg_nano.a(lib_a-s_fpclassify.o)
                0x0000474c                __fpclassifyd
 .text.sprintf  0x0000479c       0x48 c:/program files (x86)/cypress/psoc creator/3.3/psoc creator/import/gnu/arm/4.9.3/bin/../lib/gcc/arm-none-eabi/4.9.3/../../../../arm-none-eabi/lib/armv7-m\libg_nano.a(lib_a-sprintf.o)
                0x0000479c                siprintf
                0x0000479c                sprintf
 .text.strcpy   0x000047e4       0x10 c:/program files (x86)/cypress/psoc creator/3.3/psoc creator/import/gnu/arm/4.9.3/bin/../lib/gcc/arm-none-eabi/4.9.3/../../../../arm-none-eabi/lib/armv7-m\libg_nano.a(lib_a-strcpy.o)
                0x000047e4                strcpy
 .text.strlen   0x000047f4       0x10 c:/program files (x86)/cypress/psoc creator/3.3/psoc creator/import/gnu/arm/4.9.3/bin/../lib/gcc/arm-none-eabi/4.9.3/../../../../arm-none-eabi/lib/armv7-m\libg_nano.a(lib_a-strlen.o)
                0x000047f4                strlen
 .text.quorem   0x00004804      0x114 c:/program files (x86)/cypress/psoc creator/3.3/psoc creator/import/gnu/arm/4.9.3/bin/../lib/gcc/arm-none-eabi/4.9.3/../../../../arm-none-eabi/lib/armv7-m\libg_nano.a(lib_a-dtoa.o)
 .text._dtoa_r  0x00004918      0xb78 c:/program files (x86)/cypress/psoc creator/3.3/psoc creator/import/gnu/arm/4.9.3/bin/../lib/gcc/arm-none-eabi/4.9.3/../../../../arm-none-eabi/lib/armv7-m\libg_nano.a(lib_a-dtoa.o)
                0x00004918                _dtoa_r
 .text._localeconv_r
                0x00005490        0x8 c:/program files (x86)/cypress/psoc creator/3.3/psoc creator/import/gnu/arm/4.9.3/bin/../lib/gcc/arm-none-eabi/4.9.3/../../../../arm-none-eabi/lib/armv7-m\libg_nano.a(lib_a-locale.o)
                0x00005490                _localeconv_r
 .text.malloc   0x00005498       0x10 c:/program files (x86)/cypress/psoc creator/3.3/psoc creator/import/gnu/arm/4.9.3/bin/../lib/gcc/arm-none-eabi/4.9.3/../../../../arm-none-eabi/lib/armv7-m\libg_nano.a(lib_a-malloc.o)
                0x00005498                malloc
 .text.memchr   0x000054a8       0x1c c:/program files (x86)/cypress/psoc creator/3.3/psoc creator/import/gnu/arm/4.9.3/bin/../lib/gcc/arm-none-eabi/4.9.3/../../../../arm-none-eabi/lib/armv7-m\libg_nano.a(lib_a-memchr.o)
                0x000054a8                memchr
 .text._Balloc  0x000054c4       0x6a c:/program files (x86)/cypress/psoc creator/3.3/psoc creator/import/gnu/arm/4.9.3/bin/../lib/gcc/arm-none-eabi/4.9.3/../../../../arm-none-eabi/lib/armv7-m\libg_nano.a(lib_a-mprec.o)
                0x000054c4                _Balloc
 .text._Bfree   0x0000552e       0x2e c:/program files (x86)/cypress/psoc creator/3.3/psoc creator/import/gnu/arm/4.9.3/bin/../lib/gcc/arm-none-eabi/4.9.3/../../../../arm-none-eabi/lib/armv7-m\libg_nano.a(lib_a-mprec.o)
                0x0000552e                _Bfree
 .text.__multadd
                0x0000555c       0x7c c:/program files (x86)/cypress/psoc creator/3.3/psoc creator/import/gnu/arm/4.9.3/bin/../lib/gcc/arm-none-eabi/4.9.3/../../../../arm-none-eabi/lib/armv7-m\libg_nano.a(lib_a-mprec.o)
                0x0000555c                __multadd
 .text.__hi0bits
                0x000055d8       0x40 c:/program files (x86)/cypress/psoc creator/3.3/psoc creator/import/gnu/arm/4.9.3/bin/../lib/gcc/arm-none-eabi/4.9.3/../../../../arm-none-eabi/lib/armv7-m\libg_nano.a(lib_a-mprec.o)
                0x000055d8                __hi0bits
 .text.__lo0bits
                0x00005618       0x5a c:/program files (x86)/cypress/psoc creator/3.3/psoc creator/import/gnu/arm/4.9.3/bin/../lib/gcc/arm-none-eabi/4.9.3/../../../../arm-none-eabi/lib/armv7-m\libg_nano.a(lib_a-mprec.o)
                0x00005618                __lo0bits
 .text.__i2b    0x00005672       0x12 c:/program files (x86)/cypress/psoc creator/3.3/psoc creator/import/gnu/arm/4.9.3/bin/../lib/gcc/arm-none-eabi/4.9.3/../../../../arm-none-eabi/lib/armv7-m\libg_nano.a(lib_a-mprec.o)
                0x00005672                __i2b
 .text.__multiply
                0x00005684      0x120 c:/program files (x86)/cypress/psoc creator/3.3/psoc creator/import/gnu/arm/4.9.3/bin/../lib/gcc/arm-none-eabi/4.9.3/../../../../arm-none-eabi/lib/armv7-m\libg_nano.a(lib_a-mprec.o)
                0x00005684                __multiply
 .text.__pow5mult
                0x000057a4       0x9c c:/program files (x86)/cypress/psoc creator/3.3/psoc creator/import/gnu/arm/4.9.3/bin/../lib/gcc/arm-none-eabi/4.9.3/../../../../arm-none-eabi/lib/armv7-m\libg_nano.a(lib_a-mprec.o)
                0x000057a4                __pow5mult
 .text.__lshift
                0x00005840       0xa6 c:/program files (x86)/cypress/psoc creator/3.3/psoc creator/import/gnu/arm/4.9.3/bin/../lib/gcc/arm-none-eabi/4.9.3/../../../../arm-none-eabi/lib/armv7-m\libg_nano.a(lib_a-mprec.o)
                0x00005840                __lshift
 .text.__mcmp   0x000058e6       0x38 c:/program files (x86)/cypress/psoc creator/3.3/psoc creator/import/gnu/arm/4.9.3/bin/../lib/gcc/arm-none-eabi/4.9.3/../../../../arm-none-eabi/lib/armv7-m\libg_nano.a(lib_a-mprec.o)
                0x000058e6                __mcmp
 .text.__mdiff  0x0000591e       0xbe c:/program files (x86)/cypress/psoc creator/3.3/psoc creator/import/gnu/arm/4.9.3/bin/../lib/gcc/arm-none-eabi/4.9.3/../../../../arm-none-eabi/lib/armv7-m\libg_nano.a(lib_a-mprec.o)
                0x0000591e                __mdiff
 .text.__d2b    0x000059dc       0xa4 c:/program files (x86)/cypress/psoc creator/3.3/psoc creator/import/gnu/arm/4.9.3/bin/../lib/gcc/arm-none-eabi/4.9.3/../../../../arm-none-eabi/lib/armv7-m\libg_nano.a(lib_a-mprec.o)
                0x000059dc                __d2b
 .text._calloc_r
                0x00005a80       0x1c c:/program files (x86)/cypress/psoc creator/3.3/psoc creator/import/gnu/arm/4.9.3/bin/../lib/gcc/arm-none-eabi/4.9.3/../../../../arm-none-eabi/lib/armv7-m\libg_nano.a(lib_a-nano-callocr.o)
                0x00005a80                _calloc_r
 .text._free_r  0x00005a9c       0x88 c:/program files (x86)/cypress/psoc creator/3.3/psoc creator/import/gnu/arm/4.9.3/bin/../lib/gcc/arm-none-eabi/4.9.3/../../../../arm-none-eabi/lib/armv7-m\libg_nano.a(lib_a-nano-freer.o)
                0x00005a9c                _free_r
 .text._malloc_r
                0x00005b24       0xac c:/program files (x86)/cypress/psoc creator/3.3/psoc creator/import/gnu/arm/4.9.3/bin/../lib/gcc/arm-none-eabi/4.9.3/../../../../arm-none-eabi/lib/armv7-m\libg_nano.a(lib_a-nano-mallocr.o)
                0x00005b24                _malloc_r
 .text.__ssputs_r
                0x00005bd0       0xb2 c:/program files (x86)/cypress/psoc creator/3.3/psoc creator/import/gnu/arm/4.9.3/bin/../lib/gcc/arm-none-eabi/4.9.3/../../../../arm-none-eabi/lib/armv7-m\libg_nano.a(lib_a-nano-svfprintf.o)
                0x00005bd0                __ssputs_r
 *fill*         0x00005c82        0x2 
 .text._svfprintf_r
                0x00005c84      0x1e4 c:/program files (x86)/cypress/psoc creator/3.3/psoc creator/import/gnu/arm/4.9.3/bin/../lib/gcc/arm-none-eabi/4.9.3/../../../../arm-none-eabi/lib/armv7-m\libg_nano.a(lib_a-nano-svfprintf.o)
                0x00005c84                _svfiprintf_r
                0x00005c84                _svfprintf_r
 .text._sbrk_r  0x00005e68       0x20 c:/program files (x86)/cypress/psoc creator/3.3/psoc creator/import/gnu/arm/4.9.3/bin/../lib/gcc/arm-none-eabi/4.9.3/../../../../arm-none-eabi/lib/armv7-m\libg_nano.a(lib_a-sbrkr.o)
                0x00005e68                _sbrk_r
 .text.memmove  0x00005e88       0x36 c:/program files (x86)/cypress/psoc creator/3.3/psoc creator/import/gnu/arm/4.9.3/bin/../lib/gcc/arm-none-eabi/4.9.3/../../../../arm-none-eabi/lib/armv7-m\libg_nano.a(lib_a-memmove.o)
                0x00005e88                memmove
 .text._realloc_r
                0x00005ebe       0x4c c:/program files (x86)/cypress/psoc creator/3.3/psoc creator/import/gnu/arm/4.9.3/bin/../lib/gcc/arm-none-eabi/4.9.3/../../../../arm-none-eabi/lib/armv7-m\libg_nano.a(lib_a-nano-reallocr.o)
                0x00005ebe                _realloc_r
 .text._malloc_usable_size_r
                0x00005f0a       0x14 c:/program files (x86)/cypress/psoc creator/3.3/psoc creator/import/gnu/arm/4.9.3/bin/../lib/gcc/arm-none-eabi/4.9.3/../../../../arm-none-eabi/lib/armv7-m\libg_nano.a(lib_a-nano-msizer.o)
                0x00005f0a                _malloc_usable_size_r
 *fill*         0x00005f1e        0x2 
 .text          0x00005f20      0x370 c:/program files (x86)/cypress/psoc creator/3.3/psoc creator/import/gnu/arm/4.9.3/bin/../lib/gcc/arm-none-eabi/4.9.3/armv7-m\libgcc.a(_arm_addsubdf3.o)
                0x00005f20                __aeabi_drsub
                0x00005f28                __aeabi_dsub
                0x00005f28                __subdf3
                0x00005f2c                __aeabi_dadd
                0x00005f2c                __adddf3
                0x000061a4                __floatunsidf
                0x000061a4                __aeabi_ui2d
                0x000061c4                __floatsidf
                0x000061c4                __aeabi_i2d
                0x000061e8                __aeabi_f2d
                0x000061e8                __extendsfdf2
                0x00006224                __floatundidf
                0x00006224                __aeabi_ul2d
                0x00006234                __floatdidf
                0x00006234                __aeabi_l2d
 .text          0x00006290      0x424 c:/program files (x86)/cypress/psoc creator/3.3/psoc creator/import/gnu/arm/4.9.3/bin/../lib/gcc/arm-none-eabi/4.9.3/armv7-m\libgcc.a(_arm_muldivdf3.o)
                0x00006290                __aeabi_dmul
                0x00006290                __muldf3
                0x000064e4                __divdf3
                0x000064e4                __aeabi_ddiv
 .text          0x000066b4      0x110 c:/program files (x86)/cypress/psoc creator/3.3/psoc creator/import/gnu/arm/4.9.3/bin/../lib/gcc/arm-none-eabi/4.9.3/armv7-m\libgcc.a(_arm_cmpdf2.o)
                0x000066b4                __gtdf2
                0x000066b4                __gedf2
                0x000066bc                __ltdf2
                0x000066bc                __ledf2
                0x000066c4                __nedf2
                0x000066c4                __eqdf2
                0x000066c4                __cmpdf2
                0x00006740                __aeabi_cdrcmple
                0x00006750                __aeabi_cdcmpeq
                0x00006750                __aeabi_cdcmple
                0x00006760                __aeabi_dcmpeq
                0x00006774                __aeabi_dcmplt
                0x00006788                __aeabi_dcmple
                0x0000679c                __aeabi_dcmpge
                0x000067b0                __aeabi_dcmpgt
 .text          0x000067c4       0x50 c:/program files (x86)/cypress/psoc creator/3.3/psoc creator/import/gnu/arm/4.9.3/bin/../lib/gcc/arm-none-eabi/4.9.3/armv7-m\libgcc.a(_arm_fixdfsi.o)
                0x000067c4                __aeabi_d2iz
                0x000067c4                __fixdfsi
 *(.plt)
 *(.gnu.warning)
 *(.glue_7t)
 .glue_7t       0x00000000        0x0 linker stubs
 *(.glue_7)
 .glue_7        0x00000000        0x0 linker stubs
 *(.vfp11_veneer)
 .vfp11_veneer  0x00000000        0x0 linker stubs
 *(.bootloader)
 *(.ARM.extab* .gnu.linkonce.armextab.*)
 *(.gcc_except_table)

.v4_bx          0x00006814        0x0
 .v4_bx         0x00000000        0x0 linker stubs

.iplt           0x00006814        0x0
 .iplt          0x00000000        0x0 c:/program files (x86)/cypress/psoc creator/3.3/psoc creator/import/gnu/arm/4.9.3/bin/../lib/gcc/arm-none-eabi/4.9.3/armv7-m/crtbegin.o

.eh_frame_hdr
 *(.eh_frame_hdr)

.eh_frame       0x00006814        0x4
 *(.eh_frame)
 .eh_frame      0x00006814        0x0 c:/program files (x86)/cypress/psoc creator/3.3/psoc creator/import/gnu/arm/4.9.3/bin/../lib/gcc/arm-none-eabi/4.9.3/armv7-m/crtbegin.o
 .eh_frame      0x00006814        0x0 c:/program files (x86)/cypress/psoc creator/3.3/psoc creator/import/gnu/arm/4.9.3/bin/../lib/gcc/arm-none-eabi/4.9.3/../../../../arm-none-eabi/lib/armv7-m\libg_nano.a(lib_a-strcmp.o)
                                 0x28 (size before relaxing)
 .eh_frame      0x00006814        0x4 c:/program files (x86)/cypress/psoc creator/3.3/psoc creator/import/gnu/arm/4.9.3/bin/../lib/gcc/arm-none-eabi/4.9.3/armv7-m/crtend.o
                0x00006818                PROVIDE (__exidx_start, .)

.ARM.exidx      0x00006818        0x8
 *(.ARM.exidx* .gnu.linkonce.armexidx.*)
 .ARM.exidx     0x00006818        0x8 c:/program files (x86)/cypress/psoc creator/3.3/psoc creator/import/gnu/arm/4.9.3/bin/../lib/gcc/arm-none-eabi/4.9.3/armv7-m\libgcc.a(_divdi3.o)
 .ARM.exidx     0x00006820        0x0 c:/program files (x86)/cypress/psoc creator/3.3/psoc creator/import/gnu/arm/4.9.3/bin/../lib/gcc/arm-none-eabi/4.9.3/armv7-m\libgcc.a(_udivdi3.o)
                                  0x8 (size before relaxing)
                0x00006820                __exidx_end = .

.rodata         0x00006820      0x908
 *(.rodata .rodata.* .gnu.linkonce.r.*)
 .rodata.str1.4
                0x00006820        0x5 .\CortexM3\ARM_GCC_493\Debug\tasks.o
                                  0x8 (size before relaxing)
 *fill*         0x00006825        0x3 
 .rodata.str1.4
                0x00006828       0xb4 .\CortexM3\ARM_GCC_493\Debug\main.o
 .rodata        0x000068dc       0x44 .\CortexM3\ARM_GCC_493\Debug\CY8CKIT-059_Beacon.a(cyfitter_cfg.o)
 .rodata        0x00006920       0x18 .\CortexM3\ARM_GCC_493\Debug\CY8CKIT-059_Beacon.a(PGA_1.o)
 .rodata        0x00006938      0x640 .\CortexM3\ARM_GCC_493\Debug\CY8CKIT-059_Beacon.a(Filter_1_RAM_Data.o)
                0x00006938                Filter_1_cfsm
                0x00006a38                Filter_1_acu
                0x00006a78                Filter_1_data_b
                0x00006c78                Filter_1_data_a
                0x00006e78                Filter_1_control
 .rodata        0x00006f78       0x18 .\CortexM3\ARM_GCC_493\Debug\CY8CKIT-059_Beacon.a(PGA_2.o)
 .rodata.str1.1
                0x00006f90        0x2 c:/program files (x86)/cypress/psoc creator/3.3/psoc creator/import/gnu/arm/4.9.3/bin/../lib/gcc/arm-none-eabi/4.9.3/../../../../arm-none-eabi/lib/armv7-m\libg_nano.a(lib_a-impure.o)
 .rodata.str1.1
                0x00006f92       0x12 c:/program files (x86)/cypress/psoc creator/3.3/psoc creator/import/gnu/arm/4.9.3/bin/../lib/gcc/arm-none-eabi/4.9.3/../../../../arm-none-eabi/lib/armv7-m\libg_nano.a(lib_a-nano-vfprintf_float.o)
 .rodata.str1.1
                0x00006fa4       0x22 c:/program files (x86)/cypress/psoc creator/3.3/psoc creator/import/gnu/arm/4.9.3/bin/../lib/gcc/arm-none-eabi/4.9.3/../../../../arm-none-eabi/lib/armv7-m\libg_nano.a(lib_a-nano-vfprintf_i.o)
 .rodata.str1.1
                0x00006fc6        0xd c:/program files (x86)/cypress/psoc creator/3.3/psoc creator/import/gnu/arm/4.9.3/bin/../lib/gcc/arm-none-eabi/4.9.3/../../../../arm-none-eabi/lib/armv7-m\libg_nano.a(lib_a-dtoa.o)
                                  0xf (size before relaxing)
 .rodata.str1.1
                0x00006fd3        0x8 c:/program files (x86)/cypress/psoc creator/3.3/psoc creator/import/gnu/arm/4.9.3/bin/../lib/gcc/arm-none-eabi/4.9.3/../../../../arm-none-eabi/lib/armv7-m\libg_nano.a(lib_a-locale.o)
                                  0xb (size before relaxing)
 *fill*         0x00006fdb        0x5 
 .rodata.__mprec_tens
                0x00006fe0       0xc8 c:/program files (x86)/cypress/psoc creator/3.3/psoc creator/import/gnu/arm/4.9.3/bin/../lib/gcc/arm-none-eabi/4.9.3/../../../../arm-none-eabi/lib/armv7-m\libg_nano.a(lib_a-mprec.o)
                0x00006fe0                __mprec_tens
 .rodata.__mprec_bigtens
                0x000070a8       0x28 c:/program files (x86)/cypress/psoc creator/3.3/psoc creator/import/gnu/arm/4.9.3/bin/../lib/gcc/arm-none-eabi/4.9.3/../../../../arm-none-eabi/lib/armv7-m\libg_nano.a(lib_a-mprec.o)
                0x000070a8                __mprec_bigtens
 .rodata.p05.5308
                0x000070d0        0xc c:/program files (x86)/cypress/psoc creator/3.3/psoc creator/import/gnu/arm/4.9.3/bin/../lib/gcc/arm-none-eabi/4.9.3/../../../../arm-none-eabi/lib/armv7-m\libg_nano.a(lib_a-mprec.o)
 .rodata.str1.1
                0x000070dc       0x11 c:/program files (x86)/cypress/psoc creator/3.3/psoc creator/import/gnu/arm/4.9.3/bin/../lib/gcc/arm-none-eabi/4.9.3/../../../../arm-none-eabi/lib/armv7-m\libg_nano.a(lib_a-nano-svfprintf.o)
                0x000070f0                . = ALIGN (0x4)
 *fill*         0x000070ed        0x3 
 *(.init)
 .init          0x000070f0        0x4 c:/program files (x86)/cypress/psoc creator/3.3/psoc creator/import/gnu/arm/4.9.3/bin/../lib/gcc/arm-none-eabi/4.9.3/armv7-m/crti.o
                0x000070f0                _init
 .init          0x000070f4        0x8 c:/program files (x86)/cypress/psoc creator/3.3/psoc creator/import/gnu/arm/4.9.3/bin/../lib/gcc/arm-none-eabi/4.9.3/armv7-m/crtn.o
                0x000070fc                . = ALIGN (0x4)
                0x000070fc                __preinit_array_start = .
 *(.preinit_array)
                0x000070fc                __preinit_array_end = .
                0x000070fc                . = ALIGN (0x4)
                0x000070fc                __init_array_start = .
 *(SORT(.init_array.*))
 *(.init_array)
 .init_array    0x000070fc        0x4 c:/program files (x86)/cypress/psoc creator/3.3/psoc creator/import/gnu/arm/4.9.3/bin/../lib/gcc/arm-none-eabi/4.9.3/armv7-m/crtbegin.o
 .init_array    0x00007100        0x4 .\CortexM3\ARM_GCC_493\Debug\Cm3Start.o
                0x00007104                __init_array_end = .
                0x00007104                . = ALIGN (0x4)
 *(.fini)
 .fini          0x00007104        0x4 c:/program files (x86)/cypress/psoc creator/3.3/psoc creator/import/gnu/arm/4.9.3/bin/../lib/gcc/arm-none-eabi/4.9.3/armv7-m/crti.o
                0x00007104                _fini
 .fini          0x00007108        0x8 c:/program files (x86)/cypress/psoc creator/3.3/psoc creator/import/gnu/arm/4.9.3/bin/../lib/gcc/arm-none-eabi/4.9.3/armv7-m/crtn.o
                0x00007110                . = ALIGN (0x4)
                0x00007110                __fini_array_start = .
 *(.fini_array)
 .fini_array    0x00007110        0x4 c:/program files (x86)/cypress/psoc creator/3.3/psoc creator/import/gnu/arm/4.9.3/bin/../lib/gcc/arm-none-eabi/4.9.3/armv7-m/crtbegin.o
 *(SORT(.fini_array.*))
                0x00007114                __fini_array_end = .
                0x00007114                . = ALIGN (0x4)
 *crtbegin.o(.ctors)
 *(EXCLUDE_FILE(*crtend.o) .ctors)
 *(SORT(.ctors.*))
 *crtend.o(.ctors)
                0x00007114                . = ALIGN (0x4)
 *crtbegin.o(.dtors)
 *(EXCLUDE_FILE(*crtend.o) .dtors)
 *(SORT(.dtors.*))
 *crtend.o(.dtors)
                0x00007114                . = ALIGN (0x4)
                0x00007114                __cy_regions = .
                0x00007114        0x4 LONG 0x7128 __cy_region_init_ram
                0x00007118        0x4 LONG 0x1fff8108 __cy_region_start_data
                0x0000711c        0x4 LONG 0x118 __cy_region_init_size_ram
                0x00007120        0x4 LONG 0x81c8 __cy_region_zero_size_ram
                0x00007124                __cy_regions_end = .
                0x00007128                . = ALIGN (0x8)
 *fill*         0x00007124        0x4 
                0x00007128                _etext = .

.cy_checksum_exclude
                0x00007128        0x0
 *(.cy_checksum_exclude)

.ramvectors     0x1fff8000      0x100
                0x1fff8000                __cy_region_start_ram = .
 *(.ramvectors)
 .ramvectors    0x1fff8000      0x100 .\CortexM3\ARM_GCC_493\Debug\Cm3Start.o
                0x1fff8000                CyRamVectors

.noinit         0x1fff8100        0x5
 *(.noinit)
 .noinit        0x1fff8100        0x4 .\CortexM3\ARM_GCC_493\Debug\Cm3Start.o
 .noinit        0x1fff8104        0x1 .\CortexM3\ARM_GCC_493\Debug\CY8CKIT-059_Beacon.a(CyLib.o)
                0x1fff8104                CyResetStatus

.data           0x1fff8108      0x118 load address 0x00007128
                0x1fff8108                __cy_region_start_data = .
 *(.jcr)
 .jcr           0x1fff8108        0x0 c:/program files (x86)/cypress/psoc creator/3.3/psoc creator/import/gnu/arm/4.9.3/bin/../lib/gcc/arm-none-eabi/4.9.3/armv7-m/crtbegin.o
 .jcr           0x1fff8108        0x4 c:/program files (x86)/cypress/psoc creator/3.3/psoc creator/import/gnu/arm/4.9.3/bin/../lib/gcc/arm-none-eabi/4.9.3/armv7-m/crtend.o
 *(.got.plt)
 *(.got)
 *(.shdata)
 *(.data .data.* .gnu.linkonce.d.*)
 .data          0x1fff810c        0x4 .\CortexM3\ARM_GCC_493\Debug\port.o
 .data          0x1fff8110        0x4 .\CortexM3\ARM_GCC_493\Debug\heap_2.o
 .data          0x1fff8114        0x2 .\CortexM3\ARM_GCC_493\Debug\I2C_CLCD.o
                0x1fff8114                I2C_CLCD_BackLight
                0x1fff8115                slaveAddress
 .data          0x1fff8116        0x1 .\CortexM3\ARM_GCC_493\Debug\key.o
 *fill*         0x1fff8117        0x1 
 .data          0x1fff8118       0x18 .\CortexM3\ARM_GCC_493\Debug\main.o
                0x1fff8118                STATION_FREQ
                0x1fff8120                OFFSET_FREQ
                0x1fff8128                STATION_NAME
 .data          0x1fff8130        0x4 .\CortexM3\ARM_GCC_493\Debug\Cm3Start.o
 .data          0x1fff8134        0x8 .\CortexM3\ARM_GCC_493\Debug\CY8CKIT-059_Beacon.a(CyDmac.o)
 .data          0x1fff813c       0x10 .\CortexM3\ARM_GCC_493\Debug\CY8CKIT-059_Beacon.a(CyLib.o)
                0x1fff813c                cydelay_32k_ms
                0x1fff8140                cydelay_freq_khz
                0x1fff8144                cydelay_freq_mhz
                0x1fff8148                cydelay_freq_hz
 .data          0x1fff814c        0x1 .\CortexM3\ARM_GCC_493\Debug\CY8CKIT-059_Beacon.a(DMA_1_dma.o)
                0x1fff814c                DMA_1_DmaHandle
 .data          0x1fff814d        0x1 .\CortexM3\ARM_GCC_493\Debug\CY8CKIT-059_Beacon.a(DMA_2_dma.o)
                0x1fff814d                DMA_2_DmaHandle
 *fill*         0x1fff814e        0x2 
 .data          0x1fff8150       0x14 .\CortexM3\ARM_GCC_493\Debug\CY8CKIT-059_Beacon.a(DVDAC_1.o)
 .data          0x1fff8164        0x1 .\CortexM3\ARM_GCC_493\Debug\CY8CKIT-059_Beacon.a(DVDAC_1_DMA_dma.o)
                0x1fff8164                DVDAC_1_DMA_DmaHandle
 *fill*         0x1fff8165        0x3 
 .data          0x1fff8168       0x14 .\CortexM3\ARM_GCC_493\Debug\CY8CKIT-059_Beacon.a(DVDAC_2.o)
 .data          0x1fff817c        0x1 .\CortexM3\ARM_GCC_493\Debug\CY8CKIT-059_Beacon.a(DVDAC_2_DMA_dma.o)
                0x1fff817c                DVDAC_2_DMA_DmaHandle
 *fill*         0x1fff817d        0x3 
 .data.impure_data
                0x1fff8180       0x60 c:/program files (x86)/cypress/psoc creator/3.3/psoc creator/import/gnu/arm/4.9.3/bin/../lib/gcc/arm-none-eabi/4.9.3/../../../../arm-none-eabi/lib/armv7-m\libg_nano.a(lib_a-impure.o)
 .data._impure_ptr
                0x1fff81e0        0x4 c:/program files (x86)/cypress/psoc creator/3.3/psoc creator/import/gnu/arm/4.9.3/bin/../lib/gcc/arm-none-eabi/4.9.3/../../../../arm-none-eabi/lib/armv7-m\libg_nano.a(lib_a-impure.o)
                0x1fff81e0                _impure_ptr
 .data.lconv    0x1fff81e4       0x38 c:/program files (x86)/cypress/psoc creator/3.3/psoc creator/import/gnu/arm/4.9.3/bin/../lib/gcc/arm-none-eabi/4.9.3/../../../../arm-none-eabi/lib/armv7-m\libg_nano.a(lib_a-locale.o)
                0x1fff8220                . = ALIGN (0x8)
 *fill*         0x1fff821c        0x4 
 *(.ram)
                0x1fff8220                _edata = .

.igot.plt       0x1fff8220        0x0 load address 0x00007240
 .igot.plt      0x00000000        0x0 c:/program files (x86)/cypress/psoc creator/3.3/psoc creator/import/gnu/arm/4.9.3/bin/../lib/gcc/arm-none-eabi/4.9.3/armv7-m/crtbegin.o

.bss            0x1fff8220     0x81c8 load address 0x00007240
                0x1fff8220                PROVIDE (__bss_start__, .)
 *(.shbss)
 *(.bss .bss.* .gnu.linkonce.b.*)
 .bss           0x1fff8220       0x1c c:/program files (x86)/cypress/psoc creator/3.3/psoc creator/import/gnu/arm/4.9.3/bin/../lib/gcc/arm-none-eabi/4.9.3/armv7-m/crtbegin.o
 .bss           0x1fff823c      0x100 .\CortexM3\ARM_GCC_493\Debug\tasks.o
                0x1fff8310                pxCurrentTCB
 .bss           0x1fff833c     0x8014 .\CortexM3\ARM_GCC_493\Debug\heap_2.o
 .bss           0x20000350        0x2 .\CortexM3\ARM_GCC_493\Debug\I2C_CLCD.o
                0x20000350                I2C_CLCD_enableState
                0x20000351                I2C_CLCD_initVar
 *fill*         0x20000352        0x2 
 .bss           0x20000354       0x10 .\CortexM3\ARM_GCC_493\Debug\key.o
 .bss           0x20000364        0x1 .\CortexM3\ARM_GCC_493\Debug\CY8CKIT-059_Beacon.a(SPIM.o)
                0x20000364                SPIM_initVar
 .bss           0x20000365        0x1 .\CortexM3\ARM_GCC_493\Debug\CY8CKIT-059_Beacon.a(Comp_1.o)
                0x20000365                Comp_1_initVar
 .bss           0x20000366        0x1 .\CortexM3\ARM_GCC_493\Debug\CY8CKIT-059_Beacon.a(ADC_SAR_1.o)
                0x20000366                ADC_SAR_1_initVar
 .bss           0x20000367        0x1 .\CortexM3\ARM_GCC_493\Debug\CY8CKIT-059_Beacon.a(ADC_SAR_2.o)
                0x20000367                ADC_SAR_2_initVar
 .bss           0x20000368        0x1 .\CortexM3\ARM_GCC_493\Debug\CY8CKIT-059_Beacon.a(Mixer_2.o)
                0x20000368                Mixer_2_initVar
 .bss           0x20000369        0x1 .\CortexM3\ARM_GCC_493\Debug\CY8CKIT-059_Beacon.a(Mixer_1.o)
                0x20000369                Mixer_1_initVar
 .bss           0x2000036a        0x1 .\CortexM3\ARM_GCC_493\Debug\CY8CKIT-059_Beacon.a(PGA_1.o)
                0x2000036a                PGA_1_initVar
 .bss           0x2000036b        0x1 .\CortexM3\ARM_GCC_493\Debug\CY8CKIT-059_Beacon.a(Filter_1.o)
                0x2000036b                Filter_1_initVar
 .bss           0x2000036c        0x1 .\CortexM3\ARM_GCC_493\Debug\CY8CKIT-059_Beacon.a(I2C_1.o)
                0x2000036c                I2C_1_initVar
 .bss           0x2000036d        0x1 .\CortexM3\ARM_GCC_493\Debug\CY8CKIT-059_Beacon.a(PGA_2.o)
                0x2000036d                PGA_2_initVar
 .bss           0x2000036e        0x2 .\CortexM3\ARM_GCC_493\Debug\CY8CKIT-059_Beacon.a(DVDAC_1.o)
                0x2000036f                DVDAC_1_initVar
 .bss           0x20000370        0x2 .\CortexM3\ARM_GCC_493\Debug\CY8CKIT-059_Beacon.a(DVDAC_2.o)
                0x20000371                DVDAC_2_initVar
 *fill*         0x20000372        0x2 
 .bss.__malloc_sbrk_start
                0x20000374        0x4 c:/program files (x86)/cypress/psoc creator/3.3/psoc creator/import/gnu/arm/4.9.3/bin/../lib/gcc/arm-none-eabi/4.9.3/../../../../arm-none-eabi/lib/armv7-m\libg_nano.a(lib_a-nano-mallocr.o)
                0x20000374                __malloc_sbrk_start
 .bss.__malloc_free_list
                0x20000378        0x4 c:/program files (x86)/cypress/psoc creator/3.3/psoc creator/import/gnu/arm/4.9.3/bin/../lib/gcc/arm-none-eabi/4.9.3/../../../../arm-none-eabi/lib/armv7-m\libg_nano.a(lib_a-nano-mallocr.o)
                0x20000378                __malloc_free_list
 *(COMMON)
 COMMON         0x2000037c        0x2 .\CortexM3\ARM_GCC_493\Debug\key.o
                0x2000037c                gKey
 *fill*         0x2000037e        0x2 
 COMMON         0x20000380       0x20 .\CortexM3\ARM_GCC_493\Debug\main.o
                0x20000380                xQueue_ADC_SAR
                0x20000388                xQueue_LEVEL
                0x20000390                xQueue_FREQ
                0x20000394                xQueue_KEY
                0x2000039c                xQueue_ROT
 COMMON         0x200003a0       0x17 .\CortexM3\ARM_GCC_493\Debug\CY8CKIT-059_Beacon.a(SPIM.o)
                0x200003a0                SPIM_rxBufferFull
                0x200003a4                SPIM_txBuffer
                0x200003a9                SPIM_swStatusTx
                0x200003ac                SPIM_rxBuffer
                0x200003b1                SPIM_txBufferFull
                0x200003b2                SPIM_txBufferRead
                0x200003b3                SPIM_rxBufferWrite
                0x200003b4                SPIM_txBufferWrite
                0x200003b5                SPIM_rxBufferRead
                0x200003b6                SPIM_swStatusRx
 *fill*         0x200003b7        0x1 
 COMMON         0x200003b8        0xa .\CortexM3\ARM_GCC_493\Debug\CY8CKIT-059_Beacon.a(ADC_SAR_1.o)
                0x200003b8                ADC_SAR_1_countsPerVolt
                0x200003ba                ADC_SAR_1_shift
                0x200003bc                ADC_SAR_1_countsPer10Volt
                0x200003c0                ADC_SAR_1_offset
 *fill*         0x200003c2        0x2 
 COMMON         0x200003c4        0xa .\CortexM3\ARM_GCC_493\Debug\CY8CKIT-059_Beacon.a(ADC_SAR_2.o)
                0x200003c4                ADC_SAR_2_countsPer10Volt
                0x200003c8                ADC_SAR_2_shift
                0x200003ca                ADC_SAR_2_offset
                0x200003cc                ADC_SAR_2_countsPerVolt
 COMMON         0x200003ce        0x1 .\CortexM3\ARM_GCC_493\Debug\CY8CKIT-059_Beacon.a(I2C_1.o)
                0x200003ce                I2C_1_state
 *fill*         0x200003cf        0x1 
 COMMON         0x200003d0       0x11 .\CortexM3\ARM_GCC_493\Debug\CY8CKIT-059_Beacon.a(I2C_1_MASTER.o)
                0x200003d0                I2C_1_mstrWrBufIndex
                0x200003d1                I2C_1_mstrControl
                0x200003d2                I2C_1_mstrStatus
                0x200003d3                I2C_1_mstrWrBufSize
                0x200003d4                I2C_1_mstrRdBufIndex
                0x200003d8                I2C_1_mstrWrBufPtr
                0x200003dc                I2C_1_mstrRdBufPtr
                0x200003e0                I2C_1_mstrRdBufSize
 *fill*         0x200003e1        0x3 
 COMMON         0x200003e4        0x4 c:/program files (x86)/cypress/psoc creator/3.3/psoc creator/import/gnu/arm/4.9.3/bin/../lib/gcc/arm-none-eabi/4.9.3/../../../../arm-none-eabi/lib/armv7-m\libg_nano.a(lib_a-reent.o)
                0x200003e4                errno
                0x200003e8                . = ALIGN (0x8)
 *(.ram.b)
                0x200003e8                _end = .
                0x200003e8                __end = .
                0x200003e8                PROVIDE (end, .)
                0x200003e8                PROVIDE (__bss_end__, .)
                0x00007128                __cy_region_init_ram = LOADADDR (.data)
                0x00000118                __cy_region_init_size_ram = (_edata - ADDR (.data))
                0x000081c8                __cy_region_zero_size_ram = (_end - _edata)

.heap           0x200003e8     0x1000 load address 0x00007240
                0x200003e8                . = _end
                0x200013e8                . = (. + 0x1000)
 *fill*         0x200003e8     0x1000 
                0x200013e8                __cy_heap_limit = .

.stack          0x20006000     0x2000
                0x20006000                __cy_stack_limit = .
                0x20008000                . = (. + 0x2000)
 *fill*         0x20006000     0x2000 
                0x00000001                ASSERT ((__cy_stack_limit >= __cy_heap_limit), region RAM overflowed with stack)
                0x00000000                cy_checksum_exclude_size = (CY_APPL_LOADABLE == 0x1)?SIZEOF (.cy_checksum_exclude):0x0
                0x00000001                ASSERT ((cy_checksum_exclude_size <= CY_CHECKSUM_EXCLUDE_SIZE), CY_BOOT: Section .cy_checksum_exclude size exceedes specified limit.)

.cyloadermeta
 *(.cyloadermeta)

.cyloadablemeta
 *(.cyloadablemeta)

.cyconfigecc    0x80000000      0x434
 *(.cyconfigecc)
 .cyconfigecc   0x80000000      0x434 .\CortexM3\ARM_GCC_493\Debug\cymetadata.o
                0x80000000                cy_meta_configecc

.cycustnvl      0x90000000        0x4
 *(.cycustnvl)
 .cycustnvl     0x90000000        0x4 .\CortexM3\ARM_GCC_493\Debug\cymetadata.o
                0x90000000                cy_meta_custnvl

.cywolatch      0x90100000        0x4
 *(.cywolatch)
 .cywolatch     0x90100000        0x4 .\CortexM3\ARM_GCC_493\Debug\cymetadata.o
                0x90100000                cy_meta_wonvl

.cyeeprom       0x90200000        0x0
 *(.cyeeprom)
                0x00000001                ASSERT ((. <= ((0x90200000 + ee_offset) + ee_size)), .cyeeprom data will not fit in EEPROM)

.cyflashprotect
                0x90400000      0x100
 *(.cyflashprotect)
 .cyflashprotect
                0x90400000      0x100 .\CortexM3\ARM_GCC_493\Debug\cymetadata.o
                0x90400000                cy_meta_flashprotect

.cymeta         0x90500000        0xc
 *(.cymeta)
 .cymeta        0x90500000        0xc .\CortexM3\ARM_GCC_493\Debug\cymetadata.o
                0x90500000                cy_metadata

.rel.dyn        0x00007240        0x0 load address 0x9050000c
 .rel.iplt      0x00000000        0x0 c:/program files (x86)/cypress/psoc creator/3.3/psoc creator/import/gnu/arm/4.9.3/bin/../lib/gcc/arm-none-eabi/4.9.3/armv7-m/crtbegin.o

.stab
 *(.stab)

.stabstr
 *(.stabstr)

.debug
 *(.debug)

.line
 *(.line)

.debug_srcinfo
 *(.debug_srcinfo)

.debug_sfnames
 *(.debug_sfnames)

.debug_aranges  0x00000000     0x1698
 *(.debug_aranges)
 .debug_aranges
                0x00000000       0x18 .\CortexM3\ARM_GCC_493\Debug\croutine.o
 .debug_aranges
                0x00000018       0x68 .\CortexM3\ARM_GCC_493\Debug\event_groups.o
 .debug_aranges
                0x00000080       0x40 .\CortexM3\ARM_GCC_493\Debug\list.o
 .debug_aranges
                0x000000c0       0x88 .\CortexM3\ARM_GCC_493\Debug\port.o
 .debug_aranges
                0x00000148       0xe0 .\CortexM3\ARM_GCC_493\Debug\queue.o
 .debug_aranges
                0x00000228      0x1a0 .\CortexM3\ARM_GCC_493\Debug\tasks.o
 .debug_aranges
                0x000003c8       0x18 .\CortexM3\ARM_GCC_493\Debug\timers.o
 .debug_aranges
                0x000003e0       0x40 .\CortexM3\ARM_GCC_493\Debug\heap_2.o
 .debug_aranges
                0x00000420       0x28 .\CortexM3\ARM_GCC_493\Debug\rot.o
 .debug_aranges
                0x00000448       0x98 .\CortexM3\ARM_GCC_493\Debug\I2C_CLCD.o
 .debug_aranges
                0x000004e0       0x30 .\CortexM3\ARM_GCC_493\Debug\key.o
 .debug_aranges
                0x00000510       0x80 .\CortexM3\ARM_GCC_493\Debug\main.o
 .debug_aranges
                0x00000590       0x18 .\CortexM3\ARM_GCC_493\Debug\cymetadata.o
 .debug_aranges
                0x000005a8       0x48 .\CortexM3\ARM_GCC_493\Debug\Cm3Start.o
 .debug_aranges
                0x000005f0       0x58 .\CortexM3\ARM_GCC_493\Debug\CY8CKIT-059_Beacon.a(cyfitter_cfg.o)
 .debug_aranges
                0x00000648       0x38 .\CortexM3\ARM_GCC_493\Debug\CY8CKIT-059_Beacon.a(LED.o)
 .debug_aranges
                0x00000680       0x20 .\CortexM3\ARM_GCC_493\Debug\CY8CKIT-059_Beacon.a(CyBootAsmGnu.o)
 .debug_aranges
                0x000006a0       0xd8 .\CortexM3\ARM_GCC_493\Debug\CY8CKIT-059_Beacon.a(CyDmac.o)
 .debug_aranges
                0x00000778      0x298 .\CortexM3\ARM_GCC_493\Debug\CY8CKIT-059_Beacon.a(CyLib.o)
 .debug_aranges
                0x00000a10       0x98 .\CortexM3\ARM_GCC_493\Debug\CY8CKIT-059_Beacon.a(cyPm.o)
 .debug_aranges
                0x00000aa8       0xd8 .\CortexM3\ARM_GCC_493\Debug\CY8CKIT-059_Beacon.a(SPIM.o)
 .debug_aranges
                0x00000b80       0x28 .\CortexM3\ARM_GCC_493\Debug\CY8CKIT-059_Beacon.a(SPIM_INT.o)
 .debug_aranges
                0x00000ba8       0x70 .\CortexM3\ARM_GCC_493\Debug\CY8CKIT-059_Beacon.a(Comp_1.o)
 .debug_aranges
                0x00000c18       0x98 .\CortexM3\ARM_GCC_493\Debug\CY8CKIT-059_Beacon.a(ADC_SAR_1.o)
 .debug_aranges
                0x00000cb0       0x20 .\CortexM3\ARM_GCC_493\Debug\CY8CKIT-059_Beacon.a(ADC_SAR_1_INT.o)
 .debug_aranges
                0x00000cd0       0x98 .\CortexM3\ARM_GCC_493\Debug\CY8CKIT-059_Beacon.a(ADC_SAR_2.o)
 .debug_aranges
                0x00000d68       0x20 .\CortexM3\ARM_GCC_493\Debug\CY8CKIT-059_Beacon.a(ADC_SAR_2_INT.o)
 .debug_aranges
                0x00000d88       0x28 .\CortexM3\ARM_GCC_493\Debug\CY8CKIT-059_Beacon.a(DMA_1_dma.o)
 .debug_aranges
                0x00000db0       0x28 .\CortexM3\ARM_GCC_493\Debug\CY8CKIT-059_Beacon.a(DMA_2_dma.o)
 .debug_aranges
                0x00000dd8       0x40 .\CortexM3\ARM_GCC_493\Debug\CY8CKIT-059_Beacon.a(Mixer_2.o)
 .debug_aranges
                0x00000e18       0x40 .\CortexM3\ARM_GCC_493\Debug\CY8CKIT-059_Beacon.a(Mixer_1.o)
 .debug_aranges
                0x00000e58       0x48 .\CortexM3\ARM_GCC_493\Debug\CY8CKIT-059_Beacon.a(PGA_1.o)
 .debug_aranges
                0x00000ea0       0x80 .\CortexM3\ARM_GCC_493\Debug\CY8CKIT-059_Beacon.a(Filter_1.o)
 .debug_aranges
                0x00000f20       0x28 .\CortexM3\ARM_GCC_493\Debug\CY8CKIT-059_Beacon.a(Filter_1_PVT.o)
 .debug_aranges
                0x00000f48       0x18 .\CortexM3\ARM_GCC_493\Debug\CY8CKIT-059_Beacon.a(Filter_1_RAM_Data.o)
 .debug_aranges
                0x00000f60       0x80 .\CortexM3\ARM_GCC_493\Debug\CY8CKIT-059_Beacon.a(isr_filter.o)
 .debug_aranges
                0x00000fe0       0x70 .\CortexM3\ARM_GCC_493\Debug\CY8CKIT-059_Beacon.a(ADC_SAR_1_theACLK.o)
 .debug_aranges
                0x00001050       0x70 .\CortexM3\ARM_GCC_493\Debug\CY8CKIT-059_Beacon.a(ADC_SAR_2_theACLK.o)
 .debug_aranges
                0x000010c0       0x38 .\CortexM3\ARM_GCC_493\Debug\CY8CKIT-059_Beacon.a(PI_KEY_0.o)
 .debug_aranges
                0x000010f8       0x38 .\CortexM3\ARM_GCC_493\Debug\CY8CKIT-059_Beacon.a(PI_KEY_1.o)
 .debug_aranges
                0x00001130       0x38 .\CortexM3\ARM_GCC_493\Debug\CY8CKIT-059_Beacon.a(ROT_B.o)
 .debug_aranges
                0x00001168       0x38 .\CortexM3\ARM_GCC_493\Debug\CY8CKIT-059_Beacon.a(ROT_A.o)
 .debug_aranges
                0x000011a0       0x38 .\CortexM3\ARM_GCC_493\Debug\CY8CKIT-059_Beacon.a(I2C_1.o)
 .debug_aranges
                0x000011d8       0x20 .\CortexM3\ARM_GCC_493\Debug\CY8CKIT-059_Beacon.a(I2C_1_INT.o)
 .debug_aranges
                0x000011f8       0x38 .\CortexM3\ARM_GCC_493\Debug\CY8CKIT-059_Beacon.a(I2C_1_PM.o)
 .debug_aranges
                0x00001230       0x80 .\CortexM3\ARM_GCC_493\Debug\CY8CKIT-059_Beacon.a(I2C_1_MASTER.o)
 .debug_aranges
                0x000012b0       0x48 .\CortexM3\ARM_GCC_493\Debug\CY8CKIT-059_Beacon.a(PGA_2.o)
 .debug_aranges
                0x000012f8       0x38 .\CortexM3\ARM_GCC_493\Debug\CY8CKIT-059_Beacon.a(MON_1.o)
 .debug_aranges
                0x00001330       0x48 .\CortexM3\ARM_GCC_493\Debug\CY8CKIT-059_Beacon.a(DVDAC_1.o)
 .debug_aranges
                0x00001378       0x28 .\CortexM3\ARM_GCC_493\Debug\CY8CKIT-059_Beacon.a(DVDAC_1_DMA_dma.o)
 .debug_aranges
                0x000013a0       0x58 .\CortexM3\ARM_GCC_493\Debug\CY8CKIT-059_Beacon.a(DVDAC_1_VDAC8.o)
 .debug_aranges
                0x000013f8       0x70 .\CortexM3\ARM_GCC_493\Debug\CY8CKIT-059_Beacon.a(DVDAC_1_IntClock.o)
 .debug_aranges
                0x00001468       0x48 .\CortexM3\ARM_GCC_493\Debug\CY8CKIT-059_Beacon.a(DVDAC_2.o)
 .debug_aranges
                0x000014b0       0x28 .\CortexM3\ARM_GCC_493\Debug\CY8CKIT-059_Beacon.a(DVDAC_2_DMA_dma.o)
 .debug_aranges
                0x000014d8       0x58 .\CortexM3\ARM_GCC_493\Debug\CY8CKIT-059_Beacon.a(DVDAC_2_VDAC8.o)
 .debug_aranges
                0x00001530       0x70 .\CortexM3\ARM_GCC_493\Debug\CY8CKIT-059_Beacon.a(DVDAC_2_IntClock.o)
 .debug_aranges
                0x000015a0       0x80 .\CortexM3\ARM_GCC_493\Debug\CY8CKIT-059_Beacon.a(CyFlash.o)
 .debug_aranges
                0x00001620       0x78 .\CortexM3\ARM_GCC_493\Debug\CY8CKIT-059_Beacon.a(CySpc.o)

.debug_pubnames
 *(.debug_pubnames)

.debug_info     0x00000000     0xfd51
 *(.debug_info .gnu.linkonce.wi.*)
 .debug_info    0x00000000       0xa7 .\CortexM3\ARM_GCC_493\Debug\croutine.o
 .debug_info    0x000000a7      0x906 .\CortexM3\ARM_GCC_493\Debug\event_groups.o
 .debug_info    0x000009ad      0x2d3 .\CortexM3\ARM_GCC_493\Debug\list.o
 .debug_info    0x00000c80      0x2f0 .\CortexM3\ARM_GCC_493\Debug\port.o
 .debug_info    0x00000f70     0x1311 .\CortexM3\ARM_GCC_493\Debug\queue.o
 .debug_info    0x00002281     0x1f02 .\CortexM3\ARM_GCC_493\Debug\tasks.o
 .debug_info    0x00004183       0xa7 .\CortexM3\ARM_GCC_493\Debug\timers.o
 .debug_info    0x0000422a      0x384 .\CortexM3\ARM_GCC_493\Debug\heap_2.o
 .debug_info    0x000045ae      0x232 .\CortexM3\ARM_GCC_493\Debug\rot.o
 .debug_info    0x000047e0      0x869 .\CortexM3\ARM_GCC_493\Debug\I2C_CLCD.o
 .debug_info    0x00005049      0x32c .\CortexM3\ARM_GCC_493\Debug\key.o
 .debug_info    0x00005375     0x1546 .\CortexM3\ARM_GCC_493\Debug\main.o
 .debug_info    0x000068bb      0x13b .\CortexM3\ARM_GCC_493\Debug\cymetadata.o
 .debug_info    0x000069f6      0x3b5 .\CortexM3\ARM_GCC_493\Debug\Cm3Start.o
 .debug_info    0x00006dab      0x6be .\CortexM3\ARM_GCC_493\Debug\CY8CKIT-059_Beacon.a(cyfitter_cfg.o)
 .debug_info    0x00007469      0x11f .\CortexM3\ARM_GCC_493\Debug\CY8CKIT-059_Beacon.a(LED.o)
 .debug_info    0x00007588       0xa1 .\CortexM3\ARM_GCC_493\Debug\CY8CKIT-059_Beacon.a(CyBootAsmGnu.o)
 .debug_info    0x00007629      0x944 .\CortexM3\ARM_GCC_493\Debug\CY8CKIT-059_Beacon.a(CyDmac.o)
 .debug_info    0x00007f6d     0x1371 .\CortexM3\ARM_GCC_493\Debug\CY8CKIT-059_Beacon.a(CyLib.o)
 .debug_info    0x000092de      0xa58 .\CortexM3\ARM_GCC_493\Debug\CY8CKIT-059_Beacon.a(cyPm.o)
 .debug_info    0x00009d36      0x709 .\CortexM3\ARM_GCC_493\Debug\CY8CKIT-059_Beacon.a(SPIM.o)
 .debug_info    0x0000a43f      0x186 .\CortexM3\ARM_GCC_493\Debug\CY8CKIT-059_Beacon.a(SPIM_INT.o)
 .debug_info    0x0000a5c5      0x2c3 .\CortexM3\ARM_GCC_493\Debug\CY8CKIT-059_Beacon.a(Comp_1.o)
 .debug_info    0x0000a888      0x5d4 .\CortexM3\ARM_GCC_493\Debug\CY8CKIT-059_Beacon.a(ADC_SAR_1.o)
 .debug_info    0x0000ae5c       0x92 .\CortexM3\ARM_GCC_493\Debug\CY8CKIT-059_Beacon.a(ADC_SAR_1_INT.o)
 .debug_info    0x0000aeee      0x5d4 .\CortexM3\ARM_GCC_493\Debug\CY8CKIT-059_Beacon.a(ADC_SAR_2.o)
 .debug_info    0x0000b4c2       0x92 .\CortexM3\ARM_GCC_493\Debug\CY8CKIT-059_Beacon.a(ADC_SAR_2_INT.o)
 .debug_info    0x0000b554      0x1fd .\CortexM3\ARM_GCC_493\Debug\CY8CKIT-059_Beacon.a(DMA_1_dma.o)
 .debug_info    0x0000b751      0x1fd .\CortexM3\ARM_GCC_493\Debug\CY8CKIT-059_Beacon.a(DMA_2_dma.o)
 .debug_info    0x0000b94e      0x16c .\CortexM3\ARM_GCC_493\Debug\CY8CKIT-059_Beacon.a(Mixer_2.o)
 .debug_info    0x0000baba      0x16c .\CortexM3\ARM_GCC_493\Debug\CY8CKIT-059_Beacon.a(Mixer_1.o)
 .debug_info    0x0000bc26      0x1c7 .\CortexM3\ARM_GCC_493\Debug\CY8CKIT-059_Beacon.a(PGA_1.o)
 .debug_info    0x0000bded      0x4cd .\CortexM3\ARM_GCC_493\Debug\CY8CKIT-059_Beacon.a(Filter_1.o)
 .debug_info    0x0000c2ba       0xeb .\CortexM3\ARM_GCC_493\Debug\CY8CKIT-059_Beacon.a(Filter_1_PVT.o)
 .debug_info    0x0000c3a5      0x12b .\CortexM3\ARM_GCC_493\Debug\CY8CKIT-059_Beacon.a(Filter_1_RAM_Data.o)
 .debug_info    0x0000c4d0      0x2cb .\CortexM3\ARM_GCC_493\Debug\CY8CKIT-059_Beacon.a(isr_filter.o)
 .debug_info    0x0000c79b      0x283 .\CortexM3\ARM_GCC_493\Debug\CY8CKIT-059_Beacon.a(ADC_SAR_1_theACLK.o)
 .debug_info    0x0000ca1e      0x283 .\CortexM3\ARM_GCC_493\Debug\CY8CKIT-059_Beacon.a(ADC_SAR_2_theACLK.o)
 .debug_info    0x0000cca1      0x11f .\CortexM3\ARM_GCC_493\Debug\CY8CKIT-059_Beacon.a(PI_KEY_0.o)
 .debug_info    0x0000cdc0      0x11f .\CortexM3\ARM_GCC_493\Debug\CY8CKIT-059_Beacon.a(PI_KEY_1.o)
 .debug_info    0x0000cedf      0x11f .\CortexM3\ARM_GCC_493\Debug\CY8CKIT-059_Beacon.a(ROT_B.o)
 .debug_info    0x0000cffe      0x11f .\CortexM3\ARM_GCC_493\Debug\CY8CKIT-059_Beacon.a(ROT_A.o)
 .debug_info    0x0000d11d      0x2d9 .\CortexM3\ARM_GCC_493\Debug\CY8CKIT-059_Beacon.a(I2C_1.o)
 .debug_info    0x0000d3f6      0x17f .\CortexM3\ARM_GCC_493\Debug\CY8CKIT-059_Beacon.a(I2C_1_INT.o)
 .debug_info    0x0000d575      0x1fe .\CortexM3\ARM_GCC_493\Debug\CY8CKIT-059_Beacon.a(I2C_1_PM.o)
 .debug_info    0x0000d773      0x400 .\CortexM3\ARM_GCC_493\Debug\CY8CKIT-059_Beacon.a(I2C_1_MASTER.o)
 .debug_info    0x0000db73      0x1c7 .\CortexM3\ARM_GCC_493\Debug\CY8CKIT-059_Beacon.a(PGA_2.o)
 .debug_info    0x0000dd3a      0x11f .\CortexM3\ARM_GCC_493\Debug\CY8CKIT-059_Beacon.a(MON_1.o)
 .debug_info    0x0000de59      0x3a4 .\CortexM3\ARM_GCC_493\Debug\CY8CKIT-059_Beacon.a(DVDAC_1.o)
 .debug_info    0x0000e1fd      0x1f9 .\CortexM3\ARM_GCC_493\Debug\CY8CKIT-059_Beacon.a(DVDAC_1_DMA_dma.o)
 .debug_info    0x0000e3f6      0x1dd .\CortexM3\ARM_GCC_493\Debug\CY8CKIT-059_Beacon.a(DVDAC_1_VDAC8.o)
 .debug_info    0x0000e5d3      0x283 .\CortexM3\ARM_GCC_493\Debug\CY8CKIT-059_Beacon.a(DVDAC_1_IntClock.o)
 .debug_info    0x0000e856      0x3a4 .\CortexM3\ARM_GCC_493\Debug\CY8CKIT-059_Beacon.a(DVDAC_2.o)
 .debug_info    0x0000ebfa      0x1fd .\CortexM3\ARM_GCC_493\Debug\CY8CKIT-059_Beacon.a(DVDAC_2_DMA_dma.o)
 .debug_info    0x0000edf7      0x1dd .\CortexM3\ARM_GCC_493\Debug\CY8CKIT-059_Beacon.a(DVDAC_2_VDAC8.o)
 .debug_info    0x0000efd4      0x283 .\CortexM3\ARM_GCC_493\Debug\CY8CKIT-059_Beacon.a(DVDAC_2_IntClock.o)
 .debug_info    0x0000f257      0x60a .\CortexM3\ARM_GCC_493\Debug\CY8CKIT-059_Beacon.a(CyFlash.o)
 .debug_info    0x0000f861      0x4f0 .\CortexM3\ARM_GCC_493\Debug\CY8CKIT-059_Beacon.a(CySpc.o)

.debug_abbrev   0x00000000     0x481d
 *(.debug_abbrev)
 .debug_abbrev  0x00000000       0x4b .\CortexM3\ARM_GCC_493\Debug\croutine.o
 .debug_abbrev  0x0000004b      0x250 .\CortexM3\ARM_GCC_493\Debug\event_groups.o
 .debug_abbrev  0x0000029b       0xf6 .\CortexM3\ARM_GCC_493\Debug\list.o
 .debug_abbrev  0x00000391      0x1aa .\CortexM3\ARM_GCC_493\Debug\port.o
 .debug_abbrev  0x0000053b      0x27a .\CortexM3\ARM_GCC_493\Debug\queue.o
 .debug_abbrev  0x000007b5      0x307 .\CortexM3\ARM_GCC_493\Debug\tasks.o
 .debug_abbrev  0x00000abc       0x4b .\CortexM3\ARM_GCC_493\Debug\timers.o
 .debug_abbrev  0x00000b07      0x1d9 .\CortexM3\ARM_GCC_493\Debug\heap_2.o
 .debug_abbrev  0x00000ce0      0x175 .\CortexM3\ARM_GCC_493\Debug\rot.o
 .debug_abbrev  0x00000e55      0x192 .\CortexM3\ARM_GCC_493\Debug\I2C_CLCD.o
 .debug_abbrev  0x00000fe7      0x1c1 .\CortexM3\ARM_GCC_493\Debug\key.o
 .debug_abbrev  0x000011a8      0x333 .\CortexM3\ARM_GCC_493\Debug\main.o
 .debug_abbrev  0x000014db       0x66 .\CortexM3\ARM_GCC_493\Debug\cymetadata.o
 .debug_abbrev  0x00001541      0x20f .\CortexM3\ARM_GCC_493\Debug\Cm3Start.o
 .debug_abbrev  0x00001750      0x212 .\CortexM3\ARM_GCC_493\Debug\CY8CKIT-059_Beacon.a(cyfitter_cfg.o)
 .debug_abbrev  0x00001962       0x90 .\CortexM3\ARM_GCC_493\Debug\CY8CKIT-059_Beacon.a(LED.o)
 .debug_abbrev  0x000019f2       0x14 .\CortexM3\ARM_GCC_493\Debug\CY8CKIT-059_Beacon.a(CyBootAsmGnu.o)
 .debug_abbrev  0x00001a06      0x1cc .\CortexM3\ARM_GCC_493\Debug\CY8CKIT-059_Beacon.a(CyDmac.o)
 .debug_abbrev  0x00001bd2      0x296 .\CortexM3\ARM_GCC_493\Debug\CY8CKIT-059_Beacon.a(CyLib.o)
 .debug_abbrev  0x00001e68      0x1ed .\CortexM3\ARM_GCC_493\Debug\CY8CKIT-059_Beacon.a(cyPm.o)
 .debug_abbrev  0x00002055      0x198 .\CortexM3\ARM_GCC_493\Debug\CY8CKIT-059_Beacon.a(SPIM.o)
 .debug_abbrev  0x000021ed       0x8a .\CortexM3\ARM_GCC_493\Debug\CY8CKIT-059_Beacon.a(SPIM_INT.o)
 .debug_abbrev  0x00002277      0x175 .\CortexM3\ARM_GCC_493\Debug\CY8CKIT-059_Beacon.a(Comp_1.o)
 .debug_abbrev  0x000023ec      0x1d3 .\CortexM3\ARM_GCC_493\Debug\CY8CKIT-059_Beacon.a(ADC_SAR_1.o)
 .debug_abbrev  0x000025bf       0x42 .\CortexM3\ARM_GCC_493\Debug\CY8CKIT-059_Beacon.a(ADC_SAR_1_INT.o)
 .debug_abbrev  0x00002601      0x1d3 .\CortexM3\ARM_GCC_493\Debug\CY8CKIT-059_Beacon.a(ADC_SAR_2.o)
 .debug_abbrev  0x000027d4       0x42 .\CortexM3\ARM_GCC_493\Debug\CY8CKIT-059_Beacon.a(ADC_SAR_2_INT.o)
 .debug_abbrev  0x00002816       0xeb .\CortexM3\ARM_GCC_493\Debug\CY8CKIT-059_Beacon.a(DMA_1_dma.o)
 .debug_abbrev  0x00002901       0xeb .\CortexM3\ARM_GCC_493\Debug\CY8CKIT-059_Beacon.a(DMA_2_dma.o)
 .debug_abbrev  0x000029ec       0xea .\CortexM3\ARM_GCC_493\Debug\CY8CKIT-059_Beacon.a(Mixer_2.o)
 .debug_abbrev  0x00002ad6       0xea .\CortexM3\ARM_GCC_493\Debug\CY8CKIT-059_Beacon.a(Mixer_1.o)
 .debug_abbrev  0x00002bc0       0xf6 .\CortexM3\ARM_GCC_493\Debug\CY8CKIT-059_Beacon.a(PGA_1.o)
 .debug_abbrev  0x00002cb6      0x1f1 .\CortexM3\ARM_GCC_493\Debug\CY8CKIT-059_Beacon.a(Filter_1.o)
 .debug_abbrev  0x00002ea7       0x7f .\CortexM3\ARM_GCC_493\Debug\CY8CKIT-059_Beacon.a(Filter_1_PVT.o)
 .debug_abbrev  0x00002f26       0x66 .\CortexM3\ARM_GCC_493\Debug\CY8CKIT-059_Beacon.a(Filter_1_RAM_Data.o)
 .debug_abbrev  0x00002f8c      0x173 .\CortexM3\ARM_GCC_493\Debug\CY8CKIT-059_Beacon.a(isr_filter.o)
 .debug_abbrev  0x000030ff      0x139 .\CortexM3\ARM_GCC_493\Debug\CY8CKIT-059_Beacon.a(ADC_SAR_1_theACLK.o)
 .debug_abbrev  0x00003238      0x139 .\CortexM3\ARM_GCC_493\Debug\CY8CKIT-059_Beacon.a(ADC_SAR_2_theACLK.o)
 .debug_abbrev  0x00003371       0x90 .\CortexM3\ARM_GCC_493\Debug\CY8CKIT-059_Beacon.a(PI_KEY_0.o)
 .debug_abbrev  0x00003401       0x90 .\CortexM3\ARM_GCC_493\Debug\CY8CKIT-059_Beacon.a(PI_KEY_1.o)
 .debug_abbrev  0x00003491       0x90 .\CortexM3\ARM_GCC_493\Debug\CY8CKIT-059_Beacon.a(ROT_B.o)
 .debug_abbrev  0x00003521       0x90 .\CortexM3\ARM_GCC_493\Debug\CY8CKIT-059_Beacon.a(ROT_A.o)
 .debug_abbrev  0x000035b1      0x15c .\CortexM3\ARM_GCC_493\Debug\CY8CKIT-059_Beacon.a(I2C_1.o)
 .debug_abbrev  0x0000370d       0xbd .\CortexM3\ARM_GCC_493\Debug\CY8CKIT-059_Beacon.a(I2C_1_INT.o)