Archive member included because of file (symbol)

.\CortexM3\ARM_GCC_493\Debug\CY8CKIT-059_DDS_USB.a(cyfitter_cfg.o)
                              .\CortexM3\ARM_GCC_493\Debug\Cm3Start.o (cyfitter_cfg)
.\CortexM3\ARM_GCC_493\Debug\CY8CKIT-059_DDS_USB.a(LED.o)
                              .\CortexM3\ARM_GCC_493\Debug\main.o (LED_Write)
.\CortexM3\ARM_GCC_493\Debug\CY8CKIT-059_DDS_USB.a(CyBootAsmGnu.o)
                              .\CortexM3\ARM_GCC_493\Debug\CY8CKIT-059_DDS_USB.a(cyfitter_cfg.o) (CyDelayCycles)
.\CortexM3\ARM_GCC_493\Debug\CY8CKIT-059_DDS_USB.a(CyLib.o)
                              .\CortexM3\ARM_GCC_493\Debug\Cm3Start.o (CyHalt)
.\CortexM3\ARM_GCC_493\Debug\CY8CKIT-059_DDS_USB.a(cyPm.o)
                              .\CortexM3\ARM_GCC_493\Debug\CY8CKIT-059_DDS_USB.a(CyLib.o) (CyPmReadStatus)
.\CortexM3\ARM_GCC_493\Debug\CY8CKIT-059_DDS_USB.a(USBUART_1.o)
                              .\CortexM3\ARM_GCC_493\Debug\com.o (USBUART_1_Start)
.\CortexM3\ARM_GCC_493\Debug\CY8CKIT-059_DDS_USB.a(USBUART_1_cdc.o)
                              .\CortexM3\ARM_GCC_493\Debug\com.o (USBUART_1_CDC_Init)
.\CortexM3\ARM_GCC_493\Debug\CY8CKIT-059_DDS_USB.a(USBUART_1_drv.o)
                              .\CortexM3\ARM_GCC_493\Debug\CY8CKIT-059_DDS_USB.a(USBUART_1.o) (USBUART_1_lastPacketSize)
.\CortexM3\ARM_GCC_493\Debug\CY8CKIT-059_DDS_USB.a(USBUART_1_episr.o)
                              .\CortexM3\ARM_GCC_493\Debug\CY8CKIT-059_DDS_USB.a(USBUART_1.o) (USBUART_1_EP_1_ISR)
.\CortexM3\ARM_GCC_493\Debug\CY8CKIT-059_DDS_USB.a(USBUART_1_pm.o)
                              .\CortexM3\ARM_GCC_493\Debug\CY8CKIT-059_DDS_USB.a(USBUART_1.o) (USBUART_1_DP_ISR)
.\CortexM3\ARM_GCC_493\Debug\CY8CKIT-059_DDS_USB.a(USBUART_1_std.o)
                              .\CortexM3\ARM_GCC_493\Debug\CY8CKIT-059_DDS_USB.a(USBUART_1_pm.o) (USBUART_1_ConfigReg)
.\CortexM3\ARM_GCC_493\Debug\CY8CKIT-059_DDS_USB.a(USBUART_1_vnd.o)
                              .\CortexM3\ARM_GCC_493\Debug\CY8CKIT-059_DDS_USB.a(USBUART_1_drv.o) (USBUART_1_HandleVendorRqst)
.\CortexM3\ARM_GCC_493\Debug\CY8CKIT-059_DDS_USB.a(USBUART_1_Dp.o)
                              .\CortexM3\ARM_GCC_493\Debug\CY8CKIT-059_DDS_USB.a(USBUART_1_pm.o) (USBUART_1_Dp_ClearInterrupt)
.\CortexM3\ARM_GCC_493\Debug\CY8CKIT-059_DDS_USB.a(SPIM.o)
                              .\CortexM3\ARM_GCC_493\Debug\main.o (SPIM_ReadTxStatus)
.\CortexM3\ARM_GCC_493\Debug\CY8CKIT-059_DDS_USB.a(SPIM_INT.o)
                              .\CortexM3\ARM_GCC_493\Debug\CY8CKIT-059_DDS_USB.a(SPIM.o) (SPIM_TX_ISR)
.\CortexM3\ARM_GCC_493\Debug\CY8CKIT-059_DDS_USB.a(nTX_EN.o)
                              .\CortexM3\ARM_GCC_493\Debug\main.o (nTX_EN_Write)
.\CortexM3\ARM_GCC_493\Debug\CY8CKIT-059_DDS_USB.a(CyFlash.o)
                              .\CortexM3\ARM_GCC_493\Debug\CY8CKIT-059_DDS_USB.a(cyPm.o) (CyFlash_SetWaitCycles)
.\CortexM3\ARM_GCC_493\Debug\CY8CKIT-059_DDS_USB.a(CySpc.o)
                              .\CortexM3\ARM_GCC_493\Debug\CY8CKIT-059_DDS_USB.a(CyFlash.o) (CySpcStart)
.\CortexM3\ARM_GCC_493\Debug\CY8CKIT-059_DDS_USB.a(USBUART_1_cls.o)
                              .\CortexM3\ARM_GCC_493\Debug\CY8CKIT-059_DDS_USB.a(USBUART_1_drv.o) (USBUART_1_DispatchClassRqst)
.\CortexM3\ARM_GCC_493\Debug\CY8CKIT-059_DDS_USB.a(USBUART_1_descr.o)
                              .\CortexM3\ARM_GCC_493\Debug\CY8CKIT-059_DDS_USB.a(USBUART_1_std.o) (USBUART_1_idSerialNumberStringDescriptor)
c:/program files (x86)/cypress/psoc creator/3.3/psoc creator/import/gnu/arm/4.9.3/bin/../lib/gcc/arm-none-eabi/4.9.3/armv7-m\libgcc.a(_arm_addsubdf3.o)
                              .\CortexM3\ARM_GCC_493\Debug\fixedpoint.o (__aeabi_i2d)
c:/program files (x86)/cypress/psoc creator/3.3/psoc creator/import/gnu/arm/4.9.3/bin/../lib/gcc/arm-none-eabi/4.9.3/armv7-m\libgcc.a(_arm_muldivdf3.o)
                              .\CortexM3\ARM_GCC_493\Debug\fixedpoint.o (__aeabi_dmul)
c:/program files (x86)/cypress/psoc creator/3.3/psoc creator/import/gnu/arm/4.9.3/bin/../lib/gcc/arm-none-eabi/4.9.3/armv7-m\libgcc.a(_arm_fixdfsi.o)
                              .\CortexM3\ARM_GCC_493\Debug\fixedpoint.o (__aeabi_d2iz)
c:/program files (x86)/cypress/psoc creator/3.3/psoc creator/import/gnu/arm/4.9.3/bin/../lib/gcc/arm-none-eabi/4.9.3/armv7-m\libgcc.a(_aeabi_ldivmod.o)
                              .\CortexM3\ARM_GCC_493\Debug\fixedpoint.o (__aeabi_ldivmod)
c:/program files (x86)/cypress/psoc creator/3.3/psoc creator/import/gnu/arm/4.9.3/bin/../lib/gcc/arm-none-eabi/4.9.3/armv7-m\libgcc.a(bpabi.o)
                              c:/program files (x86)/cypress/psoc creator/3.3/psoc creator/import/gnu/arm/4.9.3/bin/../lib/gcc/arm-none-eabi/4.9.3/armv7-m\libgcc.a(_aeabi_ldivmod.o) (__gnu_ldivmod_helper)
c:/program files (x86)/cypress/psoc creator/3.3/psoc creator/import/gnu/arm/4.9.3/bin/../lib/gcc/arm-none-eabi/4.9.3/armv7-m\libgcc.a(_dvmd_tls.o)
[...]
Memory Configuration

Name             Origin             Length             Attributes
rom              0x00000000         0x00040000         xr
ram              0x1fff8000         0x00010000         xrw
*default*        0x00000000         0xffffffff

Linker script and memory map

LOAD c:/program files (x86)/cypress/psoc creator/3.3/psoc creator/import/gnu/arm/4.9.3/bin/../lib/gcc/arm-none-eabi/4.9.3/armv7-m/crti.o
LOAD c:/program files (x86)/cypress/psoc creator/3.3/psoc creator/import/gnu/arm/4.9.3/bin/../lib/gcc/arm-none-eabi/4.9.3/armv7-m/crtbegin.o
LOAD c:/program files (x86)/cypress/psoc creator/3.3/psoc creator/import/gnu/arm/4.9.3/bin/../lib/gcc/arm-none-eabi/4.9.3/../../../../arm-none-eabi/lib/armv7-m/crt0.o
START GROUP
LOAD .\CortexM3\ARM_GCC_493\Debug\croutine.o
LOAD .\CortexM3\ARM_GCC_493\Debug\event_groups.o
LOAD .\CortexM3\ARM_GCC_493\Debug\list.o
LOAD .\CortexM3\ARM_GCC_493\Debug\port.o
LOAD .\CortexM3\ARM_GCC_493\Debug\queue.o
LOAD .\CortexM3\ARM_GCC_493\Debug\tasks.o
LOAD .\CortexM3\ARM_GCC_493\Debug\timers.o
LOAD .\CortexM3\ARM_GCC_493\Debug\heap_2.o
LOAD .\CortexM3\ARM_GCC_493\Debug\com.o
LOAD .\CortexM3\ARM_GCC_493\Debug\fixedpoint.o
LOAD .\CortexM3\ARM_GCC_493\Debug\utility.o
LOAD .\CortexM3\ARM_GCC_493\Debug\main.o
LOAD .\CortexM3\ARM_GCC_493\Debug\cymetadata.o
LOAD .\CortexM3\ARM_GCC_493\Debug\Cm3Start.o
LOAD .\CortexM3\ARM_GCC_493\Debug\CY8CKIT-059_DDS_USB.a
LOAD C:\Program Files (x86)\Cypress\PSoC Creator\3.3\PSoC Creator\psoc\content\cycomponentlibrary\CyComponentLibrary.cylib\CortexM3\ARM_GCC_493\Debug\CyComponentLibrary.a
LOAD c:/program files (x86)/cypress/psoc creator/3.3/psoc creator/import/gnu/arm/4.9.3/bin/../lib/gcc/arm-none-eabi/4.9.3/../../../../arm-none-eabi/lib/armv7-m\libm.a
END GROUP
START GROUP
LOAD c:/program files (x86)/cypress/psoc creator/3.3/psoc creator/import/gnu/arm/4.9.3/bin/../lib/gcc/arm-none-eabi/4.9.3/armv7-m\libgcc.a
LOAD c:/program files (x86)/cypress/psoc creator/3.3/psoc creator/import/gnu/arm/4.9.3/bin/../lib/gcc/arm-none-eabi/4.9.3/../../../../arm-none-eabi/lib/armv7-m\libg_nano.a
LOAD c:/program files (x86)/cypress/psoc creator/3.3/psoc creator/import/gnu/arm/4.9.3/bin/../lib/gcc/arm-none-eabi/4.9.3/../../../../arm-none-eabi/lib/armv7-m\libc_nano.a
END GROUP
START GROUP
LOAD c:/program files (x86)/cypress/psoc creator/3.3/psoc creator/import/gnu/arm/4.9.3/bin/../lib/gcc/arm-none-eabi/4.9.3/armv7-m\libgcc.a
LOAD c:/program files (x86)/cypress/psoc creator/3.3/psoc creator/import/gnu/arm/4.9.3/bin/../lib/gcc/arm-none-eabi/4.9.3/../../../../arm-none-eabi/lib/armv7-m\libc_nano.a
END GROUP
LOAD c:/program files (x86)/cypress/psoc creator/3.3/psoc creator/import/gnu/arm/4.9.3/bin/../lib/gcc/arm-none-eabi/4.9.3/armv7-m/crtend.o
LOAD c:/program files (x86)/cypress/psoc creator/3.3/psoc creator/import/gnu/arm/4.9.3/bin/../lib/gcc/arm-none-eabi/4.9.3/armv7-m/crtn.o
START GROUP
LOAD c:/program files (x86)/cypress/psoc creator/3.3/psoc creator/import/gnu/arm/4.9.3/bin/../lib/gcc/arm-none-eabi/4.9.3/armv7-m\libgcc.a
LOAD c:/program files (x86)/cypress/psoc creator/3.3/psoc creator/import/gnu/arm/4.9.3/bin/../lib/gcc/arm-none-eabi/4.9.3/../../../../arm-none-eabi/lib/armv7-m\libc.a
LOAD c:/program files (x86)/cypress/psoc creator/3.3/psoc creator/import/gnu/arm/4.9.3/bin/../lib/gcc/arm-none-eabi/4.9.3/../../../../arm-none-eabi/lib/armv7-m\libnosys.a
END GROUP
                0x00000000                CY_APPL_ORIGIN = 0x0
                0x00000100                CY_FLASH_ROW_SIZE = 0x100
                0x00000020                CY_ECC_ROW_SIZE = 0x20
                0x00000000                CY_EE_IN_BTLDR = 0x0
                0x00000000                CY_APPL_LOADABLE = 0x0
                0x00000800                CY_EE_SIZE = 0x800
                0x00000001                CY_APPL_NUM = 0x1
                0x00000001                CY_APPL_MAX = 0x1
                0x00000040                CY_METADATA_SIZE = 0x40
                0x00000000                CY_APPL_LOADABLE = 0x0
                0x00000000                CY_CHECKSUM_EXCLUDE_SIZE = ALIGN (0x0, CY_FLASH_ROW_SIZE)
                0x200003d8                PROVIDE (__cy_heap_start, _end)
                0x00000001                PROVIDE (__cy_region_num, ((__cy_regions_end - __cy_regions) / 0x10))
                0x20008000                PROVIDE (__cy_stack, (ORIGIN (ram) + 0x10000))
                0x20007800                PROVIDE (__cy_heap_end, (__cy_stack - 0x800))

.cybootloader   0x00000000        0x0
 *(.cybootloader)
                0x00000000                appl1_start = CY_APPL_ORIGIN?CY_APPL_ORIGIN:ALIGN (CY_FLASH_ROW_SIZE)
                0x0001ff00                appl2_start = (appl1_start + ALIGN ((((0x40000 - appl1_start) - (0x2 * CY_FLASH_ROW_SIZE)) / 0x2), CY_FLASH_ROW_SIZE))
                0x00000000                appl_start = (CY_APPL_NUM == 0x1)?appl1_start:appl2_start
                0x00000000                ecc_offset = ((appl_start / CY_FLASH_ROW_SIZE) * CY_ECC_ROW_SIZE)
                0x00000000                ee_offset = (CY_APPL_LOADABLE && ! (CY_EE_IN_BTLDR))?((CY_EE_SIZE / CY_APPL_MAX) * (CY_APPL_NUM - 0x1)):0x0
                0x00000800                ee_size = (CY_APPL_LOADABLE && ! (CY_EE_IN_BTLDR))?(CY_EE_SIZE / CY_APPL_MAX):CY_EE_SIZE
                0x00000000                PROVIDE (CY_ECC_OFFSET, ecc_offset)

.text           0x00000000     0x3a54
 CREATE_OBJECT_SYMBOLS
                0x00000000                PROVIDE (__cy_interrupt_vector, RomVectors)
 *(.romvectors)
 .romvectors    0x00000000       0x10 .\CortexM3\ARM_GCC_493\Debug\Cm3Start.o
                0x00000000                RomVectors
                0x00000001                ASSERT ((. != __cy_interrupt_vector), No interrupt vector)
                0x00000001                ASSERT (CY_APPL_ORIGIN?(SIZEOF (.cybootloader) <= CY_APPL_ORIGIN):0x1, Wrong image location)
                0x00000010                PROVIDE (__cy_reset, Reset)
 *(.text.Reset)
 .text.Reset    0x00000010       0x18 .\CortexM3\ARM_GCC_493\Debug\Cm3Start.o
                0x00000010                Reset
                0x00000001                ASSERT ((. != __cy_reset), No reset code)
 *(.dma_init)
                0x00000001                ASSERT ((((appl_start + .) <= 0x10000) || 0x1), DMA Init must be within the first 64k of flash)
 *(.text .text.* .gnu.linkonce.t.*)
 .text          0x00000028       0x5c c:/program files (x86)/cypress/psoc creator/3.3/psoc creator/import/gnu/arm/4.9.3/bin/../lib/gcc/arm-none-eabi/4.9.3/armv7-m/crtbegin.o
 .text.vListInitialise
                0x00000084       0x18 .\CortexM3\ARM_GCC_493\Debug\list.o
                0x00000084                vListInitialise
 .text.vListInitialiseItem
                0x0000009c        0x8 .\CortexM3\ARM_GCC_493\Debug\list.o
                0x0000009c                vListInitialiseItem
 .text.vListInsertEnd
                0x000000a4       0x18 .\CortexM3\ARM_GCC_493\Debug\list.o
                0x000000a4                vListInsertEnd
 .text.vListInsert
                0x000000bc       0x34 .\CortexM3\ARM_GCC_493\Debug\list.o
                0x000000bc                vListInsert
 .text.uxListRemove
                0x000000f0       0x24 .\CortexM3\ARM_GCC_493\Debug\list.o
                0x000000f0                uxListRemove
 .text.prvPortStartFirstTask
                0x00000114       0x20 .\CortexM3\ARM_GCC_493\Debug\port.o
 .text.pxPortInitialiseStack
                0x00000134       0x20 .\CortexM3\ARM_GCC_493\Debug\port.o
                0x00000134                pxPortInitialiseStack
 .text.vPortSVCHandler
                0x00000154       0x24 .\CortexM3\ARM_GCC_493\Debug\port.o
                0x00000154                vPortSVCHandler
 .text.vPortYield
                0x00000178       0x18 .\CortexM3\ARM_GCC_493\Debug\port.o
                0x00000178                vPortYield
 .text.ulPortSetInterruptMask
                0x00000190       0x10 .\CortexM3\ARM_GCC_493\Debug\port.o
                0x00000190                ulPortSetInterruptMask
 .text.prvTaskExitError
                0x000001a0        0x8 .\CortexM3\ARM_GCC_493\Debug\port.o
 .text.vPortEnterCritical
                0x000001a8       0x1c .\CortexM3\ARM_GCC_493\Debug\port.o
                0x000001a8                vPortEnterCritical
 .text.vPortClearInterruptMask
                0x000001c4        0x8 .\CortexM3\ARM_GCC_493\Debug\port.o
                0x000001c4                vPortClearInterruptMask
 .text.vPortExitCritical
                0x000001cc       0x18 .\CortexM3\ARM_GCC_493\Debug\port.o
                0x000001cc                vPortExitCritical
 .text.xPortPendSVHandler
                0x000001e4       0x44 .\CortexM3\ARM_GCC_493\Debug\port.o
                0x000001e4                xPortPendSVHandler
 .text.xPortSysTickHandler
                0x00000228       0x20 .\CortexM3\ARM_GCC_493\Debug\port.o
                0x00000228                xPortSysTickHandler
 .text.vPortSetupTimerInterrupt
                0x00000248       0x18 .\CortexM3\ARM_GCC_493\Debug\port.o
                0x00000248                vPortSetupTimerInterrupt
 .text.xPortStartScheduler
                0x00000260       0x30 .\CortexM3\ARM_GCC_493\Debug\port.o
                0x00000260                xPortStartScheduler
 .text.prvIsQueueFull
                0x00000290       0x20 .\CortexM3\ARM_GCC_493\Debug\queue.o
 .text.prvIsQueueEmpty
                0x000002b0       0x1c .\CortexM3\ARM_GCC_493\Debug\queue.o
 .text.prvCopyDataToQueue
                0x000002cc       0x7c .\CortexM3\ARM_GCC_493\Debug\queue.o
 .text.prvCopyDataFromQueue
                0x00000348       0x24 .\CortexM3\ARM_GCC_493\Debug\queue.o
 .text.prvUnlockQueue
                0x0000036c       0x64 .\CortexM3\ARM_GCC_493\Debug\queue.o
 .text.xQueueGenericSend
                0x000003d0       0xd8 .\CortexM3\ARM_GCC_493\Debug\queue.o
                0x000003d0                xQueueGenericSend
 .text.xQueueCreateMutex
                0x000004a8       0x44 .\CortexM3\ARM_GCC_493\Debug\queue.o
                0x000004a8                xQueueCreateMutex
 .text.xQueueGenericReceive
                0x000004ec      0x100 .\CortexM3\ARM_GCC_493\Debug\queue.o
                0x000004ec                xQueueGenericReceive
 .text.prvResetNextTaskUnblockTime
                0x000005ec       0x2c .\CortexM3\ARM_GCC_493\Debug\tasks.o
 .text.prvDeleteTCB
                0x00000618       0x14 .\CortexM3\ARM_GCC_493\Debug\tasks.o
 .text.prvAllocateTCBAndStack
                0x0000062c       0x3c .\CortexM3\ARM_GCC_493\Debug\tasks.o
 .text.prvInitialiseTCBVariables
                0x00000668       0x50 .\CortexM3\ARM_GCC_493\Debug\tasks.o
 .text.prvInitialiseTaskLists
                0x000006b8       0x58 .\CortexM3\ARM_GCC_493\Debug\tasks.o
 .text.prvAddCurrentTaskToDelayedList
                0x00000710       0x44 .\CortexM3\ARM_GCC_493\Debug\tasks.o
 .text.xTaskGenericCreate
                0x00000754       0xf4 .\CortexM3\ARM_GCC_493\Debug\tasks.o
                0x00000754                xTaskGenericCreate
 .text.vTaskStartScheduler
                0x00000848       0x4c .\CortexM3\ARM_GCC_493\Debug\tasks.o
                0x00000848                vTaskStartScheduler
 .text.vTaskSuspendAll
                0x00000894       0x14 .\CortexM3\ARM_GCC_493\Debug\tasks.o
                0x00000894                vTaskSuspendAll
 .text.xTaskIncrementTick
                0x000008a8      0x104 .\CortexM3\ARM_GCC_493\Debug\tasks.o
                0x000008a8                xTaskIncrementTick
 .text.xTaskResumeAll
                0x000009ac       0xcc .\CortexM3\ARM_GCC_493\Debug\tasks.o
                0x000009ac                xTaskResumeAll
 .text.vTaskDelay
                0x00000a78       0x50 .\CortexM3\ARM_GCC_493\Debug\tasks.o
                0x00000a78                vTaskDelay
 .text.prvCheckTasksWaitingTermination
                0x00000ac8       0x54 .\CortexM3\ARM_GCC_493\Debug\tasks.o
 .text.prvIdleTask
                0x00000b1c        0x8 .\CortexM3\ARM_GCC_493\Debug\tasks.o
 .text.vTaskSwitchContext
                0x00000b24       0xa8 .\CortexM3\ARM_GCC_493\Debug\tasks.o
                0x00000b24                vTaskSwitchContext
 .text.vTaskPlaceOnEventList
                0x00000bcc       0x58 .\CortexM3\ARM_GCC_493\Debug\tasks.o
                0x00000bcc                vTaskPlaceOnEventList
 .text.xTaskRemoveFromEventList
                0x00000c24       0x70 .\CortexM3\ARM_GCC_493\Debug\tasks.o
                0x00000c24                xTaskRemoveFromEventList
 .text.vTaskSetTimeOutState
                0x00000c94       0x14 .\CortexM3\ARM_GCC_493\Debug\tasks.o
                0x00000c94                vTaskSetTimeOutState
 .text.xTaskCheckForTimeOut
                0x00000ca8       0x58 .\CortexM3\ARM_GCC_493\Debug\tasks.o
                0x00000ca8                xTaskCheckForTimeOut
 .text.vTaskMissedYield
                0x00000d00       0x10 .\CortexM3\ARM_GCC_493\Debug\tasks.o
                0x00000d00                vTaskMissedYield
 .text.vTaskPriorityInherit
                0x00000d10       0xb0 .\CortexM3\ARM_GCC_493\Debug\tasks.o
                0x00000d10                vTaskPriorityInherit
 .text.xTaskPriorityDisinherit
                0x00000dc0       0x84 .\CortexM3\ARM_GCC_493\Debug\tasks.o
                0x00000dc0                xTaskPriorityDisinherit
 .text.pvTaskIncrementMutexHeldCount
                0x00000e44       0x20 .\CortexM3\ARM_GCC_493\Debug\tasks.o
                0x00000e44                pvTaskIncrementMutexHeldCount
 .text.prvHeapInit
                0x00000e64       0x30 .\CortexM3\ARM_GCC_493\Debug\heap_2.o
 .text.pvPortMalloc
                0x00000e94       0xb4 .\CortexM3\ARM_GCC_493\Debug\heap_2.o
                0x00000e94                pvPortMalloc
 .text.vPortFree
                0x00000f48       0x44 .\CortexM3\ARM_GCC_493\Debug\heap_2.o
                0x00000f48                vPortFree
 .text.COM_printf
                0x00000f8c       0x48 .\CortexM3\ARM_GCC_493\Debug\com.o
                0x00000f8c                COM_printf
 .text.Init_COM
                0x00000fd4       0x48 .\CortexM3\ARM_GCC_493\Debug\com.o
                0x00000fd4                Init_COM
 .text.COM_Wait_PC_Term
                0x0000101c       0x48 .\CortexM3\ARM_GCC_493\Debug\com.o
                0x0000101c                COM_Wait_PC_Term
 .text.xatoi    0x00001064       0x3c .\CortexM3\ARM_GCC_493\Debug\utility.o
                0x00001064                xatoi
 .text.xitoa    0x000010a0      0x11c .\CortexM3\ARM_GCC_493\Debug\utility.o
                0x000010a0                xitoa
 .text.xvsnprintf
                0x000011bc      0x15c .\CortexM3\ARM_GCC_493\Debug\utility.o
                0x000011bc                xvsnprintf
 .text.Task_LED
                0x00001318       0x2c .\CortexM3\ARM_GCC_493\Debug\main.o
                0x00001318                Task_LED
 *fill*         0x00001344        0x4 
 .text.Task_USBUART
                0x00001348      0x190 .\CortexM3\ARM_GCC_493\Debug\main.o
                0x00001348                Task_USBUART
 .text.prvHardwareSetup
                0x000014d8       0x20 .\CortexM3\ARM_GCC_493\Debug\main.o
                0x000014d8                prvHardwareSetup
 .text.main     0x000014f8       0x6c .\CortexM3\ARM_GCC_493\Debug\main.o
                0x000014f8                main
 .text.vApplicationStackOverflowHook
                0x00001564        0x8 .\CortexM3\ARM_GCC_493\Debug\main.o
                0x00001564                vApplicationStackOverflowHook
 .text.vApplicationMallocFailedHook
                0x0000156c        0x8 .\CortexM3\ARM_GCC_493\Debug\main.o
                0x0000156c                vApplicationMallocFailedHook
 .text.IntDefaultHandler
                0x00001574        0x4 .\CortexM3\ARM_GCC_493\Debug\Cm3Start.o
                0x00001574                IntDefaultHandler
 .text.Start_c  0x00001578       0x4c .\CortexM3\ARM_GCC_493\Debug\Cm3Start.o
                0x00001578                Start_c
 .text.initialize_psoc
                0x000015c4       0x74 .\CortexM3\ARM_GCC_493\Debug\Cm3Start.o
                0x000015c4                initialize_psoc
 .text.CyClockStartupError
                0x00001638        0x4 .\CortexM3\ARM_GCC_493\Debug\CY8CKIT-059_DDS_USB.a(cyfitter_cfg.o)
 .text.cfg_write_bytes32
                0x0000163c       0x34 .\CortexM3\ARM_GCC_493\Debug\CY8CKIT-059_DDS_USB.a(cyfitter_cfg.o)
 .text.AnalogSetDefault
                0x00001670       0x28 .\CortexM3\ARM_GCC_493\Debug\CY8CKIT-059_DDS_USB.a(cyfitter_cfg.o)
 .text.ClockSetup
                0x00001698       0xbc .\CortexM3\ARM_GCC_493\Debug\CY8CKIT-059_DDS_USB.a(cyfitter_cfg.o)
 .text.CYMEMZERO
                0x00001754        0xc .\CortexM3\ARM_GCC_493\Debug\CY8CKIT-059_DDS_USB.a(cyfitter_cfg.o)
 .text.CYCONFIGCPY
                0x00001760        0x8 .\CortexM3\ARM_GCC_493\Debug\CY8CKIT-059_DDS_USB.a(cyfitter_cfg.o)
 .text.cyfitter_cfg
                0x00001768      0x118 .\CortexM3\ARM_GCC_493\Debug\CY8CKIT-059_DDS_USB.a(cyfitter_cfg.o)
                0x00001768                cyfitter_cfg
 .text.LED_Write
                0x00001880       0x18 .\CortexM3\ARM_GCC_493\Debug\CY8CKIT-059_DDS_USB.a(LED.o)
                0x00001880                LED_Write
 .text          0x00001898       0x20 .\CortexM3\ARM_GCC_493\Debug\CY8CKIT-059_DDS_USB.a(CyBootAsmGnu.o)
                0x00001898                CyDelayCycles
                0x000018a8                CyEnterCriticalSection
                0x000018b0                CyExitCriticalSection
 .text.CyHalt   0x000018b8        0x4 .\CortexM3\ARM_GCC_493\Debug\CY8CKIT-059_DDS_USB.a(CyLib.o)
                0x000018b8                CyHalt
 .text.CyDelayUs
                0x000018bc       0x14 .\CortexM3\ARM_GCC_493\Debug\CY8CKIT-059_DDS_USB.a(CyLib.o)
                0x000018bc                CyDelayUs
 .text.CyIntSetVector
                0x000018d0       0x28 .\CortexM3\ARM_GCC_493\Debug\CY8CKIT-059_DDS_USB.a(CyLib.o)
                0x000018d0                CyIntSetVector
 .text.CyIntSetPriority
                0x000018f8       0x30 .\CortexM3\ARM_GCC_493\Debug\CY8CKIT-059_DDS_USB.a(CyLib.o)
                0x000018f8                CyIntSetPriority
 .text.CyGetUniqueId
                0x00001928       0x70 .\CortexM3\ARM_GCC_493\Debug\CY8CKIT-059_DDS_USB.a(CyLib.o)
                0x00001928                CyGetUniqueId
 .text.USBUART_1_Init
                0x00001998      0x140 .\CortexM3\ARM_GCC_493\Debug\CY8CKIT-059_DDS_USB.a(USBUART_1.o)
                0x00001998                USBUART_1_Init
 .text.USBUART_1_InitComponent
                0x00001ad8       0xb8 .\CortexM3\ARM_GCC_493\Debug\CY8CKIT-059_DDS_USB.a(USBUART_1.o)
                0x00001ad8                USBUART_1_InitComponent
 .text.USBUART_1_Start
                0x00001b90       0x24 .\CortexM3\ARM_GCC_493\Debug\CY8CKIT-059_DDS_USB.a(USBUART_1.o)
                0x00001b90                USBUART_1_Start
 .text.USBUART_1_ReInitComponent
                0x00001bb4       0x4c .\CortexM3\ARM_GCC_493\Debug\CY8CKIT-059_DDS_USB.a(USBUART_1.o)
                0x00001bb4                USBUART_1_ReInitComponent
 .text.USBUART_1_Stop
                0x00001c00       0x94 .\CortexM3\ARM_GCC_493\Debug\CY8CKIT-059_DDS_USB.a(USBUART_1.o)
                0x00001c00                USBUART_1_Stop
 .text.USBUART_1_GetConfiguration
                0x00001c94        0xc .\CortexM3\ARM_GCC_493\Debug\CY8CKIT-059_DDS_USB.a(USBUART_1.o)
                0x00001c94                USBUART_1_GetConfiguration
 .text.USBUART_1_GetEPState
                0x00001ca0       0x14 .\CortexM3\ARM_GCC_493\Debug\CY8CKIT-059_DDS_USB.a(USBUART_1.o)
                0x00001ca0                USBUART_1_GetEPState
 .text.USBUART_1_GetEPCount
                0x00001cb4       0x28 .\CortexM3\ARM_GCC_493\Debug\CY8CKIT-059_DDS_USB.a(USBUART_1.o)
                0x00001cb4                USBUART_1_GetEPCount
 .text.USBUART_1_LoadInEP
                0x00001cdc       0x94 .\CortexM3\ARM_GCC_493\Debug\CY8CKIT-059_DDS_USB.a(USBUART_1.o)
                0x00001cdc                USBUART_1_LoadInEP
 .text.USBUART_1_EnableOutEP
                0x00001d70       0x2c .\CortexM3\ARM_GCC_493\Debug\CY8CKIT-059_DDS_USB.a(USBUART_1.o)
                0x00001d70                USBUART_1_EnableOutEP
 .text.USBUART_1_ReadOutEP
                0x00001d9c       0x50 .\CortexM3\ARM_GCC_493\Debug\CY8CKIT-059_DDS_USB.a(USBUART_1.o)
                0x00001d9c                USBUART_1_ReadOutEP
 .text.USBUART_1_GetInterfaceComPort
                0x00001dec       0x3c .\CortexM3\ARM_GCC_493\Debug\CY8CKIT-059_DDS_USB.a(USBUART_1_cdc.o)
                0x00001dec                USBUART_1_GetInterfaceComPort
 .text.USBUART_1_DispatchCDCClassRqst
                0x00001e28       0x98 .\CortexM3\ARM_GCC_493\Debug\CY8CKIT-059_DDS_USB.a(USBUART_1_cdc.o)
                0x00001e28                USBUART_1_DispatchCDCClassRqst
 .text.USBUART_1_CDC_Init
                0x00001ec0       0x98 .\CortexM3\ARM_GCC_493\Debug\CY8CKIT-059_DDS_USB.a(USBUART_1_cdc.o)
                0x00001ec0                USBUART_1_CDC_Init
 .text.USBUART_1_PutData
                0x00001f58       0x4c .\CortexM3\ARM_GCC_493\Debug\CY8CKIT-059_DDS_USB.a(USBUART_1_cdc.o)
                0x00001f58                USBUART_1_PutData
 .text.USBUART_1_PutChar
                0x00001fa4       0x28 .\CortexM3\ARM_GCC_493\Debug\CY8CKIT-059_DDS_USB.a(USBUART_1_cdc.o)
                0x00001fa4                USBUART_1_PutChar
 .text.USBUART_1_DataIsReady
                0x00001fcc       0x18 .\CortexM3\ARM_GCC_493\Debug\CY8CKIT-059_DDS_USB.a(USBUART_1_cdc.o)
                0x00001fcc                USBUART_1_DataIsReady
 .text.USBUART_1_CDCIsReady
                0x00001fe4       0x18 .\CortexM3\ARM_GCC_493\Debug\CY8CKIT-059_DDS_USB.a(USBUART_1_cdc.o)
                0x00001fe4                USBUART_1_CDCIsReady
 .text.USBUART_1_GetData
                0x00001ffc       0x20 .\CortexM3\ARM_GCC_493\Debug\CY8CKIT-059_DDS_USB.a(USBUART_1_cdc.o)
                0x00001ffc                USBUART_1_GetData
 .text.USBUART_1_Cdc_EpInit
                0x0000201c       0x50 .\CortexM3\ARM_GCC_493\Debug\CY8CKIT-059_DDS_USB.a(USBUART_1_cdc.o)
                0x0000201c                USBUART_1_Cdc_EpInit
 .text.USBUART_1_LoadEP0
                0x0000206c       0x94 .\CortexM3\ARM_GCC_493\Debug\CY8CKIT-059_DDS_USB.a(USBUART_1_drv.o)
                0x0000206c                USBUART_1_LoadEP0
 .text.USBUART_1_InitZeroLengthControlTransfer
                0x00002100       0x34 .\CortexM3\ARM_GCC_493\Debug\CY8CKIT-059_DDS_USB.a(USBUART_1_drv.o)
                0x00002100                USBUART_1_InitZeroLengthControlTransfer
 .text.USBUART_1_ControlReadDataStage
                0x00002134        0x8 .\CortexM3\ARM_GCC_493\Debug\CY8CKIT-059_DDS_USB.a(USBUART_1_drv.o)
                0x00002134                USBUART_1_ControlReadDataStage
 .text.USBUART_1_ControlWriteDataStage
                0x0000213c       0x80 .\CortexM3\ARM_GCC_493\Debug\CY8CKIT-059_DDS_USB.a(USBUART_1_drv.o)
                0x0000213c                USBUART_1_ControlWriteDataStage
 .text.USBUART_1_InitNoDataControlTransfer
                0x000021bc       0x2c .\CortexM3\ARM_GCC_493\Debug\CY8CKIT-059_DDS_USB.a(USBUART_1_drv.o)
                0x000021bc                USBUART_1_InitNoDataControlTransfer
 .text.USBUART_1_UpdateStatusBlock
                0x000021e8       0x24 .\CortexM3\ARM_GCC_493\Debug\CY8CKIT-059_DDS_USB.a(USBUART_1_drv.o)
                0x000021e8                USBUART_1_UpdateStatusBlock
 .text.USBUART_1_HandleSetup
                0x0000220c       0x5c .\CortexM3\ARM_GCC_493\Debug\CY8CKIT-059_DDS_USB.a(USBUART_1_drv.o)
                0x0000220c                USBUART_1_HandleSetup
 .text.USBUART_1_ControlReadStatusStage
                0x00002268       0x34 .\CortexM3\ARM_GCC_493\Debug\CY8CKIT-059_DDS_USB.a(USBUART_1_drv.o)
                0x00002268                USBUART_1_ControlReadStatusStage
 .text.USBUART_1_HandleOUT
                0x0000229c       0x38 .\CortexM3\ARM_GCC_493\Debug\CY8CKIT-059_DDS_USB.a(USBUART_1_drv.o)
                0x0000229c                USBUART_1_HandleOUT
 .text.USBUART_1_ControlWriteStatusStage
                0x000022d4       0x20 .\CortexM3\ARM_GCC_493\Debug\CY8CKIT-059_DDS_USB.a(USBUART_1_drv.o)
                0x000022d4                USBUART_1_ControlWriteStatusStage
 .text.USBUART_1_NoDataControlStatusStage
                0x000022f4       0x40 .\CortexM3\ARM_GCC_493\Debug\CY8CKIT-059_DDS_USB.a(USBUART_1_drv.o)
                0x000022f4                USBUART_1_NoDataControlStatusStage
 .text.USBUART_1_HandleIN
                0x00002334       0x2c .\CortexM3\ARM_GCC_493\Debug\CY8CKIT-059_DDS_USB.a(USBUART_1_drv.o)
                0x00002334                USBUART_1_HandleIN
 .text.USBUART_1_EP_0_ISR
                0x00002360       0xb8 .\CortexM3\ARM_GCC_493\Debug\CY8CKIT-059_DDS_USB.a(USBUART_1_drv.o)
                0x00002360                USBUART_1_EP_0_ISR
 .text.USBUART_1_InitializeStatusBlock
                0x00002418       0x24 .\CortexM3\ARM_GCC_493\Debug\CY8CKIT-059_DDS_USB.a(USBUART_1_drv.o)
                0x00002418                USBUART_1_InitializeStatusBlock
 .text.USBUART_1_InitControlRead
                0x0000243c       0x50 .\CortexM3\ARM_GCC_493\Debug\CY8CKIT-059_DDS_USB.a(USBUART_1_drv.o)
                0x0000243c                USBUART_1_InitControlRead
 .text.USBUART_1_InitControlWrite
                0x0000248c       0x48 .\CortexM3\ARM_GCC_493\Debug\CY8CKIT-059_DDS_USB.a(USBUART_1_drv.o)
                0x0000248c                USBUART_1_InitControlWrite
 .text.USBUART_1_EP_1_ISR
                0x000024d4       0x38 .\CortexM3\ARM_GCC_493\Debug\CY8CKIT-059_DDS_USB.a(USBUART_1_episr.o)
                0x000024d4                USBUART_1_EP_1_ISR
 .text.USBUART_1_EP_2_ISR
                0x0000250c       0x3c .\CortexM3\ARM_GCC_493\Debug\CY8CKIT-059_DDS_USB.a(USBUART_1_episr.o)
                0x0000250c                USBUART_1_EP_2_ISR
 .text.USBUART_1_EP_3_ISR
                0x00002548       0x44 .\CortexM3\ARM_GCC_493\Debug\CY8CKIT-059_DDS_USB.a(USBUART_1_episr.o)
                0x00002548                USBUART_1_EP_3_ISR
 .text.USBUART_1_SOF_ISR
                0x0000258c        0x4 .\CortexM3\ARM_GCC_493\Debug\CY8CKIT-059_DDS_USB.a(USBUART_1_episr.o)
                0x0000258c                USBUART_1_SOF_ISR
 .text.USBUART_1_BUS_RESET_ISR
                0x00002590        0x8 .\CortexM3\ARM_GCC_493\Debug\CY8CKIT-059_DDS_USB.a(USBUART_1_episr.o)
                0x00002590                USBUART_1_BUS_RESET_ISR
 .text.USBUART_1_DP_ISR
                0x00002598        0x8 .\CortexM3\ARM_GCC_493\Debug\CY8CKIT-059_DDS_USB.a(USBUART_1_pm.o)
                0x00002598                USBUART_1_DP_ISR
 .text.USBUART_1_ReadDieID
                0x000025a0       0x6c .\CortexM3\ARM_GCC_493\Debug\CY8CKIT-059_DDS_USB.a(USBUART_1_std.o)
                0x000025a0                USBUART_1_ReadDieID
 .text.USBUART_1_ConfigReg
                0x0000260c       0xa4 .\CortexM3\ARM_GCC_493\Debug\CY8CKIT-059_DDS_USB.a(USBUART_1_std.o)
                0x0000260c                USBUART_1_ConfigReg
 .text.USBUART_1_GetConfigTablePtr
                0x000026b0       0x28 .\CortexM3\ARM_GCC_493\Debug\CY8CKIT-059_DDS_USB.a(USBUART_1_std.o)
                0x000026b0                USBUART_1_GetConfigTablePtr
 .text.USBUART_1_ConfigAltChanged
                0x000026d8      0x11c .\CortexM3\ARM_GCC_493\Debug\CY8CKIT-059_DDS_USB.a(USBUART_1_std.o)
                0x000026d8                USBUART_1_ConfigAltChanged
 .text.USBUART_1_GetDeviceTablePtr
                0x000027f4       0x18 .\CortexM3\ARM_GCC_493\Debug\CY8CKIT-059_DDS_USB.a(USBUART_1_std.o)
                0x000027f4                USBUART_1_GetDeviceTablePtr
 .text.USBUART_1_GetInterfaceClassTablePtr
                0x0000280c       0x24 .\CortexM3\ARM_GCC_493\Debug\CY8CKIT-059_DDS_USB.a(USBUART_1_std.o)
                0x0000280c                USBUART_1_GetInterfaceClassTablePtr
 .text.USBUART_1_Config
                0x00002830      0x1e4 .\CortexM3\ARM_GCC_493\Debug\CY8CKIT-059_DDS_USB.a(USBUART_1_std.o)
                0x00002830                USBUART_1_Config
 .text.USBUART_1_SetEndpointHalt
                0x00002a14       0x64 .\CortexM3\ARM_GCC_493\Debug\CY8CKIT-059_DDS_USB.a(USBUART_1_std.o)
                0x00002a14                USBUART_1_SetEndpointHalt
 .text.USBUART_1_ClearEndpointHalt
                0x00002a78       0xa8 .\CortexM3\ARM_GCC_493\Debug\CY8CKIT-059_DDS_USB.a(USBUART_1_std.o)
                0x00002a78                USBUART_1_ClearEndpointHalt
 .text.USBUART_1_ValidateAlternateSetting
                0x00002b20       0x4c .\CortexM3\ARM_GCC_493\Debug\CY8CKIT-059_DDS_USB.a(USBUART_1_std.o)
                0x00002b20                USBUART_1_ValidateAlternateSetting
 .text.USBUART_1_HandleStandardRqst
                0x00002b6c      0x350 .\CortexM3\ARM_GCC_493\Debug\CY8CKIT-059_DDS_USB.a(USBUART_1_std.o)
                0x00002b6c                USBUART_1_HandleStandardRqst
 .text.USBUART_1_HandleVendorRqst
                0x00002ebc       0x18 .\CortexM3\ARM_GCC_493\Debug\CY8CKIT-059_DDS_USB.a(USBUART_1_vnd.o)
                0x00002ebc                USBUART_1_HandleVendorRqst
 .text.USBUART_1_Dp_ClearInterrupt
                0x00002ed4       0x10 .\CortexM3\ARM_GCC_493\Debug\CY8CKIT-059_DDS_USB.a(USBUART_1_Dp.o)
                0x00002ed4                USBUART_1_Dp_ClearInterrupt
 .text.SPIM_EnableTxInt
                0x00002ee4        0xc .\CortexM3\ARM_GCC_493\Debug\CY8CKIT-059_DDS_USB.a(SPIM.o)
                0x00002ee4                SPIM_EnableTxInt
 .text.SPIM_EnableRxInt
                0x00002ef0        0xc .\CortexM3\ARM_GCC_493\Debug\CY8CKIT-059_DDS_USB.a(SPIM.o)
                0x00002ef0                SPIM_EnableRxInt
 .text.SPIM_Enable
                0x00002efc       0x38 .\CortexM3\ARM_GCC_493\Debug\CY8CKIT-059_DDS_USB.a(SPIM.o)
                0x00002efc                SPIM_Enable
 .text.SPIM_DisableTxInt
                0x00002f34        0xc .\CortexM3\ARM_GCC_493\Debug\CY8CKIT-059_DDS_USB.a(SPIM.o)
                0x00002f34                SPIM_DisableTxInt
 .text.SPIM_DisableRxInt
                0x00002f40        0xc .\CortexM3\ARM_GCC_493\Debug\CY8CKIT-059_DDS_USB.a(SPIM.o)
                0x00002f40                SPIM_DisableRxInt
 .text.SPIM_ReadTxStatus
                0x00002f4c       0x28 .\CortexM3\ARM_GCC_493\Debug\CY8CKIT-059_DDS_USB.a(SPIM.o)
                0x00002f4c                SPIM_ReadTxStatus
 .text.SPIM_ReadRxStatus
                0x00002f74       0x28 .\CortexM3\ARM_GCC_493\Debug\CY8CKIT-059_DDS_USB.a(SPIM.o)
                0x00002f74                SPIM_ReadRxStatus
 .text.SPIM_WriteTxData
                0x00002f9c       0xd0 .\CortexM3\ARM_GCC_493\Debug\CY8CKIT-059_DDS_USB.a(SPIM.o)
                0x00002f9c                SPIM_WriteTxData
 .text.SPIM_ClearFIFO
                0x0000306c       0x3c .\CortexM3\ARM_GCC_493\Debug\CY8CKIT-059_DDS_USB.a(SPIM.o)
                0x0000306c                SPIM_ClearFIFO
 .text.SPIM_Init
                0x000030a8       0x90 .\CortexM3\ARM_GCC_493\Debug\CY8CKIT-059_DDS_USB.a(SPIM.o)
                0x000030a8                SPIM_Init
 .text.SPIM_Start
                0x00003138       0x1c .\CortexM3\ARM_GCC_493\Debug\CY8CKIT-059_DDS_USB.a(SPIM.o)
                0x00003138                SPIM_Start
 .text.SPIM_TX_ISR
                0x00003154       0x9c .\CortexM3\ARM_GCC_493\Debug\CY8CKIT-059_DDS_USB.a(SPIM_INT.o)
                0x00003154                SPIM_TX_ISR
 .text.SPIM_RX_ISR
                0x000031f0       0xa0 .\CortexM3\ARM_GCC_493\Debug\CY8CKIT-059_DDS_USB.a(SPIM_INT.o)
                0x000031f0                SPIM_RX_ISR
 .text.nTX_EN_Write
                0x00003290       0x18 .\CortexM3\ARM_GCC_493\Debug\CY8CKIT-059_DDS_USB.a(nTX_EN.o)
                0x00003290                nTX_EN_Write
 .text.USBUART_1_DispatchClassRqst
                0x000032a8       0x58 .\CortexM3\ARM_GCC_493\Debug\CY8CKIT-059_DDS_USB.a(USBUART_1_cls.o)
                0x000032a8                USBUART_1_DispatchClassRqst
 .text          0x00003300       0x38 c:/program files (x86)/cypress/psoc creator/3.3/psoc creator/import/gnu/arm/4.9.3/bin/../lib/gcc/arm-none-eabi/4.9.3/armv7-m\libgcc.a(_aeabi_ldivmod.o)
                0x00003300                __aeabi_ldivmod
 .text          0x00003338       0x60 c:/program files (x86)/cypress/psoc creator/3.3/psoc creator/import/gnu/arm/4.9.3/bin/../lib/gcc/arm-none-eabi/4.9.3/armv7-m\libgcc.a(bpabi.o)
                0x00003338                __gnu_ldivmod_helper
                0x00003368                __gnu_uldivmod_helper
 .text          0x00003398        0x4 c:/program files (x86)/cypress/psoc creator/3.3/psoc creator/import/gnu/arm/4.9.3/bin/../lib/gcc/arm-none-eabi/4.9.3/armv7-m\libgcc.a(_dvmd_tls.o)
                0x00003398                __aeabi_idiv0
                0x00003398                __aeabi_ldiv0
 .text          0x0000339c      0x2ac c:/program files (x86)/cypress/psoc creator/3.3/psoc creator/import/gnu/arm/4.9.3/bin/../lib/gcc/arm-none-eabi/4.9.3/armv7-m\libgcc.a(_divdi3.o)
                0x0000339c                __divdi3
 .text          0x00003648      0x270 c:/program files (x86)/cypress/psoc creator/3.3/psoc creator/import/gnu/arm/4.9.3/bin/../lib/gcc/arm-none-eabi/4.9.3/armv7-m\libgcc.a(_udivdi3.o)
                0x00003648                __udivdi3
 .text.__libc_init_array
                0x000038b8       0x4c c:/program files (x86)/cypress/psoc creator/3.3/psoc creator/import/gnu/arm/4.9.3/bin/../lib/gcc/arm-none-eabi/4.9.3/../../../../arm-none-eabi/lib/armv7-m\libg_nano.a(lib_a-init.o)
                0x000038b8                __libc_init_array
 .text.memcpy   0x00003904       0x16 c:/program files (x86)/cypress/psoc creator/3.3/psoc creator/import/gnu/arm/4.9.3/bin/../lib/gcc/arm-none-eabi/4.9.3/../../../../arm-none-eabi/lib/armv7-m\libg_nano.a(lib_a-memcpy.o)
                0x00003904                memcpy
 .text.memset   0x0000391a       0x10 c:/program files (x86)/cypress/psoc creator/3.3/psoc creator/import/gnu/arm/4.9.3/bin/../lib/gcc/arm-none-eabi/4.9.3/../../../../arm-none-eabi/lib/armv7-m\libg_nano.a(lib_a-memset.o)
                0x0000391a                memset
 *fill*         0x0000392a        0x2 
 .text._strtol_r
                0x0000392c      0x10c c:/program files (x86)/cypress/psoc creator/3.3/psoc creator/import/gnu/arm/4.9.3/bin/../lib/gcc/arm-none-eabi/4.9.3/../../../../arm-none-eabi/lib/armv7-m\libg_nano.a(lib_a-strtol.o)
                0x0000392c                _strtol_r
 .text.strtol   0x00003a38       0x1c c:/program files (x86)/cypress/psoc creator/3.3/psoc creator/import/gnu/arm/4.9.3/bin/../lib/gcc/arm-none-eabi/4.9.3/../../../../arm-none-eabi/lib/armv7-m\libg_nano.a(lib_a-strtol.o)
                0x00003a38                strtol
 *(.plt)
 *(.gnu.warning)
 *(.glue_7t)
 .glue_7t       0x00000000        0x0 linker stubs
 *(.glue_7)
 .glue_7        0x00000000        0x0 linker stubs
 *(.vfp11_veneer)
 .vfp11_veneer  0x00000000        0x0 linker stubs
 *(.bootloader)
 *(.ARM.extab* .gnu.linkonce.armextab.*)
 *(.gcc_except_table)

.v4_bx          0x00003a54        0x0
 .v4_bx         0x00000000        0x0 linker stubs

.iplt           0x00003a54        0x0
 .iplt          0x00000000        0x0 c:/program files (x86)/cypress/psoc creator/3.3/psoc creator/import/gnu/arm/4.9.3/bin/../lib/gcc/arm-none-eabi/4.9.3/armv7-m/crtbegin.o

.eh_frame_hdr
 *(.eh_frame_hdr)

.eh_frame       0x00003a54        0x4
 *(.eh_frame)
 .eh_frame      0x00003a54        0x0 c:/program files (x86)/cypress/psoc creator/3.3/psoc creator/import/gnu/arm/4.9.3/bin/../lib/gcc/arm-none-eabi/4.9.3/armv7-m/crtbegin.o
 .eh_frame      0x00003a54        0x4 c:/program files (x86)/cypress/psoc creator/3.3/psoc creator/import/gnu/arm/4.9.3/bin/../lib/gcc/arm-none-eabi/4.9.3/armv7-m/crtend.o
                0x00003a58                PROVIDE (__exidx_start, .)

.ARM.exidx      0x00003a58        0x8
 *(.ARM.exidx* .gnu.linkonce.armexidx.*)
 .ARM.exidx     0x00003a58        0x8 c:/program files (x86)/cypress/psoc creator/3.3/psoc creator/import/gnu/arm/4.9.3/bin/../lib/gcc/arm-none-eabi/4.9.3/armv7-m\libgcc.a(_divdi3.o)
 .ARM.exidx     0x00003a60        0x0 c:/program files (x86)/cypress/psoc creator/3.3/psoc creator/import/gnu/arm/4.9.3/bin/../lib/gcc/arm-none-eabi/4.9.3/armv7-m\libgcc.a(_udivdi3.o)
                                  0x8 (size before relaxing)
                0x00003a60                __exidx_end = .

.rodata         0x00003a60      0x3b8
 *(.rodata .rodata.* .gnu.linkonce.r.*)
 .rodata.str1.4
                0x00003a60        0x5 .\CortexM3\ARM_GCC_493\Debug\tasks.o
                                  0x8 (size before relaxing)
 *fill*         0x00003a65        0x3 
 .rodata.str1.4
                0x00003a68       0x3c .\CortexM3\ARM_GCC_493\Debug\com.o
 .rodata.str1.4
                0x00003aa4       0x8c .\CortexM3\ARM_GCC_493\Debug\main.o
 .rodata        0x00003b30       0x3c .\CortexM3\ARM_GCC_493\Debug\CY8CKIT-059_DDS_USB.a(cyfitter_cfg.o)
 .rodata.str1.4
                0x00003b6c       0x14 .\CortexM3\ARM_GCC_493\Debug\CY8CKIT-059_DDS_USB.a(USBUART_1_std.o)
 .rodata        0x00003b80      0x160 .\CortexM3\ARM_GCC_493\Debug\CY8CKIT-059_DDS_USB.a(USBUART_1_descr.o)
                0x00003b80                USBUART_1_TABLE
                0x00003b88                USBUART_1_DEVICE0_TABLE
                0x00003ba0                USBUART_1_DEVICE0_CONFIGURATION0_TABLE
                0x00003bc8                USBUART_1_DEVICE0_CONFIGURATION0_INTERFACE_CLASS
                0x00003bcc                USBUART_1_DEVICE0_CONFIGURATION0_EP_SETTINGS_TABLE
                0x00003be4                USBUART_1_SN_STRING_DESCRIPTOR
                0x00003be8                USBUART_1_STRING_DESCRIPTORS
                0x00003c88                USBUART_1_DEVICE0_CONFIGURATION0_DESCR
                0x00003ccc                USBUART_1_DEVICE0_DESCR
 .rodata.str1.1
                0x00003ce0        0x2 c:/program files (x86)/cypress/psoc creator/3.3/psoc creator/import/gnu/arm/4.9.3/bin/../lib/gcc/arm-none-eabi/4.9.3/../../../../arm-none-eabi/lib/armv7-m\libg_nano.a(lib_a-impure.o)
 .rodata._ctype_
                0x00003ce2      0x101 c:/program files (x86)/cypress/psoc creator/3.3/psoc creator/import/gnu/arm/4.9.3/bin/../lib/gcc/arm-none-eabi/4.9.3/../../../../arm-none-eabi/lib/armv7-m\libg_nano.a(lib_a-ctype_.o)
                0x00003ce2                _ctype_
                0x00003de4                . = ALIGN (0x4)
 *fill*         0x00003de3        0x1 
 *(.init)
 .init          0x00003de4        0x4 c:/program files (x86)/cypress/psoc creator/3.3/psoc creator/import/gnu/arm/4.9.3/bin/../lib/gcc/arm-none-eabi/4.9.3/armv7-m/crti.o
                0x00003de4                _init
 .init          0x00003de8        0x8 c:/program files (x86)/cypress/psoc creator/3.3/psoc creator/import/gnu/arm/4.9.3/bin/../lib/gcc/arm-none-eabi/4.9.3/armv7-m/crtn.o
                0x00003df0                . = ALIGN (0x4)
                0x00003df0                __preinit_array_start = .
 *(.preinit_array)
                0x00003df0                __preinit_array_end = .
                0x00003df0                . = ALIGN (0x4)
                0x00003df0                __init_array_start = .
 *(SORT(.init_array.*))
 *(.init_array)
 .init_array    0x00003df0        0x4 c:/program files (x86)/cypress/psoc creator/3.3/psoc creator/import/gnu/arm/4.9.3/bin/../lib/gcc/arm-none-eabi/4.9.3/armv7-m/crtbegin.o
 .init_array    0x00003df4        0x4 .\CortexM3\ARM_GCC_493\Debug\Cm3Start.o
                0x00003df8                __init_array_end = .
                0x00003df8                . = ALIGN (0x4)
 *(.fini)
 .fini          0x00003df8        0x4 c:/program files (x86)/cypress/psoc creator/3.3/psoc creator/import/gnu/arm/4.9.3/bin/../lib/gcc/arm-none-eabi/4.9.3/armv7-m/crti.o
                0x00003df8                _fini
 .fini          0x00003dfc        0x8 c:/program files (x86)/cypress/psoc creator/3.3/psoc creator/import/gnu/arm/4.9.3/bin/../lib/gcc/arm-none-eabi/4.9.3/armv7-m/crtn.o
                0x00003e04                . = ALIGN (0x4)
                0x00003e04                __fini_array_start = .
 *(.fini_array)
 .fini_array    0x00003e04        0x4 c:/program files (x86)/cypress/psoc creator/3.3/psoc creator/import/gnu/arm/4.9.3/bin/../lib/gcc/arm-none-eabi/4.9.3/armv7-m/crtbegin.o
 *(SORT(.fini_array.*))
                0x00003e08                __fini_array_end = .
                0x00003e08                . = ALIGN (0x4)
 *crtbegin.o(.ctors)
 *(EXCLUDE_FILE(*crtend.o) .ctors)
 *(SORT(.ctors.*))
 *crtend.o(.ctors)
                0x00003e08                . = ALIGN (0x4)
 *crtbegin.o(.dtors)
 *(EXCLUDE_FILE(*crtend.o) .dtors)
 *(SORT(.dtors.*))
 *crtend.o(.dtors)
                0x00003e08                . = ALIGN (0x4)
                0x00003e08                __cy_regions = .
                0x00003e08        0x4 LONG 0x3e18 __cy_region_init_ram
                0x00003e0c        0x4 LONG 0x1fff8108 __cy_region_start_data
                0x00003e10        0x4 LONG 0xa0 __cy_region_init_size_ram
                0x00003e14        0x4 LONG 0x8230 __cy_region_zero_size_ram
                0x00003e18                __cy_regions_end = .
                0x00003e18                . = ALIGN (0x8)
                0x00003e18                _etext = .

.cy_checksum_exclude
                0x00003e18        0x0
 *(.cy_checksum_exclude)

.ramvectors     0x1fff8000      0x100
                0x1fff8000                __cy_region_start_ram = .
 *(.ramvectors)
 .ramvectors    0x1fff8000      0x100 .\CortexM3\ARM_GCC_493\Debug\Cm3Start.o
                0x1fff8000                CyRamVectors

.noinit         0x1fff8100        0x5
 *(.noinit)
 .noinit        0x1fff8100        0x4 .\CortexM3\ARM_GCC_493\Debug\Cm3Start.o
 .noinit        0x1fff8104        0x1 .\CortexM3\ARM_GCC_493\Debug\CY8CKIT-059_DDS_USB.a(CyLib.o)
                0x1fff8104                CyResetStatus

.data           0x1fff8108       0xa0 load address 0x00003e18
                0x1fff8108                __cy_region_start_data = .
 *(.jcr)
 .jcr           0x1fff8108        0x0 c:/program files (x86)/cypress/psoc creator/3.3/psoc creator/import/gnu/arm/4.9.3/bin/../lib/gcc/arm-none-eabi/4.9.3/armv7-m/crtbegin.o
 .jcr           0x1fff8108        0x4 c:/program files (x86)/cypress/psoc creator/3.3/psoc creator/import/gnu/arm/4.9.3/bin/../lib/gcc/arm-none-eabi/4.9.3/armv7-m/crtend.o
 *(.got.plt)
 *(.got)
 *(.shdata)
 *(.data .data.* .gnu.linkonce.d.*)
 .data          0x1fff810c        0x4 .\CortexM3\ARM_GCC_493\Debug\port.o
 .data          0x1fff8110        0x4 .\CortexM3\ARM_GCC_493\Debug\heap_2.o
 .data          0x1fff8114       0x10 .\CortexM3\ARM_GCC_493\Debug\CY8CKIT-059_DDS_USB.a(CyLib.o)
                0x1fff8114                cydelay_32k_ms
                0x1fff8118                cydelay_freq_khz
                0x1fff811c                cydelay_freq_mhz
                0x1fff8120                cydelay_freq_hz
 .data          0x1fff8124       0x1c .\CortexM3\ARM_GCC_493\Debug\CY8CKIT-059_DDS_USB.a(USBUART_1_cdc.o)
                0x1fff8124                USBUART_1_linesCoding
 .data.impure_data
                0x1fff8140       0x60 c:/program files (x86)/cypress/psoc creator/3.3/psoc creator/import/gnu/arm/4.9.3/bin/../lib/gcc/arm-none-eabi/4.9.3/../../../../arm-none-eabi/lib/armv7-m\libg_nano.a(lib_a-impure.o)
 .data._impure_ptr
                0x1fff81a0        0x4 c:/program files (x86)/cypress/psoc creator/3.3/psoc creator/import/gnu/arm/4.9.3/bin/../lib/gcc/arm-none-eabi/4.9.3/../../../../arm-none-eabi/lib/armv7-m\libg_nano.a(lib_a-impure.o)
                0x1fff81a0                _impure_ptr
 .data.__ctype_ptr__
                0x1fff81a4        0x4 c:/program files (x86)/cypress/psoc creator/3.3/psoc creator/import/gnu/arm/4.9.3/bin/../lib/gcc/arm-none-eabi/4.9.3/../../../../arm-none-eabi/lib/armv7-m\libg_nano.a(lib_a-ctype_.o)
                0x1fff81a4                __ctype_ptr__
                0x1fff81a8                . = ALIGN (0x8)
 *(.ram)
                0x1fff81a8                _edata = .

.igot.plt       0x1fff81a8        0x0 load address 0x00003eb8
 .igot.plt      0x00000000        0x0 c:/program files (x86)/cypress/psoc creator/3.3/psoc creator/import/gnu/arm/4.9.3/bin/../lib/gcc/arm-none-eabi/4.9.3/armv7-m/crtbegin.o

.bss            0x1fff81a8     0x8230 load address 0x00003eb8
                0x1fff81a8                PROVIDE (__bss_start__, .)
 *(.shbss)
 *(.bss .bss.* .gnu.linkonce.b.*)
 .bss           0x1fff81a8       0x1c c:/program files (x86)/cypress/psoc creator/3.3/psoc creator/import/gnu/arm/4.9.3/bin/../lib/gcc/arm-none-eabi/4.9.3/armv7-m/crtbegin.o
 .bss           0x1fff81c4      0x100 .\CortexM3\ARM_GCC_493\Debug\tasks.o
                0x1fff8298                pxCurrentTCB
 .bss           0x1fff82c4     0x8014 .\CortexM3\ARM_GCC_493\Debug\heap_2.o
 .bss           0x200002d8        0x1 .\CortexM3\ARM_GCC_493\Debug\CY8CKIT-059_DDS_USB.a(USBUART_1.o)
                0x200002d8                USBUART_1_initVar
 .bss           0x200002d9        0x1 .\CortexM3\ARM_GCC_493\Debug\CY8CKIT-059_DDS_USB.a(USBUART_1_cdc.o)
 *fill*         0x200002da        0x2 
 .bss           0x200002dc        0x4 .\CortexM3\ARM_GCC_493\Debug\CY8CKIT-059_DDS_USB.a(USBUART_1_std.o)
 .bss           0x200002e0        0x1 .\CortexM3\ARM_GCC_493\Debug\CY8CKIT-059_DDS_USB.a(SPIM.o)
                0x200002e0                SPIM_initVar
 *(COMMON)
 *fill*         0x200002e1        0x3 
 COMMON         0x200002e4        0x4 .\CortexM3\ARM_GCC_493\Debug\com.o
                0x200002e4                gUSBUART_Ready
 COMMON         0x200002e8        0x4 .\CortexM3\ARM_GCC_493\Debug\main.o
                0x200002e8                xMutex_COM
 COMMON         0x200002ec       0x18 .\CortexM3\ARM_GCC_493\Debug\CY8CKIT-059_DDS_USB.a(USBUART_1_cdc.o)
                0x200002ec                USBUART_1_cdcDataInEp
                0x200002f0                USBUART_1_cdcDataOutEp
                0x200002f4                USBUART_1_cdcCommInInterruptEp
                0x200002f8                USBUART_1_serialStateBitmap
                0x200002fc                USBUART_1_linesChanged
                0x20000300                USBUART_1_linesControlBitmap
 COMMON         0x20000304       0x97 .\CortexM3\ARM_GCC_493\Debug\CY8CKIT-059_DDS_USB.a(USBUART_1_drv.o)
                0x20000304                USBUART_1_interfaceSettingLast
                0x20000306                USBUART_1_ep0Mode
                0x20000307                USBUART_1_lastPacketSize
                0x20000308                USBUART_1_configurationChanged
                0x20000309                USBUART_1_configuration
                0x2000030a                USBUART_1_interfaceNumber
                0x2000030b                USBUART_1_deviceStatus
                0x2000030c                USBUART_1_ep0Toggle
                0x20000310                USBUART_1_interfaceClass
                0x20000314                USBUART_1_interfaceSetting
                0x20000318                USBUART_1_currentTD
                0x20000324                USBUART_1_ep0Count
                0x20000328                USBUART_1_EP
                0x20000394                USBUART_1_transferByteCount
                0x20000396                USBUART_1_transferState
                0x20000397                USBUART_1_device
                0x20000398                USBUART_1_interfaceStatus
                0x2000039a                USBUART_1_deviceAddress
 *fill*         0x2000039b        0x1 
 COMMON         0x2000039c       0x17 .\CortexM3\ARM_GCC_493\Debug\CY8CKIT-059_DDS_USB.a(SPIM.o)
                0x2000039c                SPIM_rxBufferFull
                0x200003a0                SPIM_txBuffer
                0x200003a5                SPIM_swStatusTx
                0x200003a8                SPIM_rxBuffer
                0x200003ad                SPIM_txBufferFull
                0x200003ae                SPIM_txBufferRead
                0x200003af                SPIM_rxBufferWrite
                0x200003b0                SPIM_txBufferWrite
                0x200003b1                SPIM_rxBufferRead
                0x200003b2                SPIM_swStatusRx
 *fill*         0x200003b3        0x1 
 COMMON         0x200003b4       0x22 .\CortexM3\ARM_GCC_493\Debug\CY8CKIT-059_DDS_USB.a(USBUART_1_descr.o)
                0x200003b4                USBUART_1_idSerialNumberStringDescriptor
                0x200003d8                . = ALIGN (0x8)
 *fill*         0x200003d6        0x2 
 *(.ram.b)
                0x200003d8                _end = .
                0x200003d8                __end = .
                0x200003d8                PROVIDE (end, .)
                0x200003d8                PROVIDE (__bss_end__, .)
                0x00003e18                __cy_region_init_ram = LOADADDR (.data)
                0x000000a0                __cy_region_init_size_ram = (_edata - ADDR (.data))
                0x00008230                __cy_region_zero_size_ram = (_end - _edata)

.heap           0x200003d8       0x80 load address 0x00003eb8
                0x200003d8                . = _end
                0x20000458                . = (. + 0x80)
 *fill*         0x200003d8       0x80 
                0x20000458                __cy_heap_limit = .

.stack          0x20007800      0x800
                0x20007800                __cy_stack_limit = .
                0x20008000                . = (. + 0x800)
 *fill*         0x20007800      0x800 
                0x00000001                ASSERT ((__cy_stack_limit >= __cy_heap_limit), region RAM overflowed with stack)
                0x00000000                cy_checksum_exclude_size = (CY_APPL_LOADABLE == 0x1)?SIZEOF (.cy_checksum_exclude):0x0
                0x00000001                ASSERT ((cy_checksum_exclude_size <= CY_CHECKSUM_EXCLUDE_SIZE), CY_BOOT: Section .cy_checksum_exclude size exceedes specified limit.)

.cyloadermeta
 *(.cyloadermeta)

.cyloadablemeta
 *(.cyloadablemeta)

.cyconfigecc    0x80000000      0x314
 *(.cyconfigecc)
 .cyconfigecc   0x80000000      0x314 .\CortexM3\ARM_GCC_493\Debug\cymetadata.o
                0x80000000                cy_meta_configecc

.cycustnvl      0x90000000        0x4
 *(.cycustnvl)
 .cycustnvl     0x90000000        0x4 .\CortexM3\ARM_GCC_493\Debug\cymetadata.o
                0x90000000                cy_meta_custnvl

.cywolatch      0x90100000        0x4
 *(.cywolatch)
 .cywolatch     0x90100000        0x4 .\CortexM3\ARM_GCC_493\Debug\cymetadata.o
                0x90100000                cy_meta_wonvl

.cyeeprom       0x90200000        0x0
 *(.cyeeprom)
                0x00000001                ASSERT ((. <= ((0x90200000 + ee_offset) + ee_size)), .cyeeprom data will not fit in EEPROM)

.cyflashprotect
                0x90400000      0x100
 *(.cyflashprotect)
 .cyflashprotect
                0x90400000      0x100 .\CortexM3\ARM_GCC_493\Debug\cymetadata.o
                0x90400000                cy_meta_flashprotect

.cymeta         0x90500000        0xc
 *(.cymeta)
 .cymeta        0x90500000        0xc .\CortexM3\ARM_GCC_493\Debug\cymetadata.o
                0x90500000                cy_metadata

.rel.dyn        0x00003eb8        0x0 load address 0x9050000c
 .rel.iplt      0x00000000        0x0 c:/program files (x86)/cypress/psoc creator/3.3/psoc creator/import/gnu/arm/4.9.3/bin/../lib/gcc/arm-none-eabi/4.9.3/armv7-m/crtbegin.o

.stab
 *(.stab)

.stabstr
 *(.stabstr)

.debug
 *(.debug)

.line
 *(.line)

.debug_srcinfo
 *(.debug_srcinfo)

.debug_sfnames
 *(.debug_sfnames)

.debug_aranges  0x00000000     0x1030
 *(.debug_aranges)
 .debug_aranges
                0x00000000       0x18 .\CortexM3\ARM_GCC_493\Debug\croutine.o
 .debug_aranges
                0x00000018       0x68 .\CortexM3\ARM_GCC_493\Debug\event_groups.o
 .debug_aranges
                0x00000080       0x40 .\CortexM3\ARM_GCC_493\Debug\list.o
 .debug_aranges
                0x000000c0       0x88 .\CortexM3\ARM_GCC_493\Debug\port.o
 .debug_aranges
                0x00000148       0xe0 .\CortexM3\ARM_GCC_493\Debug\queue.o
 .debug_aranges
                0x00000228      0x1a0 .\CortexM3\ARM_GCC_493\Debug\tasks.o
 .debug_aranges
                0x000003c8       0x18 .\CortexM3\ARM_GCC_493\Debug\timers.o
 .debug_aranges
                0x000003e0       0x40 .\CortexM3\ARM_GCC_493\Debug\heap_2.o
 .debug_aranges
                0x00000420       0x30 .\CortexM3\ARM_GCC_493\Debug\com.o
 .debug_aranges
                0x00000450       0xc0 .\CortexM3\ARM_GCC_493\Debug\fixedpoint.o
 .debug_aranges
                0x00000510       0x80 .\CortexM3\ARM_GCC_493\Debug\utility.o
 .debug_aranges
                0x00000590       0x48 .\CortexM3\ARM_GCC_493\Debug\main.o
 .debug_aranges
                0x000005d8       0x18 .\CortexM3\ARM_GCC_493\Debug\cymetadata.o
 .debug_aranges
                0x000005f0       0x48 .\CortexM3\ARM_GCC_493\Debug\Cm3Start.o
 .debug_aranges
                0x00000638       0x58 .\CortexM3\ARM_GCC_493\Debug\CY8CKIT-059_DDS_USB.a(cyfitter_cfg.o)
 .debug_aranges
                0x00000690       0x38 .\CortexM3\ARM_GCC_493\Debug\CY8CKIT-059_DDS_USB.a(LED.o)
 .debug_aranges
                0x000006c8       0x20 .\CortexM3\ARM_GCC_493\Debug\CY8CKIT-059_DDS_USB.a(CyBootAsmGnu.o)
 .debug_aranges
                0x000006e8      0x298 .\CortexM3\ARM_GCC_493\Debug\CY8CKIT-059_DDS_USB.a(CyLib.o)
 .debug_aranges
                0x00000980       0x98 .\CortexM3\ARM_GCC_493\Debug\CY8CKIT-059_DDS_USB.a(cyPm.o)
 .debug_aranges
                0x00000a18       0xc8 .\CortexM3\ARM_GCC_493\Debug\CY8CKIT-059_DDS_USB.a(USBUART_1.o)
 .debug_aranges
                0x00000ae0       0xe8 .\CortexM3\ARM_GCC_493\Debug\CY8CKIT-059_DDS_USB.a(USBUART_1_cdc.o)
 .debug_aranges
                0x00000bc8       0x98 .\CortexM3\ARM_GCC_493\Debug\CY8CKIT-059_DDS_USB.a(USBUART_1_drv.o)
 .debug_aranges
                0x00000c60       0x40 .\CortexM3\ARM_GCC_493\Debug\CY8CKIT-059_DDS_USB.a(USBUART_1_episr.o)
 .debug_aranges
                0x00000ca0       0x40 .\CortexM3\ARM_GCC_493\Debug\CY8CKIT-059_DDS_USB.a(USBUART_1_pm.o)
 .debug_aranges
                0x00000ce0       0x80 .\CortexM3\ARM_GCC_493\Debug\CY8CKIT-059_DDS_USB.a(USBUART_1_std.o)
 .debug_aranges
                0x00000d60       0x20 .\CortexM3\ARM_GCC_493\Debug\CY8CKIT-059_DDS_USB.a(USBUART_1_vnd.o)
 .debug_aranges
                0x00000d80       0x48 .\CortexM3\ARM_GCC_493\Debug\CY8CKIT-059_DDS_USB.a(USBUART_1_Dp.o)
 .debug_aranges
                0x00000dc8       0xd8 .\CortexM3\ARM_GCC_493\Debug\CY8CKIT-059_DDS_USB.a(SPIM.o)
 .debug_aranges
                0x00000ea0       0x28 .\CortexM3\ARM_GCC_493\Debug\CY8CKIT-059_DDS_USB.a(SPIM_INT.o)
 .debug_aranges
                0x00000ec8       0x38 .\CortexM3\ARM_GCC_493\Debug\CY8CKIT-059_DDS_USB.a(nTX_EN.o)
 .debug_aranges
                0x00000f00       0x80 .\CortexM3\ARM_GCC_493\Debug\CY8CKIT-059_DDS_USB.a(CyFlash.o)
 .debug_aranges
                0x00000f80       0x78 .\CortexM3\ARM_GCC_493\Debug\CY8CKIT-059_DDS_USB.a(CySpc.o)
 .debug_aranges
                0x00000ff8       0x20 .\CortexM3\ARM_GCC_493\Debug\CY8CKIT-059_DDS_USB.a(USBUART_1_cls.o)
 .debug_aranges
                0x00001018       0x18 .\CortexM3\ARM_GCC_493\Debug\CY8CKIT-059_DDS_USB.a(USBUART_1_descr.o)

.debug_pubnames
 *(.debug_pubnames)

.debug_info     0x00000000     0xd767
 *(.debug_info .gnu.linkonce.wi.*)
 .debug_info    0x00000000       0xa7 .\CortexM3\ARM_GCC_493\Debug\croutine.o
 .debug_info    0x000000a7      0x906 .\CortexM3\ARM_GCC_493\Debug\event_groups.o
 .debug_info    0x000009ad      0x2d3 .\CortexM3\ARM_GCC_493\Debug\list.o
 .debug_info    0x00000c80      0x2f0 .\CortexM3\ARM_GCC_493\Debug\port.o
 .debug_info    0x00000f70     0x1311 .\CortexM3\ARM_GCC_493\Debug\queue.o
 .debug_info    0x00002281     0x1f02 .\CortexM3\ARM_GCC_493\Debug\tasks.o
 .debug_info    0x00004183       0xa7 .\CortexM3\ARM_GCC_493\Debug\timers.o
 .debug_info    0x0000422a      0x384 .\CortexM3\ARM_GCC_493\Debug\heap_2.o
 .debug_info    0x000045ae      0x35c .\CortexM3\ARM_GCC_493\Debug\com.o
 .debug_info    0x0000490a      0xadd .\CortexM3\ARM_GCC_493\Debug\fixedpoint.o
 .debug_info    0x000053e7      0x949 .\CortexM3\ARM_GCC_493\Debug\utility.o
 .debug_info    0x00005d30      0x93d .\CortexM3\ARM_GCC_493\Debug\main.o
 .debug_info    0x0000666d      0x13b .\CortexM3\ARM_GCC_493\Debug\cymetadata.o
 .debug_info    0x000067a8      0x3a5 .\CortexM3\ARM_GCC_493\Debug\Cm3Start.o
 .debug_info    0x00006b4d      0x5c4 .\CortexM3\ARM_GCC_493\Debug\CY8CKIT-059_DDS_USB.a(cyfitter_cfg.o)
 .debug_info    0x00007111      0x11f .\CortexM3\ARM_GCC_493\Debug\CY8CKIT-059_DDS_USB.a(LED.o)
 .debug_info    0x00007230       0x9a .\CortexM3\ARM_GCC_493\Debug\CY8CKIT-059_DDS_USB.a(CyBootAsmGnu.o)
 .debug_info    0x000072ca     0x1371 .\CortexM3\ARM_GCC_493\Debug\CY8CKIT-059_DDS_USB.a(CyLib.o)
 .debug_info    0x0000863b      0xa58 .\CortexM3\ARM_GCC_493\Debug\CY8CKIT-059_DDS_USB.a(cyPm.o)
 .debug_info    0x00009093      0x9ac .\CortexM3\ARM_GCC_493\Debug\CY8CKIT-059_DDS_USB.a(USBUART_1.o)
 .debug_info    0x00009a3f      0xb16 .\CortexM3\ARM_GCC_493\Debug\CY8CKIT-059_DDS_USB.a(USBUART_1_cdc.o)
 .debug_info    0x0000a555      0x649 .\CortexM3\ARM_GCC_493\Debug\CY8CKIT-059_DDS_USB.a(USBUART_1_drv.o)
 .debug_info    0x0000ab9e      0x244 .\CortexM3\ARM_GCC_493\Debug\CY8CKIT-059_DDS_USB.a(USBUART_1_episr.o)
 .debug_info    0x0000ade2      0x2ef .\CortexM3\ARM_GCC_493\Debug\CY8CKIT-059_DDS_USB.a(USBUART_1_pm.o)
 .debug_info    0x0000b0d1      0xb35 .\CortexM3\ARM_GCC_493\Debug\CY8CKIT-059_DDS_USB.a(USBUART_1_std.o)
 .debug_info    0x0000bc06       0xe6 .\CortexM3\ARM_GCC_493\Debug\CY8CKIT-059_DDS_USB.a(USBUART_1_vnd.o)
 .debug_info    0x0000bcec      0x174 .\CortexM3\ARM_GCC_493\Debug\CY8CKIT-059_DDS_USB.a(USBUART_1_Dp.o)
 .debug_info    0x0000be60      0x709 .\CortexM3\ARM_GCC_493\Debug\CY8CKIT-059_DDS_USB.a(SPIM.o)
 .debug_info    0x0000c569      0x186 .\CortexM3\ARM_GCC_493\Debug\CY8CKIT-059_DDS_USB.a(SPIM_INT.o)
 .debug_info    0x0000c6ef      0x11f .\CortexM3\ARM_GCC_493\Debug\CY8CKIT-059_DDS_USB.a(nTX_EN.o)
 .debug_info    0x0000c80e      0x60a .\CortexM3\ARM_GCC_493\Debug\CY8CKIT-059_DDS_USB.a(CyFlash.o)
 .debug_info    0x0000ce18      0x4f0 .\CortexM3\ARM_GCC_493\Debug\CY8CKIT-059_DDS_USB.a(CySpc.o)
 .debug_info    0x0000d308      0x1d2 .\CortexM3\ARM_GCC_493\Debug\CY8CKIT-059_DDS_USB.a(USBUART_1_cls.o)
 .debug_info    0x0000d4da      0x28d .\CortexM3\ARM_GCC_493\Debug\CY8CKIT-059_DDS_USB.a(USBUART_1_descr.o)

.debug_abbrev   0x00000000     0x3281
 *(.debug_abbrev)
 .debug_abbrev  0x00000000       0x4b .\CortexM3\ARM_GCC_493\Debug\croutine.o
 .debug_abbrev  0x0000004b      0x250 .\CortexM3\ARM_GCC_493\Debug\event_groups.o
 .debug_abbrev  0x0000029b       0xf6 .\CortexM3\ARM_GCC_493\Debug\list.o
 .debug_abbrev  0x00000391      0x1aa .\CortexM3\ARM_GCC_493\Debug\port.o
 .debug_abbrev  0x0000053b      0x27a .\CortexM3\ARM_GCC_493\Debug\queue.o
 .debug_abbrev  0x000007b5      0x307 .\CortexM3\ARM_GCC_493\Debug\tasks.o
 .debug_abbrev  0x00000abc       0x4b .\CortexM3\ARM_GCC_493\Debug\timers.o
 .debug_abbrev  0x00000b07      0x1d9 .\CortexM3\ARM_GCC_493\Debug\heap_2.o
 .debug_abbrev  0x00000ce0      0x1d7 .\CortexM3\ARM_GCC_493\Debug\com.o
 .debug_abbrev  0x00000eb7      0x19b .\CortexM3\ARM_GCC_493\Debug\fixedpoint.o
 .debug_abbrev  0x00001052      0x20a .\CortexM3\ARM_GCC_493\Debug\utility.o
 .debug_abbrev  0x0000125c      0x25f .\CortexM3\ARM_GCC_493\Debug\main.o
 .debug_abbrev  0x000014bb       0x66 .\CortexM3\ARM_GCC_493\Debug\cymetadata.o
 .debug_abbrev  0x00001521      0x20f .\CortexM3\ARM_GCC_493\Debug\Cm3Start.o
 .debug_abbrev  0x00001730      0x212 .\CortexM3\ARM_GCC_493\Debug\CY8CKIT-059_DDS_USB.a(cyfitter_cfg.o)
 .debug_abbrev  0x00001942       0x90 .\CortexM3\ARM_GCC_493\Debug\CY8CKIT-059_DDS_USB.a(LED.o)
 .debug_abbrev  0x000019d2       0x14 .\CortexM3\ARM_GCC_493\Debug\CY8CKIT-059_DDS_USB.a(CyBootAsmGnu.o)
 .debug_abbrev  0x000019e6      0x296 .\CortexM3\ARM_GCC_493\Debug\CY8CKIT-059_DDS_USB.a(CyLib.o)
 .debug_abbrev  0x00001c7c      0x1ed .\CortexM3\ARM_GCC_493\Debug\CY8CKIT-059_DDS_USB.a(cyPm.o)
 .debug_abbrev  0x00001e69      0x25e .\CortexM3\ARM_GCC_493\Debug\CY8CKIT-059_DDS_USB.a(USBUART_1.o)
 .debug_abbrev  0x000020c7      0x28b .\CortexM3\ARM_GCC_493\Debug\CY8CKIT-059_DDS_USB.a(USBUART_1_cdc.o)
 .debug_abbrev  0x00002352      0x18b .\CortexM3\ARM_GCC_493\Debug\CY8CKIT-059_DDS_USB.a(USBUART_1_drv.o)
 .debug_abbrev  0x000024dd      0x11b .\CortexM3\ARM_GCC_493\Debug\CY8CKIT-059_DDS_USB.a(USBUART_1_episr.o)
 .debug_abbrev  0x000025f8      0x146 .\CortexM3\ARM_GCC_493\Debug\CY8CKIT-059_DDS_USB.a(USBUART_1_pm.o)
 .debug_abbrev  0x0000273e      0x23d .\CortexM3\ARM_GCC_493\Debug\CY8CKIT-059_DDS_USB.a(USBUART_1_std.o)
 .debug_abbrev  0x0000297b       0x9b .\CortexM3\ARM_GCC_493\Debug\CY8CKIT-059_DDS_USB.a(USBUART_1_vnd.o)
 .debug_abbrev  0x00002a16       0x90 .\CortexM3\ARM_GCC_493\Debug\CY8CKIT-059_DDS_USB.a(USBUART_1_Dp.o)
 .debug_abbrev  0x00002aa6      0x198 .\CortexM3\ARM_GCC_493\Debug\CY8CKIT-059_DDS_USB.a(SPIM.o)
 .debug_abbrev  0x00002c3e       0x8a .\CortexM3\ARM_GCC_493\Debug\CY8CKIT-059_DDS_USB.a(SPIM_INT.o)
 .debug_abbrev  0x00002cc8       0x90 .\CortexM3\ARM_GCC_493\Debug\CY8CKIT-059_DDS_USB.a(nTX_EN.o)
 .debug_abbrev  0x00002d58      0x1d1 .\CortexM3\ARM_GCC_493\Debug\CY8CKIT-059_DDS_USB.a(CyFlash.o)
 .debug_abbrev  0x00002f29      0x1c1 .\CortexM3\ARM_GCC_493\Debug\CY8CKIT-059_DDS_USB.a(CySpc.o)
 .debug_abbrev  0x000030ea       0xe3 .\CortexM3\ARM_GCC_493\Debug\CY8CKIT-059_DDS_USB.a(USBUART_1_cls.o)
 .debug_abbrev  0x000031cd       0xb4 .\CortexM3\ARM_GCC_493\Debug\CY8CKIT-059_DDS_USB.a(USBUART_1_descr.o)

.debug_line     0x00000000     0x5275
 *(.debug_line)
 .debug_line    0x00000000      0x13a .\CortexM3\ARM_GCC_493\Debug\croutine.o
 .debug_line    0x0000013a      0x369 .\CortexM3\ARM_GCC_493\Debug\event_groups.o
 .debug_line    0x000004a3      0x1e6 .\CortexM3\ARM_GCC_493\Debug\list.o
 .debug_line    0x00000689      0x290 .\CortexM3\ARM_GCC_493\Debug\port.o
 .debug_line    0x00000919      0x56d .\CortexM3\ARM_GCC_493\Debug\queue.o
 .debug_line    0x00000e86      0x991 .\CortexM3\ARM_GCC_493\Debug\tasks.o
 .debug_line    0x00001817      0x13a .\CortexM3\ARM_GCC_493\Debug\timers.o
 .debug_line    0x00001951      0x296 .\CortexM3\ARM_GCC_493\Debug\heap_2.o
 .debug_line    0x00001be7      0x27b .\CortexM3\ARM_GCC_493\Debug\com.o
 .debug_line    0x00001e62      0x3a6 .\CortexM3\ARM_GCC_493\Debug\fixedpoint.o
 .debug_line    0x00002208      0x487 .\CortexM3\ARM_GCC_493\Debug\utility.o
 .debug_line    0x0000268f      0x2e0 .\CortexM3\ARM_GCC_493\Debug\main.o
 .debug_line    0x0000296f       0x53 .\CortexM3\ARM_GCC_493\Debug\cymetadata.o
 .debug_line    0x000029c2      0x249 .\CortexM3\ARM_GCC_493\Debug\Cm3Start.o
 .debug_line    0x00002c0b      0x1fa .\CortexM3\ARM_GCC_493\Debug\CY8CKIT-059_DDS_USB.a(cyfitter_cfg.o)
 .debug_line    0x00002e05       0x92 .\CortexM3\ARM_GCC_493\Debug\CY8CKIT-059_DDS_USB.a(LED.o)
 .debug_line    0x00002e97       0x68 .\CortexM3\ARM_GCC_493\Debug\CY8CKIT-059_DDS_USB.a(CyBootAsmGnu.o)
 .debug_line    0x00002eff      0x806 .\CortexM3\ARM_GCC_493\Debug\CY8CKIT-059_DDS_USB.a(CyLib.o)
 .debug_line    0x00003705      0x366 .\CortexM3\ARM_GCC_493\Debug\CY8CKIT-059_DDS_USB.a(cyPm.o)
 .debug_line    0x00003a6b      0x2d0 .\CortexM3\ARM_GCC_493\Debug\CY8CKIT-059_DDS_USB.a(USBUART_1.o)
 .debug_line    0x00003d3b      0x2fa .\CortexM3\ARM_GCC_493\Debug\CY8CKIT-059_DDS_USB.a(USBUART_1_cdc.o)
 .debug_line    0x00004035      0x229 .\CortexM3\ARM_GCC_493\Debug\CY8CKIT-059_DDS_USB.a(USBUART_1_drv.o)
 .debug_line    0x0000425e       0xee .\CortexM3\ARM_GCC_493\Debug\CY8CKIT-059_DDS_USB.a(USBUART_1_episr.o)
 .debug_line    0x0000434c      0x118 .\CortexM3\ARM_GCC_493\Debug\CY8CKIT-059_DDS_USB.a(USBUART_1_pm.o)
 .debug_line    0x00004464      0x3ea .\CortexM3\ARM_GCC_493\Debug\CY8CKIT-059_DDS_USB.a(USBUART_1_std.o)
 .debug_line    0x0000484e       0x79 .\CortexM3\ARM_GCC_493\Debug\CY8CKIT-059_DDS_USB.a(USBUART_1_vnd.o)
 .debug_line    0x000048c7       0xbf .\CortexM3\ARM_GCC_493\Debug\CY8CKIT-059_DDS_USB.a(USBUART_1_Dp.o)
 .debug_line    0x00004986      0x287 .\CortexM3\ARM_GCC_493\Debug\CY8CKIT-059_DDS_USB.a(SPIM.o)
 .debug_line    0x00004c0d       0xa8 .\CortexM3\ARM_GCC_493\Debug\CY8CKIT-059_DDS_USB.a(SPIM_INT.o)
 .debug_line    0x00004cb5       0x95 .\CortexM3\ARM_GCC_493\Debug\CY8CKIT-059_DDS_USB.a(nTX_EN.o)
 .debug_line    0x00004d4a      0x1ec .\CortexM3\ARM_GCC_493\Debug\CY8CKIT-059_DDS_USB.a(CyFlash.o)
 .debug_line    0x00004f36      0x23e .\CortexM3\ARM_GCC_493\Debug\CY8CKIT-059_DDS_USB.a(CySpc.o)
 .debug_line    0x00005174       0x9a .\CortexM3\ARM_GCC_493\Debug\CY8CKIT-059_DDS_USB.a(USBUART_1_cls.o)
 .debug_line    0x0000520e       0x67 .\CortexM3\ARM_GCC_493\Debug\CY8CKIT-059_DDS_USB.a(USBUART_1_descr.o)

.debug_frame    0x00000000     0x2d58
 *(.debug_frame)
 .debug_frame   0x00000000      0x148 .\CortexM3\ARM_GCC_493\Debug\event_groups.o
 .debug_frame   0x00000148       0x70 .\CortexM3\ARM_GCC_493\Debug\list.o
 .debug_frame   0x000001b8      0x12c .\CortexM3\ARM_GCC_493\Debug\port.o
 .debug_frame   0x000002e4      0x2f4 .\CortexM3\ARM_GCC_493\Debug\queue.o
 .debug_frame   0x000005d8      0x5c8 .\CortexM3\ARM_GCC_493\Debug\tasks.o
 .debug_frame   0x00000ba0       0x8c .\CortexM3\ARM_GCC_493\Debug\heap_2.o
 .debug_frame   0x00000c2c       0xa0 .\CortexM3\ARM_GCC_493\Debug\com.o
 .debug_frame   0x00000ccc      0x254 .\CortexM3\ARM_GCC_493\Debug\fixedpoint.o
 .debug_frame   0x00000f20      0x1b0 .\CortexM3\ARM_GCC_493\Debug\utility.o
 .debug_frame   0x000010d0       0xb8 .\CortexM3\ARM_GCC_493\Debug\main.o
 .debug_frame   0x00001188       0xac .\CortexM3\ARM_GCC_493\Debug\Cm3Start.o
 .debug_frame   0x00001234       0xe0 .\CortexM3\ARM_GCC_493\Debug\CY8CKIT-059_DDS_USB.a(cyfitter_cfg.o)
 .debug_frame   0x00001314       0x50 .\CortexM3\ARM_GCC_493\Debug\CY8CKIT-059_DDS_USB.a(LED.o)
 .debug_frame   0x00001364      0x728 .\CortexM3\ARM_GCC_493\Debug\CY8CKIT-059_DDS_USB.a(CyLib.o)
 .debug_frame   0x00001a8c      0x1f8 .\CortexM3\ARM_GCC_493\Debug\CY8CKIT-059_DDS_USB.a(cyPm.o)
 .debug_frame   0x00001c84      0x1dc .\CortexM3\ARM_GCC_493\Debug\CY8CKIT-059_DDS_USB.a(USBUART_1.o)
 .debug_frame   0x00001e60      0x278 .\CortexM3\ARM_GCC_493\Debug\CY8CKIT-059_DDS_USB.a(USBUART_1_cdc.o)
 .debug_frame   0x000020d8      0x194 .\CortexM3\ARM_GCC_493\Debug\CY8CKIT-059_DDS_USB.a(USBUART_1_drv.o)
 .debug_frame   0x0000226c       0x6c .\CortexM3\ARM_GCC_493\Debug\CY8CKIT-059_DDS_USB.a(USBUART_1_episr.o)
 .debug_frame   0x000022d8       0xa0 .\CortexM3\ARM_GCC_493\Debug\CY8CKIT-059_DDS_USB.a(USBUART_1_pm.o)
 .debug_frame   0x00002378      0x17c .\CortexM3\ARM_GCC_493\Debug\CY8CKIT-059_DDS_USB.a(USBUART_1_std.o)
 .debug_frame   0x000024f4       0x20 .\CortexM3\ARM_GCC_493\Debug\CY8CKIT-059_DDS_USB.a(USBUART_1_vnd.o)
 .debug_frame   0x00002514       0x70 .\CortexM3\ARM_GCC_493\Debug\CY8CKIT-059_DDS_USB.a(USBUART_1_Dp.o)
 .debug_frame   0x00002584      0x260 .\CortexM3\ARM_GCC_493\Debug\CY8CKIT-059_DDS_USB.a(SPIM.o)
 .debug_frame   0x000027e4       0x30 .\CortexM3\ARM_GCC_493\Debug\CY8CKIT-059_DDS_USB.a(SPIM_INT.o)
 .debug_frame   0x00002814       0x50 .\CortexM3\ARM_GCC_493\Debug\CY8CKIT-059_DDS_USB.a(nTX_EN.o)
 .debug_frame   0x00002864      0x174 .\CortexM3\ARM_GCC_493\Debug\CY8CKIT-059_DDS_USB.a(CyFlash.o)
 .debug_frame   0x000029d8      0x160 .\CortexM3\ARM_GCC_493\Debug\CY8CKIT-059_DDS_USB.a(CySpc.o)
 .debug_frame   0x00002b38       0x2c .\CortexM3\ARM_GCC_493\Debug\CY8CKIT-059_DDS_USB.a(USBUART_1_cls.o)
 .debug_frame   0x00002b64       0x28 c:/program files (x86)/cypress/psoc creator/3.3/psoc creator/import/gnu/arm/4.9.3/bin/../lib/gcc/arm-none-eabi/4.9.3/armv7-m\libgcc.a(_aeabi_ldivmod.o)
 .debug_frame   0x00002b8c       0x54 c:/program files (x86)/cypress/psoc creator/3.3/psoc creator/import/gnu/arm/4.9.3/bin/../lib/gcc/arm-none-eabi/4.9.3/armv7-m\libgcc.a(bpabi.o)
 .debug_frame   0x00002be0       0x34 c:/program files (x86)/cypress/psoc creator/3.3/psoc creator/import/gnu/arm/4.9.3/bin/../lib/gcc/arm-none-eabi/4.9.3/armv7-m\libgcc.a(_divdi3.o)
 .debug_frame   0x00002c14       0x34 c:/program files (x86)/cypress/psoc creator/3.3/psoc creator/import/gnu/arm/4.9.3/bin/../lib/gcc/arm-none-eabi/4.9.3/armv7-m\libgcc.a(_udivdi3.o)
 .debug_frame   0x00002c48       0x20 c:/program files (x86)/cypress/psoc creator/3.3/psoc creator/import/gnu/arm/4.9.3/bin/../lib/gcc/arm-none-eabi/4.9.3/../../../../arm-none-eabi/lib/armv7-m\libg_nano.a(lib_a-errno.o)
 .debug_frame   0x00002c68       0x28 c:/program files (x86)/cypress/psoc creator/3.3/psoc creator/import/gnu/arm/4.9.3/bin/../lib/gcc/arm-none-eabi/4.9.3/../../../../arm-none-eabi/lib/armv7-m\libg_nano.a(lib_a-exit.o)
 .debug_frame   0x00002c90       0x2c c:/program files (x86)/cypress/psoc creator/3.3/psoc creator/import/gnu/arm/4.9.3/bin/../lib/gcc/arm-none-eabi/4.9.3/../../../../arm-none-eabi/lib/armv7-m\libg_nano.a(lib_a-init.o)
 .debug_frame   0x00002cbc       0x28 c:/program files (x86)/cypress/psoc creator/3.3/psoc creator/import/gnu/arm/4.9.3/bin/../lib/gcc/arm-none-eabi/4.9.3/../../../../arm-none-eabi/lib/armv7-m\libg_nano.a(lib_a-memcpy.o)
 .debug_frame   0x00002ce4       0x20 c:/program files (x86)/cypress/psoc creator/3.3/psoc creator/import/gnu/arm/4.9.3/bin/../lib/gcc/arm-none-eabi/4.9.3/../../../../arm-none-eabi/lib/armv7-m\libg_nano.a(lib_a-memset.o)
 .debug_frame   0x00002d04       0x54 c:/program files (x86)/cypress/psoc creator/3.3/psoc creator/import/gnu/arm/4.9.3/bin/../lib/gcc/arm-none-eabi/4.9.3/../../../../arm-none-eabi/lib/armv7-m\libg_nano.a(lib_a-strtol.o)

.debug_str      0x00000000     0x42fd
 *(.debug_str)
 .debug_str     0x00000000      0x16c .\CortexM3\ARM_GCC_493\Debug\croutine.o
                                0x1ad (size before relaxing)
 .debug_str     0x0000016c      0x444 .\CortexM3\ARM_GCC_493\Debug\event_groups.o
                                0x624 (size before relaxing)
 .debug_str     0x000005b0       0x90 .\CortexM3\ARM_GCC_493\Debug\list.o
                                0x2fc (size before relaxing)
 .debug_str     0x00000640      0x136 .\CortexM3\ARM_GCC_493\Debug\port.o
                                0x361 (size before relaxing)
 .debug_str     0x00000776      0x55a .\CortexM3\ARM_GCC_493\Debug\queue.o
                                0x8cb (size before relaxing)
 .debug_str     0x00000cd0      0x8d9 .\CortexM3\ARM_GCC_493\Debug\tasks.o
                                0xeb8 (size before relaxing)
 .debug_str     0x000015a9       0x15 .\CortexM3\ARM_GCC_493\Debug\timers.o
                                0x1ab (size before relaxing)
 .debug_str     0x000015be      0x14f .\CortexM3\ARM_GCC_493\Debug\heap_2.o
                                0x372 (size before relaxing)
 .debug_str     0x0000170d      0x132 .\CortexM3\ARM_GCC_493\Debug\com.o
                                0x2d0 (size before relaxing)
 .debug_str     0x0000183f      0x1d3 .\CortexM3\ARM_GCC_493\Debug\fixedpoint.o
                                0x376 (size before relaxing)
 .debug_str     0x00001a12      0x17d .\CortexM3\ARM_GCC_493\Debug\utility.o
                                0x382 (size before relaxing)
 .debug_str     0x00001b8f       0xf2 .\CortexM3\ARM_GCC_493\Debug\main.o
                                0x4f1 (size before relaxing)
 .debug_str     0x00001c81       0x77 .\CortexM3\ARM_GCC_493\Debug\cymetadata.o
                                0x1f4 (size before relaxing)
 .debug_str     0x00001cf8      0x144 .\CortexM3\ARM_GCC_493\Debug\Cm3Start.o
                                0x308 (size before relaxing)
 .debug_str     0x00001e3c      0x177 .\CortexM3\ARM_GCC_493\Debug\CY8CKIT-059_DDS_USB.a(cyfitter_cfg.o)
                                0x342 (size before relaxing)
 .debug_str     0x00001fb3       0x59 .\CortexM3\ARM_GCC_493\Debug\CY8CKIT-059_DDS_USB.a(LED.o)
                                0x1e2 (size before relaxing)
 .debug_str     0x0000200c      0x834 .\CortexM3\ARM_GCC_493\Debug\CY8CKIT-059_DDS_USB.a(CyLib.o)
                                0xa2d (size before relaxing)
 .debug_str     0x00002840      0x35b .\CortexM3\ARM_GCC_493\Debug\CY8CKIT-059_DDS_USB.a(cyPm.o)
                                0x725 (size before relaxing)
 .debug_str     0x00002b9b      0x437 .\CortexM3\ARM_GCC_493\Debug\CY8CKIT-059_DDS_USB.a(USBUART_1.o)
                                0x6a9 (size before relaxing)
 .debug_str     0x00002fd2      0x507 .\CortexM3\ARM_GCC_493\Debug\CY8CKIT-059_DDS_USB.a(USBUART_1_cdc.o)
                                0x839 (size before relaxing)
 .debug_str     0x000034d9      0x2c3 .\CortexM3\ARM_GCC_493\Debug\CY8CKIT-059_DDS_USB.a(USBUART_1_drv.o)
                                0x69a (size before relaxing)
 .debug_str     0x0000379c       0x8e .\CortexM3\ARM_GCC_493\Debug\CY8CKIT-059_DDS_USB.a(USBUART_1_episr.o)
                                0x2f3 (size before relaxing)
 .debug_str     0x0000382a      0x104 .\CortexM3\ARM_GCC_493\Debug\CY8CKIT-059_DDS_USB.a(USBUART_1_pm.o)
                                0x30d (size before relaxing)
 .debug_str     0x0000392e      0x278 .\CortexM3\ARM_GCC_493\Debug\CY8CKIT-059_DDS_USB.a(USBUART_1_std.o)
                                0x80f (size before relaxing)
 .debug_str     0x00003ba6       0x29 .\CortexM3\ARM_GCC_493\Debug\CY8CKIT-059_DDS_USB.a(USBUART_1_vnd.o)
                                0x1f1 (size before relaxing)
 .debug_str     0x00003bcf       0xa7 .\CortexM3\ARM_GCC_493\Debug\CY8CKIT-059_DDS_USB.a(USBUART_1_Dp.o)
                                0x259 (size before relaxing)
 .debug_str     0x00003c76      0x274 .\CortexM3\ARM_GCC_493\Debug\CY8CKIT-059_DDS_USB.a(SPIM.o)
                                0x4c2 (size before relaxing)
 .debug_str     0x00003eea       0x3c .\CortexM3\ARM_GCC_493\Debug\CY8CKIT-059_DDS_USB.a(SPIM_INT.o)
                                0x279 (size before relaxing)
 .debug_str     0x00003f26       0x55 .\CortexM3\ARM_GCC_493\Debug\CY8CKIT-059_DDS_USB.a(nTX_EN.o)
                                0x1f1 (size before relaxing)
 .debug_str     0x00003f7b      0x197 .\CortexM3\ARM_GCC_493\Debug\CY8CKIT-059_DDS_USB.a(CyFlash.o)
                                0x39f (size before relaxing)
 .debug_str     0x00004112       0xae .\CortexM3\ARM_GCC_493\Debug\CY8CKIT-059_DDS_USB.a(CySpc.o)
                                0x328 (size before relaxing)
 .debug_str     0x000041c0       0x29 .\CortexM3\ARM_GCC_493\Debug\CY8CKIT-059_DDS_USB.a(USBUART_1_cls.o)
                                0x2b8 (size before relaxing)
 .debug_str     0x000041e9      0x114 .\CortexM3\ARM_GCC_493\Debug\CY8CKIT-059_DDS_USB.a(USBUART_1_descr.o)
                                0x371 (size before relaxing)

.debug_loc      0x00000000     0x749c
 *(.debug_loc)
 .debug_loc     0x00000000      0x65e .\CortexM3\ARM_GCC_493\Debug\event_groups.o
 .debug_loc     0x0000065e       0x65 .\CortexM3\ARM_GCC_493\Debug\list.o
 .debug_loc     0x000006c3       0x80 .\CortexM3\ARM_GCC_493\Debug\port.o
 .debug_loc     0x00000743      0xeb5 .\CortexM3\ARM_GCC_493\Debug\queue.o
 .debug_loc     0x000015f8     0x13e3 .\CortexM3\ARM_GCC_493\Debug\tasks.o
 .debug_loc     0x000029db      0x1cc .\CortexM3\ARM_GCC_493\Debug\heap_2.o
 .debug_loc     0x00002ba7       0x92 .\CortexM3\ARM_GCC_493\Debug\com.o
 .debug_loc     0x00002c39      0x956 .\CortexM3\ARM_GCC_493\Debug\fixedpoint.o
 .debug_loc     0x0000358f      0xd1f .\CortexM3\ARM_GCC_493\Debug\utility.o
 .debug_loc     0x000042ae      0x111 .\CortexM3\ARM_GCC_493\Debug\main.o
 .debug_loc     0x000043bf      0x144 .\CortexM3\ARM_GCC_493\Debug\Cm3Start.o
 .debug_loc     0x00004503      0x25a .\CortexM3\ARM_GCC_493\Debug\CY8CKIT-059_DDS_USB.a(cyfitter_cfg.o)
 .debug_loc     0x0000475d       0x42 .\CortexM3\ARM_GCC_493\Debug\CY8CKIT-059_DDS_USB.a(LED.o)
 .debug_loc     0x0000479f      0xa11 .\CortexM3\ARM_GCC_493\Debug\CY8CKIT-059_DDS_USB.a(CyLib.o)
 .debug_loc     0x000051b0      0x1e4 .\CortexM3\ARM_GCC_493\Debug\CY8CKIT-059_DDS_USB.a(cyPm.o)
 .debug_loc     0x00005394      0x3e1 .\CortexM3\ARM_GCC_493\Debug\CY8CKIT-059_DDS_USB.a(USBUART_1.o)
 .debug_loc     0x00005775      0x56b .\CortexM3\ARM_GCC_493\Debug\CY8CKIT-059_DDS_USB.a(USBUART_1_cdc.o)
 .debug_loc     0x00005ce0      0x171 .\CortexM3\ARM_GCC_493\Debug\CY8CKIT-059_DDS_USB.a(USBUART_1_drv.o)
 .debug_loc     0x00005e51       0x26 .\CortexM3\ARM_GCC_493\Debug\CY8CKIT-059_DDS_USB.a(USBUART_1_pm.o)
 .debug_loc     0x00005e77      0x93f .\CortexM3\ARM_GCC_493\Debug\CY8CKIT-059_DDS_USB.a(USBUART_1_std.o)
 .debug_loc     0x000067b6       0x84 .\CortexM3\ARM_GCC_493\Debug\CY8CKIT-059_DDS_USB.a(USBUART_1_Dp.o)
 .debug_loc     0x0000683a      0x218 .\CortexM3\ARM_GCC_493\Debug\CY8CKIT-059_DDS_USB.a(SPIM.o)
 .debug_loc     0x00006a52       0x74 .\CortexM3\ARM_GCC_493\Debug\CY8CKIT-059_DDS_USB.a(SPIM_INT.o)
 .debug_loc     0x00006ac6       0x42 .\CortexM3\ARM_GCC_493\Debug\CY8CKIT-059_DDS_USB.a(nTX_EN.o)
 .debug_loc     0x00006b08      0x300 .\CortexM3\ARM_GCC_493\Debug\CY8CKIT-059_DDS_USB.a(CyFlash.o)
 .debug_loc     0x00006e08      0x64d .\CortexM3\ARM_GCC_493\Debug\CY8CKIT-059_DDS_USB.a(CySpc.o)
 .debug_loc     0x00007455       0x47 .\CortexM3\ARM_GCC_493\Debug\CY8CKIT-059_DDS_USB.a(USBUART_1_cls.o)

.debug_macinfo
 *(.debug_macinfo)

.debug_ranges   0x00000000      0xe48
 *(.debug_ranges)
 .debug_ranges  0x00000000       0x70 .\CortexM3\ARM_GCC_493\Debug\event_groups.o
 .debug_ranges  0x00000070       0x30 .\CortexM3\ARM_GCC_493\Debug\list.o
 .debug_ranges  0x000000a0       0x78 .\CortexM3\ARM_GCC_493\Debug\port.o
 .debug_ranges  0x00000118       0xd0 .\CortexM3\ARM_GCC_493\Debug\queue.o
 .debug_ranges  0x000001e8      0x1c8 .\CortexM3\ARM_GCC_493\Debug\tasks.o
 .debug_ranges  0x000003b0       0x30 .\CortexM3\ARM_GCC_493\Debug\heap_2.o
 .debug_ranges  0x000003e0       0x20 .\CortexM3\ARM_GCC_493\Debug\com.o
 .debug_ranges  0x00000400       0xb0 .\CortexM3\ARM_GCC_493\Debug\fixedpoint.o
 .debug_ranges  0x000004b0       0x70 .\CortexM3\ARM_GCC_493\Debug\utility.o
 .debug_ranges  0x00000520       0x38 .\CortexM3\ARM_GCC_493\Debug\main.o
 .debug_ranges  0x00000558       0x38 .\CortexM3\ARM_GCC_493\Debug\Cm3Start.o
 .debug_ranges  0x00000590       0x48 .\CortexM3\ARM_GCC_493\Debug\CY8CKIT-059_DDS_USB.a(cyfitter_cfg.o)
 .debug_ranges  0x000005d8       0x28 .\CortexM3\ARM_GCC_493\Debug\CY8CKIT-059_DDS_USB.a(LED.o)
 .debug_ranges  0x00000600      0x288 .\CortexM3\ARM_GCC_493\Debug\CY8CKIT-059_DDS_USB.a(CyLib.o)
 .debug_ranges  0x00000888       0x88 .\CortexM3\ARM_GCC_493\Debug\CY8CKIT-059_DDS_USB.a(cyPm.o)
 .debug_ranges  0x00000910       0xd0 .\CortexM3\ARM_GCC_493\Debug\CY8CKIT-059_DDS_USB.a(USBUART_1.o)
 .debug_ranges  0x000009e0       0xd8 .\CortexM3\ARM_GCC_493\Debug\CY8CKIT-059_DDS_USB.a(USBUART_1_cdc.o)
 .debug_ranges  0x00000ab8       0x88 .\CortexM3\ARM_GCC_493\Debug\CY8CKIT-059_DDS_USB.a(USBUART_1_drv.o)
 .debug_ranges  0x00000b40       0x30 .\CortexM3\ARM_GCC_493\Debug\CY8CKIT-059_DDS_USB.a(USBUART_1_episr.o)
 .debug_ranges  0x00000b70       0x30 .\CortexM3\ARM_GCC_493\Debug\CY8CKIT-059_DDS_USB.a(USBUART_1_pm.o)
 .debug_ranges  0x00000ba0       0x70 .\CortexM3\ARM_GCC_493\Debug\CY8CKIT-059_DDS_USB.a(USBUART_1_std.o)
 .debug_ranges  0x00000c10       0x10 .\CortexM3\ARM_GCC_493\Debug\CY8CKIT-059_DDS_USB.a(USBUART_1_vnd.o)
 .debug_ranges  0x00000c20       0x38 .\CortexM3\ARM_GCC_493\Debug\CY8CKIT-059_DDS_USB.a(USBUART_1_Dp.o)
 .debug_ranges  0x00000c58       0xc8 .\CortexM3\ARM_GCC_493\Debug\CY8CKIT-059_DDS_USB.a(SPIM.o)
 .debug_ranges  0x00000d20       0x18 .\CortexM3\ARM_GCC_493\Debug\CY8CKIT-059_DDS_USB.a(SPIM_INT.o)
 .debug_ranges  0x00000d38       0x28 .\CortexM3\ARM_GCC_493\Debug\CY8CKIT-059_DDS_USB.a(nTX_EN.o)
 .debug_ranges  0x00000d60       0x70 .\CortexM3\ARM_GCC_493\Debug\CY8CKIT-059_DDS_USB.a(CyFlash.o)
 .debug_ranges  0x00000dd0       0x68 .\CortexM3\ARM_GCC_493\Debug\CY8CKIT-059_DDS_USB.a(CySpc.o)
 .debug_ranges  0x00000e38       0x10 .\CortexM3\ARM_GCC_493\Debug\CY8CKIT-059_DDS_USB.a(USBUART_1_cls.o)

.comment        0x00000000       0x70
 .comment       0x00000000       0x70 .\CortexM3\ARM_GCC_493\Debug\croutine.o
                                 0x71 (size before relaxing)
 .comment       0x00000000       0x71 .\CortexM3\ARM_GCC_493\Debug\event_groups.o
 .comment       0x00000000       0x71 .\CortexM3\ARM_GCC_493\Debug\list.o
 .comment       0x00000000       0x71 .\CortexM3\ARM_GCC_493\Debug\port.o
 .comment       0x00000000       0x71 .\CortexM3\ARM_GCC_493\Debug\queue.o
 .comment       0x00000000       0x71 .\CortexM3\ARM_GCC_493\Debug\tasks.o
 .comment       0x00000000       0x71 .\CortexM3\ARM_GCC_493\Debug\timers.o
 .comment       0x00000000       0x71 .\CortexM3\ARM_GCC_493\Debug\heap_2.o
 .comment       0x00000000       0x71 .\CortexM3\ARM_GCC_493\Debug\com.o
 .comment       0x00000000       0x71 .\CortexM3\ARM_GCC_493\Debug\fixedpoint.o
 .comment       0x00000000       0x71 .\CortexM3\ARM_GCC_493\Debug\utility.o
 .comment       0x00000000       0x71 .\CortexM3\ARM_GCC_493\Debug\main.o
 .comment       0x00000000       0x71 .\CortexM3\ARM_GCC_493\Debug\cymetadata.o
 .comment       0x00000000       0x71 .\CortexM3\ARM_GCC_493\Debug\Cm3Start.o
 .comment       0x00000000       0x71 .\CortexM3\ARM_GCC_493\Debug\CY8CKIT-059_DDS_USB.a(cyfitter_cfg.o)
 .comment       0x00000000       0x71 .\CortexM3\ARM_GCC_493\Debug\CY8CKIT-059_DDS_USB.a(LED.o)
 .comment       0x00000000       0x71 .\CortexM3\ARM_GCC_493\Debug\CY8CKIT-059_DDS_USB.a(CyLib.o)
 .comment       0x00000000       0x71 .\CortexM3\ARM_GCC_493\Debug\CY8CKIT-059_DDS_USB.a(cyPm.o)
 .comment       0x00000000       0x71 .\CortexM3\ARM_GCC_493\Debug\CY8CKIT-059_DDS_USB.a(USBUART_1.o)
 .comment       0x00000000       0x71 .\CortexM3\ARM_GCC_493\Debug\CY8CKIT-059_DDS_USB.a(USBUART_1_cdc.o)
 .comment       0x00000000       0x71 .\CortexM3\ARM_GCC_493\Debug\CY8CKIT-059_DDS_USB.a(USBUART_1_drv.o)
 .comment       0x00000000       0x71 .\CortexM3\ARM_GCC_493\Debug\CY8CKIT-059_DDS_USB.a(USBUART_1_episr.o)
 .comment       0x00000000       0x71 .\CortexM3\ARM_GCC_493\Debug\CY8CKIT-059_DDS_USB.a(USBUART_1_pm.o)
 .comment       0x00000000       0x71 .\CortexM3\ARM_GCC_493\Debug\CY8CKIT-059_DDS_USB.a(USBUART_1_std.o)
 .comment       0x00000000       0x71 .\CortexM3\ARM_GCC_493\Debug\CY8CKIT-059_DDS_USB.a(USBUART_1_vnd.o)
 .comment       0x00000000       0x71 .\CortexM3\ARM_GCC_493\Debug\CY8CKIT-059_DDS_USB.a(USBUART_1_Dp.o)
 .comment       0x00000000       0x71 .\CortexM3\ARM_GCC_493\Debug\CY8CKIT-059_DDS_USB.a(SPIM.o)
 .comment       0x00000000       0x71 .\CortexM3\ARM_GCC_493\Debug\CY8CKIT-059_DDS_USB.a(SPIM_INT.o)
 .comment       0x00000000       0x71 .\CortexM3\ARM_GCC_493\Debug\CY8CKIT-059_DDS_USB.a(nTX_EN.o)
 .comment       0x00000000       0x71 .\CortexM3\ARM_GCC_493\Debug\CY8CKIT-059_DDS_USB.a(CyFlash.o)
 .comment       0x00000000       0x71 .\CortexM3\ARM_GCC_493\Debug\CY8CKIT-059_DDS_USB.a(CySpc.o)
 .comment       0x00000000       0x71 .\CortexM3\ARM_GCC_493\Debug\CY8CKIT-059_DDS_USB.a(USBUART_1_cls.o)
 .comment       0x00000000       0x71 .\CortexM3\ARM_GCC_493\Debug\CY8CKIT-059_DDS_USB.a(USBUART_1_descr.o)

.debug_weaknames
 *(.debug_weaknames)

.debug_funcnames
 *(.debug_funcnames)

.debug_typenames
 *(.debug_typenames)

.debug_varnames
 *(.debug_varnames)

.note.gnu.arm.ident
 *(.note.gnu.arm.ident)

.ARM.attributes
                0x00000000       0x29
 *(.ARM.attributes)
 .ARM.attributes
                0x00000000       0x1d c:/program files (x86)/cypress/psoc creator/3.3/psoc creator/import/gnu/arm/4.9.3/bin/../lib/gcc/arm-none-eabi/4.9.3/armv7-m/crti.o
 .ARM.attributes
                0x0000001d       0x2d c:/program files (x86)/cypress/psoc creator/3.3/psoc creator/import/gnu/arm/4.9.3/bin/../lib/gcc/arm-none-eabi/4.9.3/armv7-m/crtbegin.o
 .ARM.attributes
                0x0000004a       0x1b c:/program files (x86)/cypress/psoc creator/3.3/psoc creator/import/gnu/arm/4.9.3/bin/../lib/gcc/arm-none-eabi/4.9.3/../../../../arm-none-eabi/lib/armv7-m/crt0.o
 .ARM.attributes
                0x00000065       0x33 .\CortexM3\ARM_GCC_493\Debug\croutine.o
 .ARM.attributes
                0x00000098       0x33 .\CortexM3\ARM_GCC_493\Debug\event_groups.o
 .ARM.attributes
                0x000000cb       0x33 .\CortexM3\ARM_GCC_493\Debug\list.o
 .ARM.attributes
                0x000000fe       0x33 .\CortexM3\ARM_GCC_493\Debug\port.o
 .ARM.attributes
                0x00000131       0x33 .\CortexM3\ARM_GCC_493\Debug\queue.o
 .ARM.attributes
                0x00000164       0x33 .\CortexM3\ARM_GCC_493\Debug\tasks.o
 .ARM.attributes
                0x00000197       0x33 .\CortexM3\ARM_GCC_493\Debug\timers.o
 .ARM.attributes
                0x000001ca       0x33 .\CortexM3\ARM_GCC_493\Debug\heap_2.o
 .ARM.attributes
                0x000001fd       0x33 .\CortexM3\ARM_GCC_493\Debug\com.o
 .ARM.attributes
                0x00000230       0x33 .\CortexM3\ARM_GCC_493\Debug\fixedpoint.o
 .ARM.attributes
                0x00000263       0x33 .\CortexM3\ARM_GCC_493\Debug\utility.o
 .ARM.attributes
                0x00000296       0x33 .\CortexM3\ARM_GCC_493\Debug\main.o
 .ARM.attributes
                0x000002c9       0x33 .\CortexM3\ARM_GCC_493\Debug\cymetadata.o
 .ARM.attributes
                0x000002fc       0x33 .\CortexM3\ARM_GCC_493\Debug\Cm3Start.o
 .ARM.attributes
                0x0000032f       0x33 .\CortexM3\ARM_GCC_493\Debug\CY8CKIT-059_DDS_USB.a(cyfitter_cfg.o)
 .ARM.attributes
                0x00000362       0x33 .\CortexM3\ARM_GCC_493\Debug\CY8CKIT-059_DDS_USB.a(LED.o)
 .ARM.attributes
                0x00000395       0x21 .\CortexM3\ARM_GCC_493\Debug\CY8CKIT-059_DDS_USB.a(CyBootAsmGnu.o)
 .ARM.attributes
                0x000003b6       0x33 .\CortexM3\ARM_GCC_493\Debug\CY8CKIT-059_DDS_USB.a(CyLib.o)
 .ARM.attributes
                0x000003e9       0x33 .\CortexM3\ARM_GCC_493\Debug\CY8CKIT-059_DDS_USB.a(cyPm.o)
 .ARM.attributes
                0x0000041c       0x33 .\CortexM3\ARM_GCC_493\Debug\CY8CKIT-059_DDS_USB.a(USBUART_1.o)
 .ARM.attributes
                0x0000044f       0x33 .\CortexM3\ARM_GCC_493\Debug\CY8CKIT-059_DDS_USB.a(USBUART_1_cdc.o)
 .ARM.attributes
                0x00000482       0x33 .\CortexM3\ARM_GCC_493\Debug\CY8CKIT-059_DDS_USB.a(USBUART_1_drv.o)
 .ARM.attributes
                0x000004b5       0x33 .\CortexM3\ARM_GCC_493\Debug\CY8CKIT-059_DDS_USB.a(USBUART_1_episr.o)
 .ARM.attributes
                0x000004e8       0x33 .\CortexM3\ARM_GCC_493\Debug\CY8CKIT-059_DDS_USB.a(USBUART_1_pm.o)
 .ARM.attributes
                0x0000051b       0x33 .\CortexM3\ARM_GCC_493\Debug\CY8CKIT-059_DDS_USB.a(USBUART_1_std.o)
 .ARM.attributes
                0x0000054e       0x33 .\CortexM3\ARM_GCC_493\Debug\CY8CKIT-059_DDS_USB.a(USBUART_1_vnd.o)
 .ARM.attributes
                0x00000581       0x33 .\CortexM3\ARM_GCC_493\Debug\CY8CKIT-059_DDS_USB.a(USBUART_1_Dp.o)
 .ARM.attributes
                0x000005b4       0x33 .\CortexM3\ARM_GCC_493\Debug\CY8CKIT-059_DDS_USB.a(SPIM.o)
 .ARM.attributes
                0x000005e7       0x33 .\CortexM3\ARM_GCC_493\Debug\CY8CKIT-059_DDS_USB.a(SPIM_INT.o)
 .ARM.attributes
                0x0000061a       0x33 .\CortexM3\ARM_GCC_493\Debug\CY8CKIT-059_DDS_USB.a(nTX_EN.o)
 .ARM.attributes
                0x0000064d       0x33 .\CortexM3\ARM_GCC_493\Debug\CY8CKIT-059_DDS_USB.a(CyFlash.o)
 .ARM.attributes
                0x00000680       0x33 .\CortexM3\ARM_GCC_493\Debug\CY8CKIT-059_DDS_USB.a(CySpc.o)
 .ARM.attributes
                0x000006b3       0x33 .\CortexM3\ARM_GCC_493\Debug\CY8CKIT-059_DDS_USB.a(USBUART_1_cls.o)
 .ARM.attributes
                0x000006e6       0x33 .\CortexM3\ARM_GCC_493\Debug\CY8CKIT-059_DDS_USB.a(USBUART_1_descr.o)
 .ARM.attributes
                0x00000719       0x1d c:/program files (x86)/cypress/psoc creator/3.3/psoc creator/import/gnu/arm/4.9.3/bin/../lib/gcc/arm-none-eabi/4.9.3/armv7-m\libgcc.a(_arm_addsubdf3.o)
 .ARM.attributes
                0x00000736       0x1d c:/program files (x86)/cypress/psoc creator/3.3/psoc creator/import/gnu/arm/4.9.3/bin/../lib/gcc/arm-none-eabi/4.9.3/armv7-m\libgcc.a(_arm_muldivdf3.o)
 .ARM.attributes
                0x00000753       0x1d c:/program files (x86)/cypress/psoc creator/3.3/psoc creator/import/gnu/arm/4.9.3/bin/../lib/gcc/arm-none-eabi/4.9.3/armv7-m\libgcc.a(_arm_fixdfsi.o)
 .ARM.attributes
                0x00000770       0x1d c:/program files (x86)/cypress/psoc creator/3.3/psoc creator/import/gnu/arm/4.9.3/bin/../lib/gcc/arm-none-eabi/4.9.3/armv7-m\libgcc.a(_aeabi_ldivmod.o)
 .ARM.attributes
                0x0000078d       0x2d c:/program files (x86)/cypress/psoc creator/3.3/psoc creator/import/gnu/arm/4.9.3/bin/../lib/gcc/arm-none-eabi/4.9.3/armv7-m\libgcc.a(bpabi.o)
 .ARM.attributes
                0x000007ba       0x1d c:/program files (x86)/cypress/psoc creator/3.3/psoc creator/import/gnu/arm/4.9.3/bin/../lib/gcc/arm-none-eabi/4.9.3/armv7-m\libgcc.a(_dvmd_tls.o)
 .ARM.attributes
                0x000007d7       0x2d c:/program files (x86)/cypress/psoc creator/3.3/psoc creator/import/gnu/arm/4.9.3/bin/../lib/gcc/arm-none-eabi/4.9.3/armv7-m\libgcc.a(_divdi3.o)
 .ARM.attributes
                0x00000804       0x2d c:/program files (x86)/cypress/psoc creator/3.3/psoc creator/import/gnu/arm/4.9.3/bin/../lib/gcc/arm-none-eabi/4.9.3/armv7-m\libgcc.a(_udivdi3.o)
 .ARM.attributes
                0x00000831       0x2d c:/program files (x86)/cypress/psoc creator/3.3/psoc creator/import/gnu/arm/4.9.3/bin/../lib/gcc/arm-none-eabi/4.9.3/../../../../arm-none-eabi/lib/armv7-m\libg_nano.a(lib_a-errno.o)
 .ARM.attributes
                0x0000085e       0x2d c:/program files (x86)/cypress/psoc creator/3.3/psoc creator/import/gnu/arm/4.9.3/bin/../lib/gcc/arm-none-eabi/4.9.3/../../../../arm-none-eabi/lib/armv7-m\libg_nano.a(lib_a-exit.o)
 .ARM.attributes
                0x0000088b       0x2d c:/program files (x86)/cypress/psoc creator/3.3/psoc creator/import/gnu/arm/4.9.3/bin/../lib/gcc/arm-none-eabi/4.9.3/../../../../arm-none-eabi/lib/armv7-m\libg_nano.a(lib_a-impure.o)
 .ARM.attributes
                0x000008b8       0x2d c:/program files (x86)/cypress/psoc creator/3.3/psoc creator/import/gnu/arm/4.9.3/bin/../lib/gcc/arm-none-eabi/4.9.3/../../../../arm-none-eabi/lib/armv7-m\libg_nano.a(lib_a-init.o)
 .ARM.attributes
                0x000008e5       0x2d c:/program files (x86)/cypress/psoc creator/3.3/psoc creator/import/gnu/arm/4.9.3/bin/../lib/gcc/arm-none-eabi/4.9.3/../../../../arm-none-eabi/lib/armv7-m\libg_nano.a(lib_a-memcpy.o)
 .ARM.attributes
                0x00000912       0x2d c:/program files (x86)/cypress/psoc creator/3.3/psoc creator/import/gnu/arm/4.9.3/bin/../lib/gcc/arm-none-eabi/4.9.3/../../../../arm-none-eabi/lib/armv7-m\libg_nano.a(lib_a-memset.o)
 .ARM.attributes
                0x0000093f       0x2d c:/program files (x86)/cypress/psoc creator/3.3/psoc creator/import/gnu/arm/4.9.3/bin/../lib/gcc/arm-none-eabi/4.9.3/../../../../arm-none-eabi/lib/armv7-m\libg_nano.a(lib_a-strtol.o)
 .ARM.attributes
                0x0000096c       0x2d c:/program files (x86)/cypress/psoc creator/3.3/psoc creator/import/gnu/arm/4.9.3/bin/../lib/gcc/arm-none-eabi/4.9.3/../../../../arm-none-eabi/lib/armv7-m\libg_nano.a(lib_a-ctype_.o)
 .ARM.attributes
                0x00000999       0x2d c:/program files (x86)/cypress/psoc creator/3.3/psoc creator/import/gnu/arm/4.9.3/bin/../lib/gcc/arm-none-eabi/4.9.3/armv7-m/crtend.o
 .ARM.attributes
                0x000009c6       0x1d c:/program files (x86)/cypress/psoc creator/3.3/psoc creator/import/gnu/arm/4.9.3/bin/../lib/gcc/arm-none-eabi/4.9.3/armv7-m/crtn.o

/DISCARD/
 *(.note.GNU-stack)
OUTPUT(.\CortexM3\ARM_GCC_493\Debug\CY8CKIT-059_DDS_USB.elf elf32-littlearm)
