Archive member included because of file (symbol)

.\CortexM3\ARM_GCC_493\Debug\CY8CKIT-059_Beacon_w_Filter.a(cyfitter_cfg.o)
                              .\CortexM3\ARM_GCC_493\Debug\Cm3Start.o (cyfitter_cfg)
.\CortexM3\ARM_GCC_493\Debug\CY8CKIT-059_Beacon_w_Filter.a(LED.o)
                              .\CortexM3\ARM_GCC_493\Debug\main.o (LED_Write)
.\CortexM3\ARM_GCC_493\Debug\CY8CKIT-059_Beacon_w_Filter.a(CyDmac.o)
                              .\CortexM3\ARM_GCC_493\Debug\Cm3Start.o (CyDmacConfigure)
.\CortexM3\ARM_GCC_493\Debug\CY8CKIT-059_Beacon_w_Filter.a(CyLib.o)
                              .\CortexM3\ARM_GCC_493\Debug\Cm3Start.o (CyHalt)
.\CortexM3\ARM_GCC_493\Debug\CY8CKIT-059_Beacon_w_Filter.a(cyPm.o)
                              .\CortexM3\ARM_GCC_493\Debug\CY8CKIT-059_Beacon_w_Filter.a(CyLib.o) (CyPmReadStatus)
.\CortexM3\ARM_GCC_493\Debug\CY8CKIT-059_Beacon_w_Filter.a(SPIM.o)
                              .\CortexM3\ARM_GCC_493\Debug\main.o (SPIM_ReadTxStatus)
.\CortexM3\ARM_GCC_493\Debug\CY8CKIT-059_Beacon_w_Filter.a(SPIM_INT.o)
                              .\CortexM3\ARM_GCC_493\Debug\CY8CKIT-059_Beacon_w_Filter.a(SPIM.o) (SPIM_TX_ISR)
.\CortexM3\ARM_GCC_493\Debug\CY8CKIT-059_Beacon_w_Filter.a(Control_Reg_1.o)
                              .\CortexM3\ARM_GCC_493\Debug\main.o (Control_Reg_1_Write)
.\CortexM3\ARM_GCC_493\Debug\CY8CKIT-059_Beacon_w_Filter.a(Comp_1.o)
                              .\CortexM3\ARM_GCC_493\Debug\main.o (Comp_1_Start)
.\CortexM3\ARM_GCC_493\Debug\CY8CKIT-059_Beacon_w_Filter.a(ADC_SAR_1.o)
                              .\CortexM3\ARM_GCC_493\Debug\main.o (ADC_SAR_1_Start)
.\CortexM3\ARM_GCC_493\Debug\CY8CKIT-059_Beacon_w_Filter.a(ADC_SAR_1_INT.o)
                              .\CortexM3\ARM_GCC_493\Debug\CY8CKIT-059_Beacon_w_Filter.a(ADC_SAR_1.o) (ADC_SAR_1_ISR)
.\CortexM3\ARM_GCC_493\Debug\CY8CKIT-059_Beacon_w_Filter.a(ADC_SAR_2.o)
                              .\CortexM3\ARM_GCC_493\Debug\main.o (ADC_SAR_2_Start)
.\CortexM3\ARM_GCC_493\Debug\CY8CKIT-059_Beacon_w_Filter.a(ADC_SAR_2_INT.o)
                              .\CortexM3\ARM_GCC_493\Debug\CY8CKIT-059_Beacon_w_Filter.a(ADC_SAR_2.o) (ADC_SAR_2_ISR)
.\CortexM3\ARM_GCC_493\Debug\CY8CKIT-059_Beacon_w_Filter.a(DMA_1_dma.o)
                              .\CortexM3\ARM_GCC_493\Debug\main.o (DMA_1_DmaInitialize)
.\CortexM3\ARM_GCC_493\Debug\CY8CKIT-059_Beacon_w_Filter.a(DMA_2_dma.o)
                              .\CortexM3\ARM_GCC_493\Debug\main.o (DMA_2_DmaInitialize)
.\CortexM3\ARM_GCC_493\Debug\CY8CKIT-059_Beacon_w_Filter.a(Mixer_2.o)
                              .\CortexM3\ARM_GCC_493\Debug\main.o (Mixer_2_Start)
.\CortexM3\ARM_GCC_493\Debug\CY8CKIT-059_Beacon_w_Filter.a(Mixer_1.o)
                              .\CortexM3\ARM_GCC_493\Debug\main.o (Mixer_1_Start)
.\CortexM3\ARM_GCC_493\Debug\CY8CKIT-059_Beacon_w_Filter.a(PGA_1.o)
                              .\CortexM3\ARM_GCC_493\Debug\CLCD_control.o (PGA_1_SetGain)
.\CortexM3\ARM_GCC_493\Debug\CY8CKIT-059_Beacon_w_Filter.a(Filter_1.o)
                              .\CortexM3\ARM_GCC_493\Debug\main.o (Filter_1_Start)
.\CortexM3\ARM_GCC_493\Debug\CY8CKIT-059_Beacon_w_Filter.a(Filter_1_PVT.o)
                              .\CortexM3\ARM_GCC_493\Debug\CY8CKIT-059_Beacon_w_Filter.a(Filter_1.o) (Filter_1_SetInterruptMode)
.\CortexM3\ARM_GCC_493\Debug\CY8CKIT-059_Beacon_w_Filter.a(Filter_1_RAM_Data.o)
                              .\CortexM3\ARM_GCC_493\Debug\CY8CKIT-059_Beacon_w_Filter.a(Filter_1.o) (Filter_1_cfsm)
.\CortexM3\ARM_GCC_493\Debug\CY8CKIT-059_Beacon_w_Filter.a(isr_filter.o)
                              .\CortexM3\ARM_GCC_493\Debug\main.o (isr_filter_StartEx)
.\CortexM3\ARM_GCC_493\Debug\CY8CKIT-059_Beacon_w_Filter.a(ADC_SAR_1_theACLK.o)
                              .\CortexM3\ARM_GCC_493\Debug\CY8CKIT-059_Beacon_w_Filter.a(ADC_SAR_1.o) (ADC_SAR_1_theACLK_SetModeRegister)
.\CortexM3\ARM_GCC_493\Debug\CY8CKIT-059_Beacon_w_Filter.a(ADC_SAR_2_theACLK.o)
                              .\CortexM3\ARM_GCC_493\Debug\CY8CKIT-059_Beacon_w_Filter.a(ADC_SAR_2.o) (ADC_SAR_2_theACLK_SetModeRegister)
.\CortexM3\ARM_GCC_493\Debug\CY8CKIT-059_Beacon_w_Filter.a(PI_KEY_0.o)
                              .\CortexM3\ARM_GCC_493\Debug\key.o (PI_KEY_0_Read)
.\CortexM3\ARM_GCC_493\Debug\CY8CKIT-059_Beacon_w_Filter.a(PI_KEY_1.o)
                              .\CortexM3\ARM_GCC_493\Debug\key.o (PI_KEY_1_Read)
.\CortexM3\ARM_GCC_493\Debug\CY8CKIT-059_Beacon_w_Filter.a(ROT_B.o)
                              .\CortexM3\ARM_GCC_493\Debug\rot.o (ROT_B_Read)
.\CortexM3\ARM_GCC_493\Debug\CY8CKIT-059_Beacon_w_Filter.a(ROT_A.o)
                              .\CortexM3\ARM_GCC_493\Debug\rot.o (ROT_A_Read)
.\CortexM3\ARM_GCC_493\Debug\CY8CKIT-059_Beacon_w_Filter.a(I2C_1.o)
                              .\CortexM3\ARM_GCC_493\Debug\main.o (I2C_1_Start)
.\CortexM3\ARM_GCC_493\Debug\CY8CKIT-059_Beacon_w_Filter.a(I2C_1_INT.o)
[...]
Memory Configuration

Name             Origin             Length             Attributes
rom              0x00000000         0x00040000         xr
ram              0x1fff8000         0x00010000         xrw
*default*        0x00000000         0xffffffff

Linker script and memory map

LOAD c:/program files (x86)/cypress/psoc creator/4.0/psoc creator/import/gnu/arm/4.9.3/bin/../lib/gcc/arm-none-eabi/4.9.3/armv7-m/crti.o
LOAD c:/program files (x86)/cypress/psoc creator/4.0/psoc creator/import/gnu/arm/4.9.3/bin/../lib/gcc/arm-none-eabi/4.9.3/armv7-m/crtbegin.o
LOAD c:/program files (x86)/cypress/psoc creator/4.0/psoc creator/import/gnu/arm/4.9.3/bin/../lib/gcc/arm-none-eabi/4.9.3/../../../../arm-none-eabi/lib/armv7-m/crt0.o
START GROUP
LOAD .\CortexM3\ARM_GCC_493\Debug\croutine.o
LOAD .\CortexM3\ARM_GCC_493\Debug\event_groups.o
LOAD .\CortexM3\ARM_GCC_493\Debug\list.o
LOAD .\CortexM3\ARM_GCC_493\Debug\port.o
LOAD .\CortexM3\ARM_GCC_493\Debug\queue.o
LOAD .\CortexM3\ARM_GCC_493\Debug\tasks.o
LOAD .\CortexM3\ARM_GCC_493\Debug\timers.o
LOAD .\CortexM3\ARM_GCC_493\Debug\heap_2.o
LOAD .\CortexM3\ARM_GCC_493\Debug\rot.o
LOAD .\CortexM3\ARM_GCC_493\Debug\I2C_CLCD.o
LOAD .\CortexM3\ARM_GCC_493\Debug\key.o
LOAD .\CortexM3\ARM_GCC_493\Debug\main.o
LOAD .\CortexM3\ARM_GCC_493\Debug\CLCD_control.o
LOAD .\CortexM3\ARM_GCC_493\Debug\cymetadata.o
LOAD .\CortexM3\ARM_GCC_493\Debug\Cm3Start.o
LOAD .\CortexM3\ARM_GCC_493\Debug\CY8CKIT-059_Beacon_w_Filter.a
LOAD C:\Program Files (x86)\Cypress\PSoC Creator\4.0\PSoC Creator\psoc\content\cycomponentlibrary\CyComponentLibrary.cylib\CortexM3\ARM_GCC_493\Debug\CyComponentLibrary.a
LOAD c:/program files (x86)/cypress/psoc creator/4.0/psoc creator/import/gnu/arm/4.9.3/bin/../lib/gcc/arm-none-eabi/4.9.3/../../../../arm-none-eabi/lib/armv7-m\libm.a
LOAD ..\CMSIS_DSP_LIB\LIB_GCC\libarm_cortexM3l_math.a
END GROUP
START GROUP
LOAD c:/program files (x86)/cypress/psoc creator/4.0/psoc creator/import/gnu/arm/4.9.3/bin/../lib/gcc/arm-none-eabi/4.9.3/armv7-m\libgcc.a
LOAD c:/program files (x86)/cypress/psoc creator/4.0/psoc creator/import/gnu/arm/4.9.3/bin/../lib/gcc/arm-none-eabi/4.9.3/../../../../arm-none-eabi/lib/armv7-m\libg_nano.a
LOAD c:/program files (x86)/cypress/psoc creator/4.0/psoc creator/import/gnu/arm/4.9.3/bin/../lib/gcc/arm-none-eabi/4.9.3/../../../../arm-none-eabi/lib/armv7-m\libc_nano.a
END GROUP
START GROUP
LOAD c:/program files (x86)/cypress/psoc creator/4.0/psoc creator/import/gnu/arm/4.9.3/bin/../lib/gcc/arm-none-eabi/4.9.3/armv7-m\libgcc.a
LOAD c:/program files (x86)/cypress/psoc creator/4.0/psoc creator/import/gnu/arm/4.9.3/bin/../lib/gcc/arm-none-eabi/4.9.3/../../../../arm-none-eabi/lib/armv7-m\libc_nano.a
END GROUP
LOAD c:/program files (x86)/cypress/psoc creator/4.0/psoc creator/import/gnu/arm/4.9.3/bin/../lib/gcc/arm-none-eabi/4.9.3/armv7-m/crtend.o
LOAD c:/program files (x86)/cypress/psoc creator/4.0/psoc creator/import/gnu/arm/4.9.3/bin/../lib/gcc/arm-none-eabi/4.9.3/armv7-m/crtn.o
START GROUP
LOAD c:/program files (x86)/cypress/psoc creator/4.0/psoc creator/import/gnu/arm/4.9.3/bin/../lib/gcc/arm-none-eabi/4.9.3/armv7-m\libgcc.a
LOAD c:/program files (x86)/cypress/psoc creator/4.0/psoc creator/import/gnu/arm/4.9.3/bin/../lib/gcc/arm-none-eabi/4.9.3/../../../../arm-none-eabi/lib/armv7-m\libc.a
LOAD c:/program files (x86)/cypress/psoc creator/4.0/psoc creator/import/gnu/arm/4.9.3/bin/../lib/gcc/arm-none-eabi/4.9.3/../../../../arm-none-eabi/lib/armv7-m\libnosys.a
END GROUP
                0x00000000                CY_APPL_ORIGIN = 0x0
                0x00000100                CY_FLASH_ROW_SIZE = 0x100
                0x00000020                CY_ECC_ROW_SIZE = 0x20
                0x00000000                CY_EE_IN_BTLDR = 0x0
                0x00000000                CY_APPL_LOADABLE = 0x0
                0x00000800                CY_EE_SIZE = 0x800
                0x00000001                CY_APPL_NUM = 0x1
                0x00000001                CY_APPL_MAX = 0x1
                0x00000040                CY_METADATA_SIZE = 0x40
                0x00000000                CY_APPL_LOADABLE = 0x0
                0x00000000                CY_CHECKSUM_EXCLUDE_SIZE = ALIGN (0x0, CY_FLASH_ROW_SIZE)
                0x20000b78                PROVIDE (__cy_heap_start, _end)
                0x00000001                PROVIDE (__cy_region_num, ((__cy_regions_end - __cy_regions) / 0x10))
                0x20008000                PROVIDE (__cy_stack, (ORIGIN (ram) + 0x10000))
                0x20006000                PROVIDE (__cy_heap_end, (__cy_stack - 0x2000))

.cybootloader   0x00000000        0x0
 *(.cybootloader)
                0x00000000                appl1_start = CY_APPL_ORIGIN?CY_APPL_ORIGIN:ALIGN (CY_FLASH_ROW_SIZE)
                0x0001ff00                appl2_start = (appl1_start + ALIGN ((((0x40000 - appl1_start) - (0x2 * CY_FLASH_ROW_SIZE)) / 0x2), CY_FLASH_ROW_SIZE))
                0x00000000                appl_start = (CY_APPL_NUM == 0x1)?appl1_start:appl2_start
                0x00000000                ecc_offset = ((appl_start / CY_FLASH_ROW_SIZE) * CY_ECC_ROW_SIZE)
                0x00000000                ee_offset = (CY_APPL_LOADABLE && ! (CY_EE_IN_BTLDR))?((CY_EE_SIZE / CY_APPL_MAX) * (CY_APPL_NUM - 0x1)):0x0
                0x00000800                ee_size = (CY_APPL_LOADABLE && ! (CY_EE_IN_BTLDR))?(CY_EE_SIZE / CY_APPL_MAX):CY_EE_SIZE
                0x00000000                PROVIDE (CY_ECC_OFFSET, ecc_offset)

.text           0x00000000     0x9456
 CREATE_OBJECT_SYMBOLS
                0x00000000                PROVIDE (__cy_interrupt_vector, RomVectors)
 *(.romvectors)
 .romvectors    0x00000000       0x10 .\CortexM3\ARM_GCC_493\Debug\Cm3Start.o
                0x00000000                RomVectors
                0x00000001                ASSERT ((. != __cy_interrupt_vector), No interrupt vector)
                0x00000001                ASSERT (CY_APPL_ORIGIN?(SIZEOF (.cybootloader) <= CY_APPL_ORIGIN):0x1, Wrong image location)
                0x00000010                PROVIDE (__cy_reset, Reset)
 *(.text.Reset)
 .text.Reset    0x00000010       0x18 .\CortexM3\ARM_GCC_493\Debug\Cm3Start.o
                0x00000010                Reset
                0x00000001                ASSERT ((. != __cy_reset), No reset code)
 *(.dma_init)
                0x00000001                ASSERT ((((appl_start + .) <= 0x10000) || 0x1), DMA Init must be within the first 64k of flash)
 *(.text .text.* .gnu.linkonce.t.*)
 .text          0x00000028       0x5c c:/program files (x86)/cypress/psoc creator/4.0/psoc creator/import/gnu/arm/4.9.3/bin/../lib/gcc/arm-none-eabi/4.9.3/armv7-m/crtbegin.o
 .text.vListInitialise
                0x00000084       0x18 .\CortexM3\ARM_GCC_493\Debug\list.o
                0x00000084                vListInitialise
 .text.vListInitialiseItem
                0x0000009c        0x8 .\CortexM3\ARM_GCC_493\Debug\list.o
                0x0000009c                vListInitialiseItem
 .text.vListInsertEnd
                0x000000a4       0x18 .\CortexM3\ARM_GCC_493\Debug\list.o
                0x000000a4                vListInsertEnd
 .text.vListInsert
                0x000000bc       0x34 .\CortexM3\ARM_GCC_493\Debug\list.o
                0x000000bc                vListInsert
 .text.uxListRemove
                0x000000f0       0x24 .\CortexM3\ARM_GCC_493\Debug\list.o
                0x000000f0                uxListRemove
 .text.prvPortStartFirstTask
                0x00000114       0x20 .\CortexM3\ARM_GCC_493\Debug\port.o
 .text.pxPortInitialiseStack
                0x00000134       0x20 .\CortexM3\ARM_GCC_493\Debug\port.o
                0x00000134                pxPortInitialiseStack
 .text.vPortSVCHandler
                0x00000154       0x24 .\CortexM3\ARM_GCC_493\Debug\port.o
                0x00000154                vPortSVCHandler
 .text.vPortYield
                0x00000178       0x18 .\CortexM3\ARM_GCC_493\Debug\port.o
                0x00000178                vPortYield
 .text.ulPortSetInterruptMask
                0x00000190       0x10 .\CortexM3\ARM_GCC_493\Debug\port.o
                0x00000190                ulPortSetInterruptMask
 .text.prvTaskExitError
                0x000001a0        0x8 .\CortexM3\ARM_GCC_493\Debug\port.o
 .text.vPortEnterCritical
                0x000001a8       0x1c .\CortexM3\ARM_GCC_493\Debug\port.o
                0x000001a8                vPortEnterCritical
 .text.vPortClearInterruptMask
                0x000001c4        0x8 .\CortexM3\ARM_GCC_493\Debug\port.o
                0x000001c4                vPortClearInterruptMask
 .text.vPortExitCritical
                0x000001cc       0x18 .\CortexM3\ARM_GCC_493\Debug\port.o
                0x000001cc                vPortExitCritical
 .text.xPortPendSVHandler
                0x000001e4       0x44 .\CortexM3\ARM_GCC_493\Debug\port.o
                0x000001e4                xPortPendSVHandler
 .text.xPortSysTickHandler
                0x00000228       0x20 .\CortexM3\ARM_GCC_493\Debug\port.o
                0x00000228                xPortSysTickHandler
 .text.vPortSetupTimerInterrupt
                0x00000248       0x18 .\CortexM3\ARM_GCC_493\Debug\port.o
                0x00000248                vPortSetupTimerInterrupt
 .text.xPortStartScheduler
                0x00000260       0x30 .\CortexM3\ARM_GCC_493\Debug\port.o
                0x00000260                xPortStartScheduler
 .text.prvIsQueueFull
                0x00000290       0x20 .\CortexM3\ARM_GCC_493\Debug\queue.o
 .text.prvIsQueueEmpty
                0x000002b0       0x1c .\CortexM3\ARM_GCC_493\Debug\queue.o
 .text.prvCopyDataToQueue
                0x000002cc       0x7c .\CortexM3\ARM_GCC_493\Debug\queue.o
 .text.prvCopyDataFromQueue
                0x00000348       0x24 .\CortexM3\ARM_GCC_493\Debug\queue.o
 .text.prvUnlockQueue
                0x0000036c       0x64 .\CortexM3\ARM_GCC_493\Debug\queue.o
 .text.xQueueGenericReset
                0x000003d0       0x5c .\CortexM3\ARM_GCC_493\Debug\queue.o
                0x000003d0                xQueueGenericReset
 .text.xQueueGenericCreate
                0x0000042c       0x38 .\CortexM3\ARM_GCC_493\Debug\queue.o
                0x0000042c                xQueueGenericCreate
 .text.xQueueGenericSend
                0x00000464       0xd8 .\CortexM3\ARM_GCC_493\Debug\queue.o
                0x00000464                xQueueGenericSend
 .text.xQueueCreateMutex
                0x0000053c       0x44 .\CortexM3\ARM_GCC_493\Debug\queue.o
                0x0000053c                xQueueCreateMutex
 .text.xQueueGenericSendFromISR
                0x00000580       0x70 .\CortexM3\ARM_GCC_493\Debug\queue.o
                0x00000580                xQueueGenericSendFromISR
 .text.xQueueGenericReceive
                0x000005f0      0x100 .\CortexM3\ARM_GCC_493\Debug\queue.o
                0x000005f0                xQueueGenericReceive
 .text.uxQueueMessagesWaiting
                0x000006f0       0x14 .\CortexM3\ARM_GCC_493\Debug\queue.o
                0x000006f0                uxQueueMessagesWaiting
 .text.prvResetNextTaskUnblockTime
                0x00000704       0x2c .\CortexM3\ARM_GCC_493\Debug\tasks.o
 .text.prvDeleteTCB
                0x00000730       0x14 .\CortexM3\ARM_GCC_493\Debug\tasks.o
 .text.prvAllocateTCBAndStack
                0x00000744       0x3c .\CortexM3\ARM_GCC_493\Debug\tasks.o
 .text.prvInitialiseTCBVariables
                0x00000780       0x50 .\CortexM3\ARM_GCC_493\Debug\tasks.o
 .text.prvInitialiseTaskLists
                0x000007d0       0x58 .\CortexM3\ARM_GCC_493\Debug\tasks.o
 .text.prvAddCurrentTaskToDelayedList
                0x00000828       0x44 .\CortexM3\ARM_GCC_493\Debug\tasks.o
 .text.xTaskGenericCreate
                0x0000086c       0xf4 .\CortexM3\ARM_GCC_493\Debug\tasks.o
                0x0000086c                xTaskGenericCreate
 .text.vTaskStartScheduler
                0x00000960       0x4c .\CortexM3\ARM_GCC_493\Debug\tasks.o
                0x00000960                vTaskStartScheduler
 .text.vTaskSuspendAll
                0x000009ac       0x14 .\CortexM3\ARM_GCC_493\Debug\tasks.o
                0x000009ac                vTaskSuspendAll
 .text.xTaskIncrementTick
                0x000009c0      0x104 .\CortexM3\ARM_GCC_493\Debug\tasks.o
                0x000009c0                xTaskIncrementTick
 .text.xTaskResumeAll
                0x00000ac4       0xcc .\CortexM3\ARM_GCC_493\Debug\tasks.o
                0x00000ac4                xTaskResumeAll
 .text.vTaskDelay
                0x00000b90       0x50 .\CortexM3\ARM_GCC_493\Debug\tasks.o
                0x00000b90                vTaskDelay
 .text.prvCheckTasksWaitingTermination
                0x00000be0       0x54 .\CortexM3\ARM_GCC_493\Debug\tasks.o
 .text.prvIdleTask
                0x00000c34        0x8 .\CortexM3\ARM_GCC_493\Debug\tasks.o
 .text.vTaskSwitchContext
                0x00000c3c       0xa8 .\CortexM3\ARM_GCC_493\Debug\tasks.o
                0x00000c3c                vTaskSwitchContext
 .text.vTaskPlaceOnEventList
                0x00000ce4       0x58 .\CortexM3\ARM_GCC_493\Debug\tasks.o
                0x00000ce4                vTaskPlaceOnEventList
 .text.xTaskRemoveFromEventList
                0x00000d3c       0x70 .\CortexM3\ARM_GCC_493\Debug\tasks.o
                0x00000d3c                xTaskRemoveFromEventList
 .text.vTaskSetTimeOutState
                0x00000dac       0x14 .\CortexM3\ARM_GCC_493\Debug\tasks.o
                0x00000dac                vTaskSetTimeOutState
 .text.xTaskCheckForTimeOut
                0x00000dc0       0x58 .\CortexM3\ARM_GCC_493\Debug\tasks.o
                0x00000dc0                xTaskCheckForTimeOut
 .text.vTaskMissedYield
                0x00000e18       0x10 .\CortexM3\ARM_GCC_493\Debug\tasks.o
                0x00000e18                vTaskMissedYield
 .text.vTaskPriorityInherit
                0x00000e28       0xb0 .\CortexM3\ARM_GCC_493\Debug\tasks.o
                0x00000e28                vTaskPriorityInherit
 .text.xTaskPriorityDisinherit
                0x00000ed8       0x84 .\CortexM3\ARM_GCC_493\Debug\tasks.o
                0x00000ed8                xTaskPriorityDisinherit
 .text.pvTaskIncrementMutexHeldCount
                0x00000f5c       0x20 .\CortexM3\ARM_GCC_493\Debug\tasks.o
                0x00000f5c                pvTaskIncrementMutexHeldCount
 .text.prvHeapInit
                0x00000f7c       0x30 .\CortexM3\ARM_GCC_493\Debug\heap_2.o
 .text.pvPortMalloc
                0x00000fac       0xb4 .\CortexM3\ARM_GCC_493\Debug\heap_2.o
                0x00000fac                pvPortMalloc
 .text.vPortFree
                0x00001060       0x44 .\CortexM3\ARM_GCC_493\Debug\heap_2.o
                0x00001060                vPortFree
 .text.Init_ROT
                0x000010a4        0x4 .\CortexM3\ARM_GCC_493\Debug\rot.o
                0x000010a4                Init_ROT
 .text.Task_ROT
                0x000010a8       0x7c .\CortexM3\ARM_GCC_493\Debug\rot.o
                0x000010a8                Task_ROT
 .text.I2C_CLCD_WrCntrlNib
                0x00001124       0x58 .\CortexM3\ARM_GCC_493\Debug\I2C_CLCD.o
 .text.I2C_CLCD_WrDatNib
                0x0000117c       0x6c .\CortexM3\ARM_GCC_493\Debug\I2C_CLCD.o
 .text.I2C_CLCD_IsReady
                0x000011e8        0xc .\CortexM3\ARM_GCC_493\Debug\I2C_CLCD.o
                0x000011e8                I2C_CLCD_IsReady
 .text.I2C_CLCD_WriteData
                0x000011f4       0x18 .\CortexM3\ARM_GCC_493\Debug\I2C_CLCD.o
                0x000011f4                I2C_CLCD_WriteData
 .text.I2C_CLCD_PrintString
                0x0000120c       0x1c .\CortexM3\ARM_GCC_493\Debug\I2C_CLCD.o
                0x0000120c                I2C_CLCD_PrintString
 .text.I2C_CLCD_WriteControl
                0x00001228       0x18 .\CortexM3\ARM_GCC_493\Debug\I2C_CLCD.o
                0x00001228                I2C_CLCD_WriteControl
 .text.I2C_CLCD_Init
                0x00001240       0x6c .\CortexM3\ARM_GCC_493\Debug\I2C_CLCD.o
                0x00001240                I2C_CLCD_Init
 .text.I2C_CLCD_Enable
                0x000012ac       0x14 .\CortexM3\ARM_GCC_493\Debug\I2C_CLCD.o
                0x000012ac                I2C_CLCD_Enable
 .text.I2C_CLCD_Start
                0x000012c0       0x1c .\CortexM3\ARM_GCC_493\Debug\I2C_CLCD.o
                0x000012c0                I2C_CLCD_Start
 .text.I2C_CLCD_Position
                0x000012dc       0x3c .\CortexM3\ARM_GCC_493\Debug\I2C_CLCD.o
                0x000012dc                I2C_CLCD_Position
 .text.Init_Key
                0x00001318       0x18 .\CortexM3\ARM_GCC_493\Debug\key.o
                0x00001318                Init_Key
 .text.Check_Key_Status
                0x00001330       0x30 .\CortexM3\ARM_GCC_493\Debug\key.o
                0x00001330                Check_Key_Status
 .text.Task_KEY
                0x00001360       0xe0 .\CortexM3\ARM_GCC_493\Debug\key.o
                0x00001360                Task_KEY
 .text.timerISR_1_Routine
                0x00001440       0x14 .\CortexM3\ARM_GCC_493\Debug\main.o
                0x00001440                timerISR_1_Routine
 .text.Task_LED
                0x00001454       0x20 .\CortexM3\ARM_GCC_493\Debug\main.o
                0x00001454                Task_LED
 *fill*         0x00001474        0x4 
 .text.Task_DDR
                0x00001478       0xe0 .\CortexM3\ARM_GCC_493\Debug\main.o
                0x00001478                Task_DDR
 .text.Filter_Handler
                0x00001558       0x68 .\CortexM3\ARM_GCC_493\Debug\main.o
                0x00001558                Filter_Handler
 .text.prvHardwareSetup
                0x000015c0       0x20 .\CortexM3\ARM_GCC_493\Debug\main.o
                0x000015c0                prvHardwareSetup
 .text.vApplicationStackOverflowHook
                0x000015e0        0x8 .\CortexM3\ARM_GCC_493\Debug\main.o
                0x000015e0                vApplicationStackOverflowHook
 .text.vApplicationMallocFailedHook
                0x000015e8        0x8 .\CortexM3\ARM_GCC_493\Debug\main.o
                0x000015e8                vApplicationMallocFailedHook
 .text.main     0x000015f0      0x1d4 .\CortexM3\ARM_GCC_493\Debug\main.o
                0x000015f0                main
 .text.DMA_1_Config
                0x000017c4       0x44 .\CortexM3\ARM_GCC_493\Debug\main.o
                0x000017c4                DMA_1_Config
 .text.DMA_2_Config
                0x00001808       0x44 .\CortexM3\ARM_GCC_493\Debug\main.o
                0x00001808                DMA_2_Config
 .text.Task_RADIO
                0x0000184c      0x1bc .\CortexM3\ARM_GCC_493\Debug\main.o
                0x0000184c                Task_RADIO
 .text.CLCD_mode_switch
                0x00001a08      0x1f0 .\CortexM3\ARM_GCC_493\Debug\CLCD_control.o
                0x00001a08                CLCD_mode_switch
 .text.set_Vth_Vbias
                0x00001bf8       0xa4 .\CortexM3\ARM_GCC_493\Debug\CLCD_control.o
                0x00001bf8                set_Vth_Vbias
 .text.CLCD_set_PGA_gain
                0x00001c9c       0xe0 .\CortexM3\ARM_GCC_493\Debug\CLCD_control.o
                0x00001c9c                CLCD_set_PGA_gain
 *fill*         0x00001d7c        0x4 
 .text.Task_CLCD
                0x00001d80      0x750 .\CortexM3\ARM_GCC_493\Debug\CLCD_control.o
                0x00001d80                Task_CLCD
 .text.IntDefaultHandler
                0x000024d0        0x4 .\CortexM3\ARM_GCC_493\Debug\Cm3Start.o
                0x000024d0                IntDefaultHandler
 .text._sbrk    0x000024d4       0x30 .\CortexM3\ARM_GCC_493\Debug\Cm3Start.o
                0x000024d4                _sbrk
 .text.Start_c  0x00002504       0x4c .\CortexM3\ARM_GCC_493\Debug\Cm3Start.o
                0x00002504                Start_c
 .text.initialize_psoc
                0x00002550       0x78 .\CortexM3\ARM_GCC_493\Debug\Cm3Start.o
                0x00002550                initialize_psoc
 .text.CyClockStartupError
                0x000025c8        0x4 .\CortexM3\ARM_GCC_493\Debug\CY8CKIT-059_Beacon_w_Filter.a(cyfitter_cfg.o)
 .text.cfg_write_bytes32
                0x000025cc       0x34 .\CortexM3\ARM_GCC_493\Debug\CY8CKIT-059_Beacon_w_Filter.a(cyfitter_cfg.o)
 .text.CYMEMZERO
                0x00002600        0xc .\CortexM3\ARM_GCC_493\Debug\CY8CKIT-059_Beacon_w_Filter.a(cyfitter_cfg.o)
 .text.AnalogSetDefault
                0x0000260c      0x13c .\CortexM3\ARM_GCC_493\Debug\CY8CKIT-059_Beacon_w_Filter.a(cyfitter_cfg.o)
 .text.CYCONFIGCPY
                0x00002748        0x8 .\CortexM3\ARM_GCC_493\Debug\CY8CKIT-059_Beacon_w_Filter.a(cyfitter_cfg.o)
 .text.ClockSetup
                0x00002750      0x134 .\CortexM3\ARM_GCC_493\Debug\CY8CKIT-059_Beacon_w_Filter.a(cyfitter_cfg.o)
 .text.cyfitter_cfg
                0x00002884      0x164 .\CortexM3\ARM_GCC_493\Debug\CY8CKIT-059_Beacon_w_Filter.a(cyfitter_cfg.o)
                0x00002884                cyfitter_cfg
 .text.LED_Write
                0x000029e8       0x18 .\CortexM3\ARM_GCC_493\Debug\CY8CKIT-059_Beacon_w_Filter.a(LED.o)
                0x000029e8                LED_Write
 .text.CyDmacConfigure
                0x00002a00       0x34 .\CortexM3\ARM_GCC_493\Debug\CY8CKIT-059_Beacon_w_Filter.a(CyDmac.o)
                0x00002a00                CyDmacConfigure
 .text.CyDmaChEnable
                0x00002a34       0x38 .\CortexM3\ARM_GCC_493\Debug\CY8CKIT-059_Beacon_w_Filter.a(CyDmac.o)
                0x00002a34                CyDmaChEnable
 .text.CyDmaChPriority
                0x00002a6c       0x24 .\CortexM3\ARM_GCC_493\Debug\CY8CKIT-059_Beacon_w_Filter.a(CyDmac.o)
                0x00002a6c                CyDmaChPriority
 .text.CyDmaChSetExtendedAddress
                0x00002a90       0x34 .\CortexM3\ARM_GCC_493\Debug\CY8CKIT-059_Beacon_w_Filter.a(CyDmac.o)
                0x00002a90                CyDmaChSetExtendedAddress
 .text.CyDmaChSetInitialTd
                0x00002ac4       0x18 .\CortexM3\ARM_GCC_493\Debug\CY8CKIT-059_Beacon_w_Filter.a(CyDmac.o)
                0x00002ac4                CyDmaChSetInitialTd
 .text.CyDmaChSetConfiguration
                0x00002adc       0x48 .\CortexM3\ARM_GCC_493\Debug\CY8CKIT-059_Beacon_w_Filter.a(CyDmac.o)
                0x00002adc                CyDmaChSetConfiguration
 .text.CyDmaTdAllocate
                0x00002b24       0x34 .\CortexM3\ARM_GCC_493\Debug\CY8CKIT-059_Beacon_w_Filter.a(CyDmac.o)
                0x00002b24                CyDmaTdAllocate
 .text.CyDmaTdSetConfiguration
                0x00002b58       0x28 .\CortexM3\ARM_GCC_493\Debug\CY8CKIT-059_Beacon_w_Filter.a(CyDmac.o)
                0x00002b58                CyDmaTdSetConfiguration
 .text.CyDmaTdSetAddress
                0x00002b80       0x1c .\CortexM3\ARM_GCC_493\Debug\CY8CKIT-059_Beacon_w_Filter.a(CyDmac.o)
                0x00002b80                CyDmaTdSetAddress
 .text.CyHalt   0x00002b9c        0x4 .\CortexM3\ARM_GCC_493\Debug\CY8CKIT-059_Beacon_w_Filter.a(CyLib.o)
                0x00002b9c                CyHalt
 .text.CyDelay  0x00002ba0       0x2c .\CortexM3\ARM_GCC_493\Debug\CY8CKIT-059_Beacon_w_Filter.a(CyLib.o)
                0x00002ba0                CyDelay
 .text.CyDelayUs
                0x00002bcc       0x14 .\CortexM3\ARM_GCC_493\Debug\CY8CKIT-059_Beacon_w_Filter.a(CyLib.o)
                0x00002bcc                CyDelayUs
 .text.CyWdtStart
                0x00002be0       0x40 .\CortexM3\ARM_GCC_493\Debug\CY8CKIT-059_Beacon_w_Filter.a(CyLib.o)
                0x00002be0                CyWdtStart
 .text.CyWdtClear
                0x00002c20        0xc .\CortexM3\ARM_GCC_493\Debug\CY8CKIT-059_Beacon_w_Filter.a(CyLib.o)
                0x00002c20                CyWdtClear
 .text.CyIntSetVector
                0x00002c2c       0x28 .\CortexM3\ARM_GCC_493\Debug\CY8CKIT-059_Beacon_w_Filter.a(CyLib.o)
                0x00002c2c                CyIntSetVector
 .text.CyIntSetPriority
                0x00002c54       0x30 .\CortexM3\ARM_GCC_493\Debug\CY8CKIT-059_Beacon_w_Filter.a(CyLib.o)
                0x00002c54                CyIntSetPriority
 .text.SPIM_EnableTxInt
                0x00002c84        0xc .\CortexM3\ARM_GCC_493\Debug\CY8CKIT-059_Beacon_w_Filter.a(SPIM.o)
                0x00002c84                SPIM_EnableTxInt
 .text.SPIM_EnableRxInt
                0x00002c90        0xc .\CortexM3\ARM_GCC_493\Debug\CY8CKIT-059_Beacon_w_Filter.a(SPIM.o)
                0x00002c90                SPIM_EnableRxInt
 .text.SPIM_Enable
                0x00002c9c       0x38 .\CortexM3\ARM_GCC_493\Debug\CY8CKIT-059_Beacon_w_Filter.a(SPIM.o)
                0x00002c9c                SPIM_Enable
 .text.SPIM_DisableTxInt
                0x00002cd4        0xc .\CortexM3\ARM_GCC_493\Debug\CY8CKIT-059_Beacon_w_Filter.a(SPIM.o)
                0x00002cd4                SPIM_DisableTxInt
 .text.SPIM_DisableRxInt
                0x00002ce0        0xc .\CortexM3\ARM_GCC_493\Debug\CY8CKIT-059_Beacon_w_Filter.a(SPIM.o)
                0x00002ce0                SPIM_DisableRxInt
 .text.SPIM_ReadTxStatus
                0x00002cec       0x28 .\CortexM3\ARM_GCC_493\Debug\CY8CKIT-059_Beacon_w_Filter.a(SPIM.o)
                0x00002cec                SPIM_ReadTxStatus
 .text.SPIM_ReadRxStatus
                0x00002d14       0x28 .\CortexM3\ARM_GCC_493\Debug\CY8CKIT-059_Beacon_w_Filter.a(SPIM.o)
                0x00002d14                SPIM_ReadRxStatus
 .text.SPIM_WriteTxData
                0x00002d3c       0xd0 .\CortexM3\ARM_GCC_493\Debug\CY8CKIT-059_Beacon_w_Filter.a(SPIM.o)
                0x00002d3c                SPIM_WriteTxData
 .text.SPIM_ClearFIFO
                0x00002e0c       0x3c .\CortexM3\ARM_GCC_493\Debug\CY8CKIT-059_Beacon_w_Filter.a(SPIM.o)
                0x00002e0c                SPIM_ClearFIFO
 .text.SPIM_Init
                0x00002e48       0x90 .\CortexM3\ARM_GCC_493\Debug\CY8CKIT-059_Beacon_w_Filter.a(SPIM.o)
                0x00002e48                SPIM_Init
 .text.SPIM_Start
                0x00002ed8       0x1c .\CortexM3\ARM_GCC_493\Debug\CY8CKIT-059_Beacon_w_Filter.a(SPIM.o)
                0x00002ed8                SPIM_Start
 .text.SPIM_TX_ISR
                0x00002ef4       0x9c .\CortexM3\ARM_GCC_493\Debug\CY8CKIT-059_Beacon_w_Filter.a(SPIM_INT.o)
                0x00002ef4                SPIM_TX_ISR
 .text.SPIM_RX_ISR
                0x00002f90       0xa0 .\CortexM3\ARM_GCC_493\Debug\CY8CKIT-059_Beacon_w_Filter.a(SPIM_INT.o)
                0x00002f90                SPIM_RX_ISR
 .text.Control_Reg_1_Write
                0x00003030        0xc .\CortexM3\ARM_GCC_493\Debug\CY8CKIT-059_Beacon_w_Filter.a(Control_Reg_1.o)
                0x00003030                Control_Reg_1_Write
 .text.Comp_1_Enable
                0x0000303c       0x1c .\CortexM3\ARM_GCC_493\Debug\CY8CKIT-059_Beacon_w_Filter.a(Comp_1.o)
                0x0000303c                Comp_1_Enable
 .text.Comp_1_SetSpeed
                0x00003058       0x58 .\CortexM3\ARM_GCC_493\Debug\CY8CKIT-059_Beacon_w_Filter.a(Comp_1.o)
                0x00003058                Comp_1_SetSpeed
 .text.Comp_1_Init
                0x000030b0       0x3c .\CortexM3\ARM_GCC_493\Debug\CY8CKIT-059_Beacon_w_Filter.a(Comp_1.o)
                0x000030b0                Comp_1_Init
 .text.Comp_1_Start
                0x000030ec       0x1c .\CortexM3\ARM_GCC_493\Debug\CY8CKIT-059_Beacon_w_Filter.a(Comp_1.o)
                0x000030ec                Comp_1_Start
 .text.ADC_SAR_1_CalcGain
                0x00003108       0x64 .\CortexM3\ARM_GCC_493\Debug\CY8CKIT-059_Beacon_w_Filter.a(ADC_SAR_1.o)
 .text.ADC_SAR_1_Enable
                0x0000316c       0x94 .\CortexM3\ARM_GCC_493\Debug\CY8CKIT-059_Beacon_w_Filter.a(ADC_SAR_1.o)
                0x0000316c                ADC_SAR_1_Enable
 .text.ADC_SAR_1_SetResolution
                0x00003200       0x38 .\CortexM3\ARM_GCC_493\Debug\CY8CKIT-059_Beacon_w_Filter.a(ADC_SAR_1.o)
                0x00003200                ADC_SAR_1_SetResolution
 .text.ADC_SAR_1_Init
                0x00003238       0x3c .\CortexM3\ARM_GCC_493\Debug\CY8CKIT-059_Beacon_w_Filter.a(ADC_SAR_1.o)
                0x00003238                ADC_SAR_1_Init
 .text.ADC_SAR_1_Start
                0x00003274       0x1c .\CortexM3\ARM_GCC_493\Debug\CY8CKIT-059_Beacon_w_Filter.a(ADC_SAR_1.o)
                0x00003274                ADC_SAR_1_Start
 .text.ADC_SAR_1_ISR
                0x00003290        0x4 .\CortexM3\ARM_GCC_493\Debug\CY8CKIT-059_Beacon_w_Filter.a(ADC_SAR_1_INT.o)
                0x00003290                ADC_SAR_1_ISR
 .text.ADC_SAR_2_CalcGain
                0x00003294       0x64 .\CortexM3\ARM_GCC_493\Debug\CY8CKIT-059_Beacon_w_Filter.a(ADC_SAR_2.o)
 .text.ADC_SAR_2_Enable
                0x000032f8       0x94 .\CortexM3\ARM_GCC_493\Debug\CY8CKIT-059_Beacon_w_Filter.a(ADC_SAR_2.o)
                0x000032f8                ADC_SAR_2_Enable
 .text.ADC_SAR_2_SetResolution
                0x0000338c       0x38 .\CortexM3\ARM_GCC_493\Debug\CY8CKIT-059_Beacon_w_Filter.a(ADC_SAR_2.o)
                0x0000338c                ADC_SAR_2_SetResolution
 .text.ADC_SAR_2_Init
                0x000033c4       0x3c .\CortexM3\ARM_GCC_493\Debug\CY8CKIT-059_Beacon_w_Filter.a(ADC_SAR_2.o)
                0x000033c4                ADC_SAR_2_Init
 .text.ADC_SAR_2_Start
                0x00003400       0x1c .\CortexM3\ARM_GCC_493\Debug\CY8CKIT-059_Beacon_w_Filter.a(ADC_SAR_2.o)
                0x00003400                ADC_SAR_2_Start
 .text.ADC_SAR_2_ISR
                0x0000341c        0x4 .\CortexM3\ARM_GCC_493\Debug\CY8CKIT-059_Beacon_w_Filter.a(ADC_SAR_2_INT.o)
                0x0000341c                ADC_SAR_2_ISR
 .text.DMA_1_DmaInitialize
                0x00003420       0x3c .\CortexM3\ARM_GCC_493\Debug\CY8CKIT-059_Beacon_w_Filter.a(DMA_1_dma.o)
                0x00003420                DMA_1_DmaInitialize
 .text.DMA_2_DmaInitialize
                0x0000345c       0x3c .\CortexM3\ARM_GCC_493\Debug\CY8CKIT-059_Beacon_w_Filter.a(DMA_2_dma.o)
                0x0000345c                DMA_2_DmaInitialize
 .text.Mixer_2_Enable
                0x00003498       0x28 .\CortexM3\ARM_GCC_493\Debug\CY8CKIT-059_Beacon_w_Filter.a(Mixer_2.o)
                0x00003498                Mixer_2_Enable
 .text.Mixer_2_SetPower
                0x000034c0       0x18 .\CortexM3\ARM_GCC_493\Debug\CY8CKIT-059_Beacon_w_Filter.a(Mixer_2.o)
                0x000034c0                Mixer_2_SetPower
 .text.Mixer_2_Init
                0x000034d8       0x2c .\CortexM3\ARM_GCC_493\Debug\CY8CKIT-059_Beacon_w_Filter.a(Mixer_2.o)
                0x000034d8                Mixer_2_Init
 .text.Mixer_2_Start
                0x00003504       0x1c .\CortexM3\ARM_GCC_493\Debug\CY8CKIT-059_Beacon_w_Filter.a(Mixer_2.o)
                0x00003504                Mixer_2_Start
 .text.Mixer_1_Enable
                0x00003520       0x28 .\CortexM3\ARM_GCC_493\Debug\CY8CKIT-059_Beacon_w_Filter.a(Mixer_1.o)
                0x00003520                Mixer_1_Enable
 .text.Mixer_1_SetPower
                0x00003548       0x18 .\CortexM3\ARM_GCC_493\Debug\CY8CKIT-059_Beacon_w_Filter.a(Mixer_1.o)
                0x00003548                Mixer_1_SetPower
 .text.Mixer_1_Init
                0x00003560       0x2c .\CortexM3\ARM_GCC_493\Debug\CY8CKIT-059_Beacon_w_Filter.a(Mixer_1.o)
                0x00003560                Mixer_1_Init
 .text.Mixer_1_Start
                0x0000358c       0x1c .\CortexM3\ARM_GCC_493\Debug\CY8CKIT-059_Beacon_w_Filter.a(Mixer_1.o)
                0x0000358c                Mixer_1_Start
 .text.PGA_1_Enable
                0x000035a8       0x28 .\CortexM3\ARM_GCC_493\Debug\CY8CKIT-059_Beacon_w_Filter.a(PGA_1.o)
                0x000035a8                PGA_1_Enable
 .text.PGA_1_SetPower
                0x000035d0       0x18 .\CortexM3\ARM_GCC_493\Debug\CY8CKIT-059_Beacon_w_Filter.a(PGA_1.o)
                0x000035d0                PGA_1_SetPower
 .text.PGA_1_SetGain
                0x000035e8       0x78 .\CortexM3\ARM_GCC_493\Debug\CY8CKIT-059_Beacon_w_Filter.a(PGA_1.o)
                0x000035e8                PGA_1_SetGain
 .text.PGA_1_Init
                0x00003660       0x30 .\CortexM3\ARM_GCC_493\Debug\CY8CKIT-059_Beacon_w_Filter.a(PGA_1.o)
                0x00003660                PGA_1_Init
 .text.PGA_1_Start
                0x00003690       0x1c .\CortexM3\ARM_GCC_493\Debug\CY8CKIT-059_Beacon_w_Filter.a(PGA_1.o)
                0x00003690                PGA_1_Start
 .text.Filter_1_Init
                0x000036ac       0xd0 .\CortexM3\ARM_GCC_493\Debug\CY8CKIT-059_Beacon_w_Filter.a(Filter_1.o)
                0x000036ac                Filter_1_Init
 .text.Filter_1_Enable
                0x0000377c       0x28 .\CortexM3\ARM_GCC_493\Debug\CY8CKIT-059_Beacon_w_Filter.a(Filter_1.o)
                0x0000377c                Filter_1_Enable
 .text.Filter_1_Start
                0x000037a4       0x1c .\CortexM3\ARM_GCC_493\Debug\CY8CKIT-059_Beacon_w_Filter.a(Filter_1.o)
                0x000037a4                Filter_1_Start
 .text.Filter_1_Read16
                0x000037c0       0x24 .\CortexM3\ARM_GCC_493\Debug\CY8CKIT-059_Beacon_w_Filter.a(Filter_1.o)
                0x000037c0                Filter_1_Read16
 .text.Filter_1_SetCoherencyEx
                0x000037e4       0x24 .\CortexM3\ARM_GCC_493\Debug\CY8CKIT-059_Beacon_w_Filter.a(Filter_1.o)
                0x000037e4                Filter_1_SetCoherencyEx
 .text.Filter_1_SetDalign
                0x00003808       0x20 .\CortexM3\ARM_GCC_493\Debug\CY8CKIT-059_Beacon_w_Filter.a(Filter_1.o)
                0x00003808                Filter_1_SetDalign
 .text.Filter_1_SetInterruptMode
                0x00003828       0x10 .\CortexM3\ARM_GCC_493\Debug\CY8CKIT-059_Beacon_w_Filter.a(Filter_1_PVT.o)
                0x00003828                Filter_1_SetInterruptMode
 .text.Filter_1_SetDMAMode
                0x00003838       0x10 .\CortexM3\ARM_GCC_493\Debug\CY8CKIT-059_Beacon_w_Filter.a(Filter_1_PVT.o)
                0x00003838                Filter_1_SetDMAMode
 .text.isr_filter_SetVector
                0x00003848       0x10 .\CortexM3\ARM_GCC_493\Debug\CY8CKIT-059_Beacon_w_Filter.a(isr_filter.o)
                0x00003848                isr_filter_SetVector
 .text.isr_filter_SetPriority
                0x00003858       0x10 .\CortexM3\ARM_GCC_493\Debug\CY8CKIT-059_Beacon_w_Filter.a(isr_filter.o)
                0x00003858                isr_filter_SetPriority
 .text.isr_filter_Enable
                0x00003868       0x10 .\CortexM3\ARM_GCC_493\Debug\CY8CKIT-059_Beacon_w_Filter.a(isr_filter.o)
                0x00003868                isr_filter_Enable
 .text.isr_filter_Disable
                0x00003878       0x10 .\CortexM3\ARM_GCC_493\Debug\CY8CKIT-059_Beacon_w_Filter.a(isr_filter.o)
                0x00003878                isr_filter_Disable
 .text.isr_filter_StartEx
                0x00003888       0x1c .\CortexM3\ARM_GCC_493\Debug\CY8CKIT-059_Beacon_w_Filter.a(isr_filter.o)
                0x00003888                isr_filter_StartEx
 .text.ADC_SAR_1_theACLK_SetModeRegister
                0x000038a4       0x14 .\CortexM3\ARM_GCC_493\Debug\CY8CKIT-059_Beacon_w_Filter.a(ADC_SAR_1_theACLK.o)
                0x000038a4                ADC_SAR_1_theACLK_SetModeRegister
 .text.ADC_SAR_2_theACLK_SetModeRegister
                0x000038b8       0x14 .\CortexM3\ARM_GCC_493\Debug\CY8CKIT-059_Beacon_w_Filter.a(ADC_SAR_2_theACLK.o)
                0x000038b8                ADC_SAR_2_theACLK_SetModeRegister
 .text.PI_KEY_0_Read
                0x000038cc       0x10 .\CortexM3\ARM_GCC_493\Debug\CY8CKIT-059_Beacon_w_Filter.a(PI_KEY_0.o)
                0x000038cc                PI_KEY_0_Read
 .text.PI_KEY_1_Read
                0x000038dc       0x10 .\CortexM3\ARM_GCC_493\Debug\CY8CKIT-059_Beacon_w_Filter.a(PI_KEY_1.o)
                0x000038dc                PI_KEY_1_Read
 .text.ROT_B_Read
                0x000038ec       0x10 .\CortexM3\ARM_GCC_493\Debug\CY8CKIT-059_Beacon_w_Filter.a(ROT_B.o)
                0x000038ec                ROT_B_Read
 .text.ROT_A_Read
                0x000038fc       0x10 .\CortexM3\ARM_GCC_493\Debug\CY8CKIT-059_Beacon_w_Filter.a(ROT_A.o)
                0x000038fc                ROT_A_Read
 .text.I2C_1_Init
                0x0000390c       0x68 .\CortexM3\ARM_GCC_493\Debug\CY8CKIT-059_Beacon_w_Filter.a(I2C_1.o)
                0x0000390c                I2C_1_Init
 .text.I2C_1_Enable
                0x00003974       0x24 .\CortexM3\ARM_GCC_493\Debug\CY8CKIT-059_Beacon_w_Filter.a(I2C_1.o)
                0x00003974                I2C_1_Enable
 .text.I2C_1_Start
                0x00003998       0x28 .\CortexM3\ARM_GCC_493\Debug\CY8CKIT-059_Beacon_w_Filter.a(I2C_1.o)
                0x00003998                I2C_1_Start
 .text.I2C_1_ISR
                0x000039c0      0x2cc .\CortexM3\ARM_GCC_493\Debug\CY8CKIT-059_Beacon_w_Filter.a(I2C_1_INT.o)
                0x000039c0                I2C_1_ISR
 .text.I2C_1_MasterSendStart
                0x00003c8c       0x80 .\CortexM3\ARM_GCC_493\Debug\CY8CKIT-059_Beacon_w_Filter.a(I2C_1_MASTER.o)
                0x00003c8c                I2C_1_MasterSendStart
 .text.I2C_1_MasterSendStop
                0x00003d0c       0x38 .\CortexM3\ARM_GCC_493\Debug\CY8CKIT-059_Beacon_w_Filter.a(I2C_1_MASTER.o)
                0x00003d0c                I2C_1_MasterSendStop
 .text.I2C_1_MasterWriteByte
                0x00003d44       0x58 .\CortexM3\ARM_GCC_493\Debug\CY8CKIT-059_Beacon_w_Filter.a(I2C_1_MASTER.o)
                0x00003d44                I2C_1_MasterWriteByte
 .text.PGA_2_Enable
                0x00003d9c       0x28 .\CortexM3\ARM_GCC_493\Debug\CY8CKIT-059_Beacon_w_Filter.a(PGA_2.o)
                0x00003d9c                PGA_2_Enable
 .text.PGA_2_SetPower
                0x00003dc4       0x18 .\CortexM3\ARM_GCC_493\Debug\CY8CKIT-059_Beacon_w_Filter.a(PGA_2.o)
                0x00003dc4                PGA_2_SetPower
 .text.PGA_2_SetGain
                0x00003ddc       0x78 .\CortexM3\ARM_GCC_493\Debug\CY8CKIT-059_Beacon_w_Filter.a(PGA_2.o)
                0x00003ddc                PGA_2_SetGain
 .text.PGA_2_Init
                0x00003e54       0x30 .\CortexM3\ARM_GCC_493\Debug\CY8CKIT-059_Beacon_w_Filter.a(PGA_2.o)
                0x00003e54                PGA_2_Init
 .text.PGA_2_Start
                0x00003e84       0x1c .\CortexM3\ARM_GCC_493\Debug\CY8CKIT-059_Beacon_w_Filter.a(PGA_2.o)
                0x00003e84                PGA_2_Start
 .text.Opamp_1_Enable
                0x00003ea0       0x28 .\CortexM3\ARM_GCC_493\Debug\CY8CKIT-059_Beacon_w_Filter.a(Opamp_1.o)
                0x00003ea0                Opamp_1_Enable
 .text.Opamp_1_SetPower
                0x00003ec8       0x1c .\CortexM3\ARM_GCC_493\Debug\CY8CKIT-059_Beacon_w_Filter.a(Opamp_1.o)
                0x00003ec8                Opamp_1_SetPower
 .text.Opamp_1_Init
                0x00003ee4        0xc .\CortexM3\ARM_GCC_493\Debug\CY8CKIT-059_Beacon_w_Filter.a(Opamp_1.o)
                0x00003ee4                Opamp_1_Init
 .text.Opamp_1_Start
                0x00003ef0       0x1c .\CortexM3\ARM_GCC_493\Debug\CY8CKIT-059_Beacon_w_Filter.a(Opamp_1.o)
                0x00003ef0                Opamp_1_Start
 .text.DVDAC_1_InitDma
                0x00003f0c       0x4c .\CortexM3\ARM_GCC_493\Debug\CY8CKIT-059_Beacon_w_Filter.a(DVDAC_1.o)
 .text.DVDAC_1_Init
                0x00003f58       0x18 .\CortexM3\ARM_GCC_493\Debug\CY8CKIT-059_Beacon_w_Filter.a(DVDAC_1.o)
                0x00003f58                DVDAC_1_Init
 .text.DVDAC_1_Enable
                0x00003f70       0x1c .\CortexM3\ARM_GCC_493\Debug\CY8CKIT-059_Beacon_w_Filter.a(DVDAC_1.o)
                0x00003f70                DVDAC_1_Enable
 .text.DVDAC_1_Start
                0x00003f8c       0x1c .\CortexM3\ARM_GCC_493\Debug\CY8CKIT-059_Beacon_w_Filter.a(DVDAC_1.o)
                0x00003f8c                DVDAC_1_Start
 .text.DVDAC_1_DMA_DmaInitialize
                0x00003fa8       0x40 .\CortexM3\ARM_GCC_493\Debug\CY8CKIT-059_Beacon_w_Filter.a(DVDAC_1_DMA_dma.o)
                0x00003fa8                DVDAC_1_DMA_DmaInitialize
 .text.DVDAC_1_VDAC8_Enable
                0x00003fe8       0x1c .\CortexM3\ARM_GCC_493\Debug\CY8CKIT-059_Beacon_w_Filter.a(DVDAC_1_VDAC8.o)
                0x00003fe8                DVDAC_1_VDAC8_Enable
 .text.DVDAC_1_VDAC8_SetSpeed
                0x00004004       0x1c .\CortexM3\ARM_GCC_493\Debug\CY8CKIT-059_Beacon_w_Filter.a(DVDAC_1_VDAC8.o)
                0x00004004                DVDAC_1_VDAC8_SetSpeed
 .text.DVDAC_1_VDAC8_DacTrim
                0x00004020       0x24 .\CortexM3\ARM_GCC_493\Debug\CY8CKIT-059_Beacon_w_Filter.a(DVDAC_1_VDAC8.o)
                0x00004020                DVDAC_1_VDAC8_DacTrim
 .text.DVDAC_1_VDAC8_SetRange
                0x00004044       0x20 .\CortexM3\ARM_GCC_493\Debug\CY8CKIT-059_Beacon_w_Filter.a(DVDAC_1_VDAC8.o)
                0x00004044                DVDAC_1_VDAC8_SetRange
 .text.DVDAC_1_VDAC8_Init
                0x00004064       0x2c .\CortexM3\ARM_GCC_493\Debug\CY8CKIT-059_Beacon_w_Filter.a(DVDAC_1_VDAC8.o)
                0x00004064                DVDAC_1_VDAC8_Init
 .text.DVDAC_1_IntClock_Start
                0x00004090       0x1c .\CortexM3\ARM_GCC_493\Debug\CY8CKIT-059_Beacon_w_Filter.a(DVDAC_1_IntClock.o)
                0x00004090                DVDAC_1_IntClock_Start
 .text.DVDAC_2_InitDma
                0x000040ac       0x4c .\CortexM3\ARM_GCC_493\Debug\CY8CKIT-059_Beacon_w_Filter.a(DVDAC_2.o)
 .text.DVDAC_2_Init
                0x000040f8       0x18 .\CortexM3\ARM_GCC_493\Debug\CY8CKIT-059_Beacon_w_Filter.a(DVDAC_2.o)
                0x000040f8                DVDAC_2_Init
 .text.DVDAC_2_Enable
                0x00004110       0x1c .\CortexM3\ARM_GCC_493\Debug\CY8CKIT-059_Beacon_w_Filter.a(DVDAC_2.o)
                0x00004110                DVDAC_2_Enable
 .text.DVDAC_2_Start
                0x0000412c       0x1c .\CortexM3\ARM_GCC_493\Debug\CY8CKIT-059_Beacon_w_Filter.a(DVDAC_2.o)
                0x0000412c                DVDAC_2_Start
 .text.DVDAC_2_SetValue
                0x00004148       0x5c .\CortexM3\ARM_GCC_493\Debug\CY8CKIT-059_Beacon_w_Filter.a(DVDAC_2.o)
                0x00004148                DVDAC_2_SetValue
 .text.DVDAC_2_DMA_DmaInitialize
                0x000041a4       0x3c .\CortexM3\ARM_GCC_493\Debug\CY8CKIT-059_Beacon_w_Filter.a(DVDAC_2_DMA_dma.o)
                0x000041a4                DVDAC_2_DMA_DmaInitialize
 .text.DVDAC_2_VDAC8_Enable
                0x000041e0       0x1c .\CortexM3\ARM_GCC_493\Debug\CY8CKIT-059_Beacon_w_Filter.a(DVDAC_2_VDAC8.o)
                0x000041e0                DVDAC_2_VDAC8_Enable
 .text.DVDAC_2_VDAC8_SetSpeed
                0x000041fc       0x1c .\CortexM3\ARM_GCC_493\Debug\CY8CKIT-059_Beacon_w_Filter.a(DVDAC_2_VDAC8.o)
                0x000041fc                DVDAC_2_VDAC8_SetSpeed
 .text.DVDAC_2_VDAC8_DacTrim
                0x00004218       0x24 .\CortexM3\ARM_GCC_493\Debug\CY8CKIT-059_Beacon_w_Filter.a(DVDAC_2_VDAC8.o)
                0x00004218                DVDAC_2_VDAC8_DacTrim
 .text.DVDAC_2_VDAC8_SetRange
                0x0000423c       0x20 .\CortexM3\ARM_GCC_493\Debug\CY8CKIT-059_Beacon_w_Filter.a(DVDAC_2_VDAC8.o)
                0x0000423c                DVDAC_2_VDAC8_SetRange
 .text.DVDAC_2_VDAC8_Init
                0x0000425c       0x2c .\CortexM3\ARM_GCC_493\Debug\CY8CKIT-059_Beacon_w_Filter.a(DVDAC_2_VDAC8.o)
                0x0000425c                DVDAC_2_VDAC8_Init
 .text.DVDAC_2_IntClock_Start
                0x00004288       0x1c .\CortexM3\ARM_GCC_493\Debug\CY8CKIT-059_Beacon_w_Filter.a(DVDAC_2_IntClock.o)
                0x00004288                DVDAC_2_IntClock_Start
 .text.Status_Reg_1_Read
                0x000042a4        0xc .\CortexM3\ARM_GCC_493\Debug\CY8CKIT-059_Beacon_w_Filter.a(Status_Reg_1.o)
                0x000042a4                Status_Reg_1_Read
 .text.Timer_1_Enable
                0x000042b0       0x28 .\CortexM3\ARM_GCC_493\Debug\CY8CKIT-059_Beacon_w_Filter.a(Timer_1.o)
                0x000042b0                Timer_1_Enable
 .text.Timer_1_SetInterruptMode
                0x000042d8        0xc .\CortexM3\ARM_GCC_493\Debug\CY8CKIT-059_Beacon_w_Filter.a(Timer_1.o)
                0x000042d8                Timer_1_SetInterruptMode
 .text.Timer_1_ReadStatusRegister
                0x000042e4        0xc .\CortexM3\ARM_GCC_493\Debug\CY8CKIT-059_Beacon_w_Filter.a(Timer_1.o)
                0x000042e4                Timer_1_ReadStatusRegister
 .text.Timer_1_WritePeriod
                0x000042f0        0xc .\CortexM3\ARM_GCC_493\Debug\CY8CKIT-059_Beacon_w_Filter.a(Timer_1.o)
                0x000042f0                Timer_1_WritePeriod
 .text.Timer_1_WriteCounter
                0x000042fc        0xc .\CortexM3\ARM_GCC_493\Debug\CY8CKIT-059_Beacon_w_Filter.a(Timer_1.o)
                0x000042fc                Timer_1_WriteCounter
 .text.Timer_1_Init
                0x00004308       0x68 .\CortexM3\ARM_GCC_493\Debug\CY8CKIT-059_Beacon_w_Filter.a(Timer_1.o)
                0x00004308                Timer_1_Init
 .text.Timer_1_Start
                0x00004370       0x1c .\CortexM3\ARM_GCC_493\Debug\CY8CKIT-059_Beacon_w_Filter.a(Timer_1.o)
                0x00004370                Timer_1_Start
 .text.timerISR_1_SetVector
                0x0000438c       0x10 .\CortexM3\ARM_GCC_493\Debug\CY8CKIT-059_Beacon_w_Filter.a(timerISR_1.o)
                0x0000438c                timerISR_1_SetVector
 .text.timerISR_1_SetPriority
                0x0000439c       0x10 .\CortexM3\ARM_GCC_493\Debug\CY8CKIT-059_Beacon_w_Filter.a(timerISR_1.o)
                0x0000439c                timerISR_1_SetPriority
 .text.timerISR_1_Enable
                0x000043ac       0x10 .\CortexM3\ARM_GCC_493\Debug\CY8CKIT-059_Beacon_w_Filter.a(timerISR_1.o)
                0x000043ac                timerISR_1_Enable
 .text.timerISR_1_Disable
                0x000043bc       0x10 .\CortexM3\ARM_GCC_493\Debug\CY8CKIT-059_Beacon_w_Filter.a(timerISR_1.o)
                0x000043bc                timerISR_1_Disable
 .text.timerISR_1_StartEx
                0x000043cc       0x1c .\CortexM3\ARM_GCC_493\Debug\CY8CKIT-059_Beacon_w_Filter.a(timerISR_1.o)
                0x000043cc                timerISR_1_StartEx
 .text.Control_GAIN_Write
                0x000043e8        0xc .\CortexM3\ARM_GCC_493\Debug\CY8CKIT-059_Beacon_w_Filter.a(Control_GAIN.o)
                0x000043e8                Control_GAIN_Write
 .text.Status_GAIN_Read
                0x000043f4        0xc .\CortexM3\ARM_GCC_493\Debug\CY8CKIT-059_Beacon_w_Filter.a(Status_GAIN.o)
                0x000043f4                Status_GAIN_Read
 .text.MON_Write
                0x00004400       0x18 .\CortexM3\ARM_GCC_493\Debug\CY8CKIT-059_Beacon_w_Filter.a(MON.o)
                0x00004400                MON_Write
 .text          0x00004418       0x20 .\CortexM3\ARM_GCC_493\Debug\CY8CKIT-059_Beacon_w_Filter.a(CyBootAsmGnu.o)
                0x00004418                CyDelayCycles
                0x00004428                CyEnterCriticalSection
                0x00004430                CyExitCriticalSection
 .text.atan2    0x00004438        0x4 c:/program files (x86)/cypress/psoc creator/4.0/psoc creator/import/gnu/arm/4.9.3/bin/../lib/gcc/arm-none-eabi/4.9.3/../../../../arm-none-eabi/lib/armv7-m\libm.a(lib_a-w_atan2.o)
                0x00004438                atan2
 .text.pow      0x0000443c      0x2f0 c:/program files (x86)/cypress/psoc creator/4.0/psoc creator/import/gnu/arm/4.9.3/bin/../lib/gcc/arm-none-eabi/4.9.3/../../../../arm-none-eabi/lib/armv7-m\libm.a(lib_a-w_pow.o)
                0x0000443c                pow
 .text.sqrtf    0x0000472c       0x9c c:/program files (x86)/cypress/psoc creator/4.0/psoc creator/import/gnu/arm/4.9.3/bin/../lib/gcc/arm-none-eabi/4.9.3/../../../../arm-none-eabi/lib/armv7-m\libm.a(lib_a-wf_sqrt.o)
                0x0000472c                sqrtf
 .text.__ieee754_atan2
                0x000047c8      0x1b8 c:/program files (x86)/cypress/psoc creator/4.0/psoc creator/import/gnu/arm/4.9.3/bin/../lib/gcc/arm-none-eabi/4.9.3/../../../../arm-none-eabi/lib/armv7-m\libm.a(lib_a-e_atan2.o)
                0x000047c8                __ieee754_atan2
 .text.__ieee754_pow
                0x00004980      0xaa0 c:/program files (x86)/cypress/psoc creator/4.0/psoc creator/import/gnu/arm/4.9.3/bin/../lib/gcc/arm-none-eabi/4.9.3/../../../../arm-none-eabi/lib/armv7-m\libm.a(lib_a-e_pow.o)
                0x00004980                __ieee754_pow
 .text.__ieee754_sqrt
                0x00005420      0x18c c:/program files (x86)/cypress/psoc creator/4.0/psoc creator/import/gnu/arm/4.9.3/bin/../lib/gcc/arm-none-eabi/4.9.3/../../../../arm-none-eabi/lib/armv7-m\libm.a(lib_a-e_sqrt.o)
                0x00005420                __ieee754_sqrt
 .text.__ieee754_sqrtf
                0x000055ac       0xa8 c:/program files (x86)/cypress/psoc creator/4.0/psoc creator/import/gnu/arm/4.9.3/bin/../lib/gcc/arm-none-eabi/4.9.3/../../../../arm-none-eabi/lib/armv7-m\libm.a(lib_a-ef_sqrt.o)
                0x000055ac                __ieee754_sqrtf
 *fill*         0x00005654        0x4 
 .text.atan     0x00005658      0x338 c:/program files (x86)/cypress/psoc creator/4.0/psoc creator/import/gnu/arm/4.9.3/bin/../lib/gcc/arm-none-eabi/4.9.3/../../../../arm-none-eabi/lib/armv7-m\libm.a(lib_a-s_atan.o)
                0x00005658                atan
 .text.fabs     0x00005990        0x8 c:/program files (x86)/cypress/psoc creator/4.0/psoc creator/import/gnu/arm/4.9.3/bin/../lib/gcc/arm-none-eabi/4.9.3/../../../../arm-none-eabi/lib/armv7-m\libm.a(lib_a-s_fabs.o)
                0x00005990                fabs
 .text.finite   0x00005998        0xc c:/program files (x86)/cypress/psoc creator/4.0/psoc creator/import/gnu/arm/4.9.3/bin/../lib/gcc/arm-none-eabi/4.9.3/../../../../arm-none-eabi/lib/armv7-m\libm.a(lib_a-s_finite.o)
                0x00005998                finite
 .text.__fpclassifyd
                0x000059a4       0x58 c:/program files (x86)/cypress/psoc creator/4.0/psoc creator/import/gnu/arm/4.9.3/bin/../lib/gcc/arm-none-eabi/4.9.3/../../../../arm-none-eabi/lib/armv7-m\libm.a(lib_a-s_fpclassify.o)
                0x000059a4                __fpclassifyd
 .text.matherr  0x000059fc        0x4 c:/program files (x86)/cypress/psoc creator/4.0/psoc creator/import/gnu/arm/4.9.3/bin/../lib/gcc/arm-none-eabi/4.9.3/../../../../arm-none-eabi/lib/armv7-m\libm.a(lib_a-s_matherr.o)
                0x000059fc                matherr
 .text.nan      0x00005a00        0xc c:/program files (x86)/cypress/psoc creator/4.0/psoc creator/import/gnu/arm/4.9.3/bin/../lib/gcc/arm-none-eabi/4.9.3/../../../../arm-none-eabi/lib/armv7-m\libm.a(lib_a-s_nan.o)
                0x00005a00                nan
 .text.rint     0x00005a0c      0x11c c:/program files (x86)/cypress/psoc creator/4.0/psoc creator/import/gnu/arm/4.9.3/bin/../lib/gcc/arm-none-eabi/4.9.3/../../../../arm-none-eabi/lib/armv7-m\libm.a(lib_a-s_rint.o)
                0x00005a0c                rint
 .text.scalbn   0x00005b28       0xf0 c:/program files (x86)/cypress/psoc creator/4.0/psoc creator/import/gnu/arm/4.9.3/bin/../lib/gcc/arm-none-eabi/4.9.3/../../../../arm-none-eabi/lib/armv7-m\libm.a(lib_a-s_scalbn.o)
                0x00005b28                scalbn
 .text.__fpclassifyf
                0x00005c18       0x34 c:/program files (x86)/cypress/psoc creator/4.0/psoc creator/import/gnu/arm/4.9.3/bin/../lib/gcc/arm-none-eabi/4.9.3/../../../../arm-none-eabi/lib/armv7-m\libm.a(lib_a-sf_fpclassify.o)
                0x00005c18                __fpclassifyf
 .text.copysign
                0x00005c4c       0x10 c:/program files (x86)/cypress/psoc creator/4.0/psoc creator/import/gnu/arm/4.9.3/bin/../lib/gcc/arm-none-eabi/4.9.3/../../../../arm-none-eabi/lib/armv7-m\libm.a(lib_a-s_copysign.o)
                0x00005c4c                copysign
 .text.arm_rms_f32
                0x00005c5c       0xbc ..\CMSIS_DSP_LIB\LIB_GCC\libarm_cortexM3l_math.a(arm_rms_f32.o)
                0x00005c5c                arm_rms_f32
 .text.arm_mean_f32
                0x00005d18       0x78 ..\CMSIS_DSP_LIB\LIB_GCC\libarm_cortexM3l_math.a(arm_mean_f32.o)
                0x00005d18                arm_mean_f32
 .text.arm_mult_f32
                0x00005d90       0xb8 ..\CMSIS_DSP_LIB\LIB_GCC\libarm_cortexM3l_math.a(arm_mult_f32.o)
                0x00005d90                arm_mult_f32
 .text          0x00005e48      0x370 c:/program files (x86)/cypress/psoc creator/4.0/psoc creator/import/gnu/arm/4.9.3/bin/../lib/gcc/arm-none-eabi/4.9.3/armv7-m\libgcc.a(_arm_addsubdf3.o)
                0x00005e48                __aeabi_drsub
                0x00005e50                __aeabi_dsub
                0x00005e50                __subdf3
                0x00005e54                __aeabi_dadd
                0x00005e54                __adddf3
                0x000060cc                __floatunsidf
                0x000060cc                __aeabi_ui2d
                0x000060ec                __floatsidf
                0x000060ec                __aeabi_i2d
                0x00006110                __aeabi_f2d
                0x00006110                __extendsfdf2
                0x0000614c                __floatundidf
                0x0000614c                __aeabi_ul2d
                0x0000615c                __floatdidf
                0x0000615c                __aeabi_l2d
 .text          0x000061b8      0x424 c:/program files (x86)/cypress/psoc creator/4.0/psoc creator/import/gnu/arm/4.9.3/bin/../lib/gcc/arm-none-eabi/4.9.3/armv7-m\libgcc.a(_arm_muldivdf3.o)
                0x000061b8                __aeabi_dmul
                0x000061b8                __muldf3
                0x0000640c                __divdf3
                0x0000640c                __aeabi_ddiv
 .text          0x000065dc      0x110 c:/program files (x86)/cypress/psoc creator/4.0/psoc creator/import/gnu/arm/4.9.3/bin/../lib/gcc/arm-none-eabi/4.9.3/armv7-m\libgcc.a(_arm_cmpdf2.o)
                0x000065dc                __gtdf2
                0x000065dc                __gedf2
                0x000065e4                __ltdf2
                0x000065e4                __ledf2
                0x000065ec                __nedf2
                0x000065ec                __eqdf2
                0x000065ec                __cmpdf2
                0x00006668                __aeabi_cdrcmple
                0x00006678                __aeabi_cdcmpeq
                0x00006678                __aeabi_cdcmple
                0x00006688                __aeabi_dcmpeq
                0x0000669c                __aeabi_dcmplt
                0x000066b0                __aeabi_dcmple
                0x000066c4                __aeabi_dcmpge
                0x000066d8                __aeabi_dcmpgt
 .text          0x000066ec       0x50 c:/program files (x86)/cypress/psoc creator/4.0/psoc creator/import/gnu/arm/4.9.3/bin/../lib/gcc/arm-none-eabi/4.9.3/armv7-m\libgcc.a(_arm_fixdfsi.o)
                0x000066ec                __aeabi_d2iz
                0x000066ec                __fixdfsi
 .text          0x0000673c       0xa0 c:/program files (x86)/cypress/psoc creator/4.0/psoc creator/import/gnu/arm/4.9.3/bin/../lib/gcc/arm-none-eabi/4.9.3/armv7-m\libgcc.a(_arm_truncdfsf2.o)
                0x0000673c                __truncdfsf2
                0x0000673c                __aeabi_d2f
 .text          0x000067dc      0x21c c:/program files (x86)/cypress/psoc creator/4.0/psoc creator/import/gnu/arm/4.9.3/bin/../lib/gcc/arm-none-eabi/4.9.3/armv7-m\libgcc.a(_arm_addsubsf3.o)
                0x000067dc                __aeabi_frsub
                0x000067e4                __subsf3
                0x000067e4                __aeabi_fsub
                0x000067e8                __aeabi_fadd
                0x000067e8                __addsf3
                0x00006948                __aeabi_ui2f
                0x00006948                __floatunsisf
                0x00006950                __aeabi_i2f
                0x00006950                __floatsisf
                0x0000696c                __aeabi_ul2f
                0x0000696c                __floatundisf
                0x0000697c                __aeabi_l2f
                0x0000697c                __floatdisf
 .text          0x000069f8      0x2a0 c:/program files (x86)/cypress/psoc creator/4.0/psoc creator/import/gnu/arm/4.9.3/bin/../lib/gcc/arm-none-eabi/4.9.3/armv7-m\libgcc.a(_arm_muldivsf3.o)
                0x000069f8                __mulsf3
                0x000069f8                __aeabi_fmul
                0x00006b60                __aeabi_fdiv
                0x00006b60                __divsf3
 .text          0x00006c98       0xec c:/program files (x86)/cypress/psoc creator/4.0/psoc creator/import/gnu/arm/4.9.3/bin/../lib/gcc/arm-none-eabi/4.9.3/armv7-m\libgcc.a(_arm_cmpsf2.o)
                0x00006c98                __gesf2
                0x00006c98                __gtsf2
                0x00006ca0                __lesf2
                0x00006ca0                __ltsf2
                0x00006ca8                __nesf2
                0x00006ca8                __eqsf2
                0x00006ca8                __cmpsf2
                0x00006d08                __aeabi_cfrcmple
                0x00006d10                __aeabi_cfcmpeq
                0x00006d10                __aeabi_cfcmple
                0x00006d20                __aeabi_fcmpeq
                0x00006d34                __aeabi_fcmplt
                0x00006d48                __aeabi_fcmple
                0x00006d5c                __aeabi_fcmpge
                0x00006d70                __aeabi_fcmpgt
 .text          0x00006d84       0x40 c:/program files (x86)/cypress/psoc creator/4.0/psoc creator/import/gnu/arm/4.9.3/bin/../lib/gcc/arm-none-eabi/4.9.3/armv7-m\libgcc.a(_arm_fixunssfsi.o)
                0x00006d84                __fixunssfsi
                0x00006d84                __aeabi_f2uiz
 .text          0x00006dc4       0x38 c:/program files (x86)/cypress/psoc creator/4.0/psoc creator/import/gnu/arm/4.9.3/bin/../lib/gcc/arm-none-eabi/4.9.3/armv7-m\libgcc.a(_aeabi_ldivmod.o)
                0x00006dc4                __aeabi_ldivmod
 .text          0x00006dfc       0x60 c:/program files (x86)/cypress/psoc creator/4.0/psoc creator/import/gnu/arm/4.9.3/bin/../lib/gcc/arm-none-eabi/4.9.3/armv7-m\libgcc.a(bpabi.o)
                0x00006dfc                __gnu_ldivmod_helper
                0x00006e2c                __gnu_uldivmod_helper
 .text          0x00006e5c        0x4 c:/program files (x86)/cypress/psoc creator/4.0/psoc creator/import/gnu/arm/4.9.3/bin/../lib/gcc/arm-none-eabi/4.9.3/armv7-m\libgcc.a(_dvmd_tls.o)
                0x00006e5c                __aeabi_idiv0
                0x00006e5c                __aeabi_ldiv0
 .text          0x00006e60      0x2ac c:/program files (x86)/cypress/psoc creator/4.0/psoc creator/import/gnu/arm/4.9.3/bin/../lib/gcc/arm-none-eabi/4.9.3/armv7-m\libgcc.a(_divdi3.o)
                0x00006e60                __divdi3
 .text          0x0000710c      0x270 c:/program files (x86)/cypress/psoc creator/4.0/psoc creator/import/gnu/arm/4.9.3/bin/../lib/gcc/arm-none-eabi/4.9.3/armv7-m\libgcc.a(_udivdi3.o)
                0x0000710c                __udivdi3
 .text.__errno  0x0000737c        0xc c:/program files (x86)/cypress/psoc creator/4.0/psoc creator/import/gnu/arm/4.9.3/bin/../lib/gcc/arm-none-eabi/4.9.3/../../../../arm-none-eabi/lib/armv7-m\libg_nano.a(lib_a-errno.o)
                0x0000737c                __errno
 .text.__libc_init_array
                0x00007388       0x4c c:/program files (x86)/cypress/psoc creator/4.0/psoc creator/import/gnu/arm/4.9.3/bin/../lib/gcc/arm-none-eabi/4.9.3/../../../../arm-none-eabi/lib/armv7-m\libg_nano.a(lib_a-init.o)
                0x00007388                __libc_init_array
 .text.memcpy   0x000073d4       0x16 c:/program files (x86)/cypress/psoc creator/4.0/psoc creator/import/gnu/arm/4.9.3/bin/../lib/gcc/arm-none-eabi/4.9.3/../../../../arm-none-eabi/lib/armv7-m\libg_nano.a(lib_a-memcpy.o)
                0x000073d4                memcpy
 .text.memset   0x000073ea       0x10 c:/program files (x86)/cypress/psoc creator/4.0/psoc creator/import/gnu/arm/4.9.3/bin/../lib/gcc/arm-none-eabi/4.9.3/../../../../arm-none-eabi/lib/armv7-m\libg_nano.a(lib_a-memset.o)
                0x000073ea                memset
 .text.__cvt    0x000073fa       0xbc c:/program files (x86)/cypress/psoc creator/4.0/psoc creator/import/gnu/arm/4.9.3/bin/../lib/gcc/arm-none-eabi/4.9.3/../../../../arm-none-eabi/lib/armv7-m\libg_nano.a(lib_a-nano-vfprintf_float.o)
                0x000073fa                __cvt
 .text.__exponent
                0x000074b6       0x62 c:/program files (x86)/cypress/psoc creator/4.0/psoc creator/import/gnu/arm/4.9.3/bin/../lib/gcc/arm-none-eabi/4.9.3/../../../../arm-none-eabi/lib/armv7-m\libg_nano.a(lib_a-nano-vfprintf_float.o)
                0x000074b6                __exponent
 .text._printf_float
                0x00007518      0x48c c:/program files (x86)/cypress/psoc creator/4.0/psoc creator/import/gnu/arm/4.9.3/bin/../lib/gcc/arm-none-eabi/4.9.3/../../../../arm-none-eabi/lib/armv7-m\libg_nano.a(lib_a-nano-vfprintf_float.o)
                0x00007518                _printf_float
 .text._printf_common
                0x000079a4       0xea c:/program files (x86)/cypress/psoc creator/4.0/psoc creator/import/gnu/arm/4.9.3/bin/../lib/gcc/arm-none-eabi/4.9.3/../../../../arm-none-eabi/lib/armv7-m\libg_nano.a(lib_a-nano-vfprintf_i.o)
                0x000079a4                _printf_common
 *fill*         0x00007a8e        0x2 
 .text._printf_i
                0x00007a90      0x240 c:/program files (x86)/cypress/psoc creator/4.0/psoc creator/import/gnu/arm/4.9.3/bin/../lib/gcc/arm-none-eabi/4.9.3/../../../../arm-none-eabi/lib/armv7-m\libg_nano.a(lib_a-nano-vfprintf_i.o)
                0x00007a90                _printf_i
 .text.sprintf  0x00007cd0       0x48 c:/program files (x86)/cypress/psoc creator/4.0/psoc creator/import/gnu/arm/4.9.3/bin/../lib/gcc/arm-none-eabi/4.9.3/../../../../arm-none-eabi/lib/armv7-m\libg_nano.a(lib_a-sprintf.o)
                0x00007cd0                siprintf
                0x00007cd0                sprintf
 .text.strcpy   0x00007d18       0x10 c:/program files (x86)/cypress/psoc creator/4.0/psoc creator/import/gnu/arm/4.9.3/bin/../lib/gcc/arm-none-eabi/4.9.3/../../../../arm-none-eabi/lib/armv7-m\libg_nano.a(lib_a-strcpy.o)
                0x00007d18                strcpy
 .text.strlen   0x00007d28       0x10 c:/program files (x86)/cypress/psoc creator/4.0/psoc creator/import/gnu/arm/4.9.3/bin/../lib/gcc/arm-none-eabi/4.9.3/../../../../arm-none-eabi/lib/armv7-m\libg_nano.a(lib_a-strlen.o)
                0x00007d28                strlen
 .text.quorem   0x00007d38      0x114 c:/program files (x86)/cypress/psoc creator/4.0/psoc creator/import/gnu/arm/4.9.3/bin/../lib/gcc/arm-none-eabi/4.9.3/../../../../arm-none-eabi/lib/armv7-m\libg_nano.a(lib_a-dtoa.o)
 *fill*         0x00007e4c        0x4 
 .text._dtoa_r  0x00007e50      0xb78 c:/program files (x86)/cypress/psoc creator/4.0/psoc creator/import/gnu/arm/4.9.3/bin/../lib/gcc/arm-none-eabi/4.9.3/../../../../arm-none-eabi/lib/armv7-m\libg_nano.a(lib_a-dtoa.o)
                0x00007e50                _dtoa_r
 .text._localeconv_r
                0x000089c8        0x8 c:/program files (x86)/cypress/psoc creator/4.0/psoc creator/import/gnu/arm/4.9.3/bin/../lib/gcc/arm-none-eabi/4.9.3/../../../../arm-none-eabi/lib/armv7-m\libg_nano.a(lib_a-locale.o)
                0x000089c8                _localeconv_r
 .text.malloc   0x000089d0       0x10 c:/program files (x86)/cypress/psoc creator/4.0/psoc creator/import/gnu/arm/4.9.3/bin/../lib/gcc/arm-none-eabi/4.9.3/../../../../arm-none-eabi/lib/armv7-m\libg_nano.a(lib_a-malloc.o)
                0x000089d0                malloc
 .text.memchr   0x000089e0       0x1c c:/program files (x86)/cypress/psoc creator/4.0/psoc creator/import/gnu/arm/4.9.3/bin/../lib/gcc/arm-none-eabi/4.9.3/../../../../arm-none-eabi/lib/armv7-m\libg_nano.a(lib_a-memchr.o)
                0x000089e0                memchr
 .text._Balloc  0x000089fc       0x6a c:/program files (x86)/cypress/psoc creator/4.0/psoc creator/import/gnu/arm/4.9.3/bin/../lib/gcc/arm-none-eabi/4.9.3/../../../../arm-none-eabi/lib/armv7-m\libg_nano.a(lib_a-mprec.o)
                0x000089fc                _Balloc
 .text._Bfree   0x00008a66       0x2e c:/program files (x86)/cypress/psoc creator/4.0/psoc creator/import/gnu/arm/4.9.3/bin/../lib/gcc/arm-none-eabi/4.9.3/../../../../arm-none-eabi/lib/armv7-m\libg_nano.a(lib_a-mprec.o)
                0x00008a66                _Bfree
 .text.__multadd
                0x00008a94       0x7c c:/program files (x86)/cypress/psoc creator/4.0/psoc creator/import/gnu/arm/4.9.3/bin/../lib/gcc/arm-none-eabi/4.9.3/../../../../arm-none-eabi/lib/armv7-m\libg_nano.a(lib_a-mprec.o)
                0x00008a94                __multadd
 .text.__hi0bits
                0x00008b10       0x40 c:/program files (x86)/cypress/psoc creator/4.0/psoc creator/import/gnu/arm/4.9.3/bin/../lib/gcc/arm-none-eabi/4.9.3/../../../../arm-none-eabi/lib/armv7-m\libg_nano.a(lib_a-mprec.o)
                0x00008b10                __hi0bits
 .text.__lo0bits
                0x00008b50       0x5a c:/program files (x86)/cypress/psoc creator/4.0/psoc creator/import/gnu/arm/4.9.3/bin/../lib/gcc/arm-none-eabi/4.9.3/../../../../arm-none-eabi/lib/armv7-m\libg_nano.a(lib_a-mprec.o)
                0x00008b50                __lo0bits
 .text.__i2b    0x00008baa       0x12 c:/program files (x86)/cypress/psoc creator/4.0/psoc creator/import/gnu/arm/4.9.3/bin/../lib/gcc/arm-none-eabi/4.9.3/../../../../arm-none-eabi/lib/armv7-m\libg_nano.a(lib_a-mprec.o)
                0x00008baa                __i2b
 .text.__multiply
                0x00008bbc      0x120 c:/program files (x86)/cypress/psoc creator/4.0/psoc creator/import/gnu/arm/4.9.3/bin/../lib/gcc/arm-none-eabi/4.9.3/../../../../arm-none-eabi/lib/armv7-m\libg_nano.a(lib_a-mprec.o)
                0x00008bbc                __multiply
 .text.__pow5mult
                0x00008cdc       0x9c c:/program files (x86)/cypress/psoc creator/4.0/psoc creator/import/gnu/arm/4.9.3/bin/../lib/gcc/arm-none-eabi/4.9.3/../../../../arm-none-eabi/lib/armv7-m\libg_nano.a(lib_a-mprec.o)
                0x00008cdc                __pow5mult
 .text.__lshift
                0x00008d78       0xa6 c:/program files (x86)/cypress/psoc creator/4.0/psoc creator/import/gnu/arm/4.9.3/bin/../lib/gcc/arm-none-eabi/4.9.3/../../../../arm-none-eabi/lib/armv7-m\libg_nano.a(lib_a-mprec.o)
                0x00008d78                __lshift
 .text.__mcmp   0x00008e1e       0x38 c:/program files (x86)/cypress/psoc creator/4.0/psoc creator/import/gnu/arm/4.9.3/bin/../lib/gcc/arm-none-eabi/4.9.3/../../../../arm-none-eabi/lib/armv7-m\libg_nano.a(lib_a-mprec.o)
                0x00008e1e                __mcmp
 .text.__mdiff  0x00008e56       0xbe c:/program files (x86)/cypress/psoc creator/4.0/psoc creator/import/gnu/arm/4.9.3/bin/../lib/gcc/arm-none-eabi/4.9.3/../../../../arm-none-eabi/lib/armv7-m\libg_nano.a(lib_a-mprec.o)
                0x00008e56                __mdiff
 .text.__d2b    0x00008f14       0xa4 c:/program files (x86)/cypress/psoc creator/4.0/psoc creator/import/gnu/arm/4.9.3/bin/../lib/gcc/arm-none-eabi/4.9.3/../../../../arm-none-eabi/lib/armv7-m\libg_nano.a(lib_a-mprec.o)
                0x00008f14                __d2b
 .text._calloc_r
                0x00008fb8       0x1c c:/program files (x86)/cypress/psoc creator/4.0/psoc creator/import/gnu/arm/4.9.3/bin/../lib/gcc/arm-none-eabi/4.9.3/../../../../arm-none-eabi/lib/armv7-m\libg_nano.a(lib_a-nano-callocr.o)
                0x00008fb8                _calloc_r
 .text._free_r  0x00008fd4       0x88 c:/program files (x86)/cypress/psoc creator/4.0/psoc creator/import/gnu/arm/4.9.3/bin/../lib/gcc/arm-none-eabi/4.9.3/../../../../arm-none-eabi/lib/armv7-m\libg_nano.a(lib_a-nano-freer.o)
                0x00008fd4                _free_r
 .text._malloc_r
                0x0000905c       0xac c:/program files (x86)/cypress/psoc creator/4.0/psoc creator/import/gnu/arm/4.9.3/bin/../lib/gcc/arm-none-eabi/4.9.3/../../../../arm-none-eabi/lib/armv7-m\libg_nano.a(lib_a-nano-mallocr.o)
                0x0000905c                _malloc_r
 .text.__ssputs_r
                0x00009108       0xb2 c:/program files (x86)/cypress/psoc creator/4.0/psoc creator/import/gnu/arm/4.9.3/bin/../lib/gcc/arm-none-eabi/4.9.3/../../../../arm-none-eabi/lib/armv7-m\libg_nano.a(lib_a-nano-svfprintf.o)
                0x00009108                __ssputs_r
 *fill*         0x000091ba        0x2 
 .text._svfprintf_r
                0x000091bc      0x1e4 c:/program files (x86)/cypress/psoc creator/4.0/psoc creator/import/gnu/arm/4.9.3/bin/../lib/gcc/arm-none-eabi/4.9.3/../../../../arm-none-eabi/lib/armv7-m\libg_nano.a(lib_a-nano-svfprintf.o)
                0x000091bc                _svfiprintf_r
                0x000091bc                _svfprintf_r
 .text._sbrk_r  0x000093a0       0x20 c:/program files (x86)/cypress/psoc creator/4.0/psoc creator/import/gnu/arm/4.9.3/bin/../lib/gcc/arm-none-eabi/4.9.3/../../../../arm-none-eabi/lib/armv7-m\libg_nano.a(lib_a-sbrkr.o)
                0x000093a0                _sbrk_r
 .text.memmove  0x000093c0       0x36 c:/program files (x86)/cypress/psoc creator/4.0/psoc creator/import/gnu/arm/4.9.3/bin/../lib/gcc/arm-none-eabi/4.9.3/../../../../arm-none-eabi/lib/armv7-m\libg_nano.a(lib_a-memmove.o)
                0x000093c0                memmove
 .text._realloc_r
                0x000093f6       0x4c c:/program files (x86)/cypress/psoc creator/4.0/psoc creator/import/gnu/arm/4.9.3/bin/../lib/gcc/arm-none-eabi/4.9.3/../../../../arm-none-eabi/lib/armv7-m\libg_nano.a(lib_a-nano-reallocr.o)
                0x000093f6                _realloc_r
 .text._malloc_usable_size_r
                0x00009442       0x14 c:/program files (x86)/cypress/psoc creator/4.0/psoc creator/import/gnu/arm/4.9.3/bin/../lib/gcc/arm-none-eabi/4.9.3/../../../../arm-none-eabi/lib/armv7-m\libg_nano.a(lib_a-nano-msizer.o)
                0x00009442                _malloc_usable_size_r
 *(.plt)
 *(.gnu.warning)
 *(.glue_7t)
 .glue_7t       0x00000000        0x0 linker stubs
 *(.glue_7)
 .glue_7        0x00000000        0x0 linker stubs
 *(.vfp11_veneer)
 .vfp11_veneer  0x00000000        0x0 linker stubs
 *(.bootloader)
 *(.ARM.extab* .gnu.linkonce.armextab.*)
 *(.gcc_except_table)

.v4_bx          0x00009458        0x0
 .v4_bx         0x00000000        0x0 linker stubs

.iplt           0x00009458        0x0
 .iplt          0x00000000        0x0 c:/program files (x86)/cypress/psoc creator/4.0/psoc creator/import/gnu/arm/4.9.3/bin/../lib/gcc/arm-none-eabi/4.9.3/armv7-m/crtbegin.o

.eh_frame_hdr
 *(.eh_frame_hdr)

.eh_frame       0x00009458        0x4
 *(.eh_frame)
 .eh_frame      0x00009458        0x0 c:/program files (x86)/cypress/psoc creator/4.0/psoc creator/import/gnu/arm/4.9.3/bin/../lib/gcc/arm-none-eabi/4.9.3/armv7-m/crtbegin.o
 .eh_frame      0x00009458        0x0 c:/program files (x86)/cypress/psoc creator/4.0/psoc creator/import/gnu/arm/4.9.3/bin/../lib/gcc/arm-none-eabi/4.9.3/../../../../arm-none-eabi/lib/armv7-m\libg_nano.a(lib_a-strcmp.o)
                                 0x28 (size before relaxing)
 .eh_frame      0x00009458        0x4 c:/program files (x86)/cypress/psoc creator/4.0/psoc creator/import/gnu/arm/4.9.3/bin/../lib/gcc/arm-none-eabi/4.9.3/armv7-m/crtend.o
                0x0000945c                PROVIDE (__exidx_start, .)

.ARM.exidx      0x0000945c        0x8
 *(.ARM.exidx* .gnu.linkonce.armexidx.*)
 .ARM.exidx     0x0000945c        0x8 c:/program files (x86)/cypress/psoc creator/4.0/psoc creator/import/gnu/arm/4.9.3/bin/../lib/gcc/arm-none-eabi/4.9.3/armv7-m\libgcc.a(_divdi3.o)
 .ARM.exidx     0x00009464        0x0 c:/program files (x86)/cypress/psoc creator/4.0/psoc creator/import/gnu/arm/4.9.3/bin/../lib/gcc/arm-none-eabi/4.9.3/armv7-m\libgcc.a(_udivdi3.o)
                                  0x8 (size before relaxing)
                0x00009464                __exidx_end = .

.rodata         0x00009468      0xcd8
 *(.rodata .rodata.* .gnu.linkonce.r.*)
 .rodata.str1.4
                0x00009468        0x5 .\CortexM3\ARM_GCC_493\Debug\tasks.o
                                  0x8 (size before relaxing)
 *fill*         0x0000946d        0x3 
 .rodata.str1.4
                0x00009470       0x81 .\CortexM3\ARM_GCC_493\Debug\main.o
                                 0x84 (size before relaxing)
 *fill*         0x000094f1        0x3 
 .rodata        0x000094f4      0x1a8 .\CortexM3\ARM_GCC_493\Debug\CLCD_control.o
                0x000094f4                pga_gain
                0x00009544                dir_tab
                0x00009594                bar
                0x00009664                pga_agc
 .rodata.str1.4
                0x0000969c      0x1c4 .\CortexM3\ARM_GCC_493\Debug\CLCD_control.o
                                0x1dc (size before relaxing)
 .rodata        0x00009860       0x48 .\CortexM3\ARM_GCC_493\Debug\CY8CKIT-059_Beacon_w_Filter.a(cyfitter_cfg.o)
 .rodata        0x000098a8       0x18 .\CortexM3\ARM_GCC_493\Debug\CY8CKIT-059_Beacon_w_Filter.a(PGA_1.o)
 .rodata        0x000098c0      0x640 .\CortexM3\ARM_GCC_493\Debug\CY8CKIT-059_Beacon_w_Filter.a(Filter_1_RAM_Data.o)
                0x000098c0                Filter_1_cfsm
                0x000099c0                Filter_1_acu
                0x00009a00                Filter_1_data_b
                0x00009c00                Filter_1_data_a
                0x00009e00                Filter_1_control
 .rodata        0x00009f00       0x18 .\CortexM3\ARM_GCC_493\Debug\CY8CKIT-059_Beacon_w_Filter.a(PGA_2.o)
 .rodata.str1.4
                0x00009f18        0x4 c:/program files (x86)/cypress/psoc creator/4.0/psoc creator/import/gnu/arm/4.9.3/bin/../lib/gcc/arm-none-eabi/4.9.3/../../../../arm-none-eabi/lib/armv7-m\libm.a(lib_a-w_pow.o)
 .rodata.str1.4
                0x00009f1c        0x6 c:/program files (x86)/cypress/psoc creator/4.0/psoc creator/import/gnu/arm/4.9.3/bin/../lib/gcc/arm-none-eabi/4.9.3/../../../../arm-none-eabi/lib/armv7-m\libm.a(lib_a-wf_sqrt.o)
                                  0x8 (size before relaxing)
 *fill*         0x00009f22        0x6 
 .rodata.dp_h   0x00009f28       0x10 c:/program files (x86)/cypress/psoc creator/4.0/psoc creator/import/gnu/arm/4.9.3/bin/../lib/gcc/arm-none-eabi/4.9.3/../../../../arm-none-eabi/lib/armv7-m\libm.a(lib_a-e_pow.o)
 .rodata.dp_l   0x00009f38       0x10 c:/program files (x86)/cypress/psoc creator/4.0/psoc creator/import/gnu/arm/4.9.3/bin/../lib/gcc/arm-none-eabi/4.9.3/../../../../arm-none-eabi/lib/armv7-m\libm.a(lib_a-e_pow.o)
 .rodata.bp     0x00009f48       0x10 c:/program files (x86)/cypress/psoc creator/4.0/psoc creator/import/gnu/arm/4.9.3/bin/../lib/gcc/arm-none-eabi/4.9.3/../../../../arm-none-eabi/lib/armv7-m\libm.a(lib_a-e_pow.o)
 .rodata.str1.4
                0x00000000        0x8 c:/program files (x86)/cypress/psoc creator/4.0/psoc creator/import/gnu/arm/4.9.3/bin/../lib/gcc/arm-none-eabi/4.9.3/../../../../arm-none-eabi/lib/armv7-m\libm.a(lib_a-e_pow.o)
                                  0x4 (size before relaxing)
 .rodata.atanlo
                0x00009f58       0x20 c:/program files (x86)/cypress/psoc creator/4.0/psoc creator/import/gnu/arm/4.9.3/bin/../lib/gcc/arm-none-eabi/4.9.3/../../../../arm-none-eabi/lib/armv7-m\libm.a(lib_a-s_atan.o)
 .rodata.atanhi
                0x00009f78       0x20 c:/program files (x86)/cypress/psoc creator/4.0/psoc creator/import/gnu/arm/4.9.3/bin/../lib/gcc/arm-none-eabi/4.9.3/../../../../arm-none-eabi/lib/armv7-m\libm.a(lib_a-s_atan.o)
 .rodata.TWO52  0x00009f98       0x10 c:/program files (x86)/cypress/psoc creator/4.0/psoc creator/import/gnu/arm/4.9.3/bin/../lib/gcc/arm-none-eabi/4.9.3/../../../../arm-none-eabi/lib/armv7-m\libm.a(lib_a-s_rint.o)
 .rodata.str1.1
                0x00009fa8        0x2 c:/program files (x86)/cypress/psoc creator/4.0/psoc creator/import/gnu/arm/4.9.3/bin/../lib/gcc/arm-none-eabi/4.9.3/../../../../arm-none-eabi/lib/armv7-m\libg_nano.a(lib_a-impure.o)
 .rodata.str1.1
                0x00009faa       0x12 c:/program files (x86)/cypress/psoc creator/4.0/psoc creator/import/gnu/arm/4.9.3/bin/../lib/gcc/arm-none-eabi/4.9.3/../../../../arm-none-eabi/lib/armv7-m\libg_nano.a(lib_a-nano-vfprintf_float.o)
 .rodata.str1.1
                0x00009fbc       0x22 c:/program files (x86)/cypress/psoc creator/4.0/psoc creator/import/gnu/arm/4.9.3/bin/../lib/gcc/arm-none-eabi/4.9.3/../../../../arm-none-eabi/lib/armv7-m\libg_nano.a(lib_a-nano-vfprintf_i.o)
 .rodata.str1.1
                0x00009fde        0xd c:/program files (x86)/cypress/psoc creator/4.0/psoc creator/import/gnu/arm/4.9.3/bin/../lib/gcc/arm-none-eabi/4.9.3/../../../../arm-none-eabi/lib/armv7-m\libg_nano.a(lib_a-dtoa.o)
                                  0xf (size before relaxing)
 .rodata.str1.1
                0x00009feb        0x8 c:/program files (x86)/cypress/psoc creator/4.0/psoc creator/import/gnu/arm/4.9.3/bin/../lib/gcc/arm-none-eabi/4.9.3/../../../../arm-none-eabi/lib/armv7-m\libg_nano.a(lib_a-locale.o)
                                  0xb (size before relaxing)
 *fill*         0x00009ff3        0x5 
 .rodata.__mprec_tens
                0x00009ff8       0xc8 c:/program files (x86)/cypress/psoc creator/4.0/psoc creator/import/gnu/arm/4.9.3/bin/../lib/gcc/arm-none-eabi/4.9.3/../../../../arm-none-eabi/lib/armv7-m\libg_nano.a(lib_a-mprec.o)
                0x00009ff8                __mprec_tens
 .rodata.__mprec_bigtens
                0x0000a0c0       0x28 c:/program files (x86)/cypress/psoc creator/4.0/psoc creator/import/gnu/arm/4.9.3/bin/../lib/gcc/arm-none-eabi/4.9.3/../../../../arm-none-eabi/lib/armv7-m\libg_nano.a(lib_a-mprec.o)
                0x0000a0c0                __mprec_bigtens
 .rodata.p05.5308
                0x0000a0e8        0xc c:/program files (x86)/cypress/psoc creator/4.0/psoc creator/import/gnu/arm/4.9.3/bin/../lib/gcc/arm-none-eabi/4.9.3/../../../../arm-none-eabi/lib/armv7-m\libg_nano.a(lib_a-mprec.o)
 .rodata.str1.1
                0x0000a0f4       0x11 c:/program files (x86)/cypress/psoc creator/4.0/psoc creator/import/gnu/arm/4.9.3/bin/../lib/gcc/arm-none-eabi/4.9.3/../../../../arm-none-eabi/lib/armv7-m\libg_nano.a(lib_a-nano-svfprintf.o)
                0x0000a108                . = ALIGN (0x4)
 *fill*         0x0000a105        0x3 
 *(.init)
 .init          0x0000a108        0x4 c:/program files (x86)/cypress/psoc creator/4.0/psoc creator/import/gnu/arm/4.9.3/bin/../lib/gcc/arm-none-eabi/4.9.3/armv7-m/crti.o
                0x0000a108                _init
 .init          0x0000a10c        0x8 c:/program files (x86)/cypress/psoc creator/4.0/psoc creator/import/gnu/arm/4.9.3/bin/../lib/gcc/arm-none-eabi/4.9.3/armv7-m/crtn.o
                0x0000a114                . = ALIGN (0x4)
                0x0000a114                __preinit_array_start = .
 *(.preinit_array)
                0x0000a114                __preinit_array_end = .
                0x0000a114                . = ALIGN (0x4)
                0x0000a114                __init_array_start = .
 *(SORT(.init_array.*))
 *(.init_array)
 .init_array    0x0000a114        0x4 c:/program files (x86)/cypress/psoc creator/4.0/psoc creator/import/gnu/arm/4.9.3/bin/../lib/gcc/arm-none-eabi/4.9.3/armv7-m/crtbegin.o
 .init_array    0x0000a118        0x4 .\CortexM3\ARM_GCC_493\Debug\Cm3Start.o
                0x0000a11c                __init_array_end = .
                0x0000a11c                . = ALIGN (0x4)
 *(.fini)
 .fini          0x0000a11c        0x4 c:/program files (x86)/cypress/psoc creator/4.0/psoc creator/import/gnu/arm/4.9.3/bin/../lib/gcc/arm-none-eabi/4.9.3/armv7-m/crti.o
                0x0000a11c                _fini
 .fini          0x0000a120        0x8 c:/program files (x86)/cypress/psoc creator/4.0/psoc creator/import/gnu/arm/4.9.3/bin/../lib/gcc/arm-none-eabi/4.9.3/armv7-m/crtn.o
                0x0000a128                . = ALIGN (0x4)
                0x0000a128                __fini_array_start = .
 *(.fini_array)
 .fini_array    0x0000a128        0x4 c:/program files (x86)/cypress/psoc creator/4.0/psoc creator/import/gnu/arm/4.9.3/bin/../lib/gcc/arm-none-eabi/4.9.3/armv7-m/crtbegin.o
 *(SORT(.fini_array.*))
                0x0000a12c                __fini_array_end = .
                0x0000a12c                . = ALIGN (0x4)
 *crtbegin.o(.ctors)
 *(EXCLUDE_FILE(*crtend.o) .ctors)
 *(SORT(.ctors.*))
 *crtend.o(.ctors)
                0x0000a12c                . = ALIGN (0x4)
 *crtbegin.o(.dtors)
 *(EXCLUDE_FILE(*crtend.o) .dtors)
 *(SORT(.dtors.*))
 *crtend.o(.dtors)
                0x0000a12c                . = ALIGN (0x4)
                0x0000a12c                __cy_regions = .
                0x0000a12c        0x4 LONG 0xa140 __cy_region_init_ram
                0x0000a130        0x4 LONG 0x1fff8108 __cy_region_start_data
                0x0000a134        0x4 LONG 0x120 __cy_region_init_size_ram
                0x0000a138        0x4 LONG 0x8950 __cy_region_zero_size_ram
                0x0000a13c                __cy_regions_end = .
                0x0000a140                . = ALIGN (0x8)
 *fill*         0x0000a13c        0x4 
                0x0000a140                _etext = .

.cy_checksum_exclude
                0x0000a140        0x0
 *(.cy_checksum_exclude)

.ramvectors     0x1fff8000      0x100
                0x1fff8000                __cy_region_start_ram = .
 *(.ramvectors)
 .ramvectors    0x1fff8000      0x100 .\CortexM3\ARM_GCC_493\Debug\Cm3Start.o
                0x1fff8000                CyRamVectors

.noinit         0x1fff8100        0x5
 *(.noinit)
 .noinit        0x1fff8100        0x4 .\CortexM3\ARM_GCC_493\Debug\Cm3Start.o
 .noinit        0x1fff8104        0x1 .\CortexM3\ARM_GCC_493\Debug\CY8CKIT-059_Beacon_w_Filter.a(CyLib.o)
                0x1fff8104                CyResetStatus

.data           0x1fff8108      0x120 load address 0x0000a140
                0x1fff8108                __cy_region_start_data = .
 *(.jcr)
 .jcr           0x1fff8108        0x0 c:/program files (x86)/cypress/psoc creator/4.0/psoc creator/import/gnu/arm/4.9.3/bin/../lib/gcc/arm-none-eabi/4.9.3/armv7-m/crtbegin.o
 .jcr           0x1fff8108        0x4 c:/program files (x86)/cypress/psoc creator/4.0/psoc creator/import/gnu/arm/4.9.3/bin/../lib/gcc/arm-none-eabi/4.9.3/armv7-m/crtend.o
 *(.got.plt)
 *(.got)
 *(.shdata)
 *(.data .data.* .gnu.linkonce.d.*)
 .data          0x1fff810c        0x4 .\CortexM3\ARM_GCC_493\Debug\port.o
 .data          0x1fff8110        0x4 .\CortexM3\ARM_GCC_493\Debug\heap_2.o
 .data          0x1fff8114        0x2 .\CortexM3\ARM_GCC_493\Debug\I2C_CLCD.o
                0x1fff8114                I2C_CLCD_BackLight
                0x1fff8115                slaveAddress
 .data          0x1fff8116        0x1 .\CortexM3\ARM_GCC_493\Debug\key.o
 *fill*         0x1fff8117        0x1 
 .data          0x1fff8118       0x18 .\CortexM3\ARM_GCC_493\Debug\main.o
                0x1fff8118                STATION_FREQ
                0x1fff8120                OFFSET_FREQ
                0x1fff8128                STATION_NAME
 .data          0x1fff8130        0x8 .\CortexM3\ARM_GCC_493\Debug\CLCD_control.o
                0x1fff8130                mode
                0x1fff8132                gain
                0x1fff8134                Vth
                0x1fff8136                Vbias
 .data          0x1fff8138        0x4 .\CortexM3\ARM_GCC_493\Debug\Cm3Start.o
 .data          0x1fff813c        0x8 .\CortexM3\ARM_GCC_493\Debug\CY8CKIT-059_Beacon_w_Filter.a(CyDmac.o)
 .data          0x1fff8144       0x10 .\CortexM3\ARM_GCC_493\Debug\CY8CKIT-059_Beacon_w_Filter.a(CyLib.o)
                0x1fff8144                cydelay_32k_ms
                0x1fff8148                cydelay_freq_khz
                0x1fff814c                cydelay_freq_mhz
                0x1fff8150                cydelay_freq_hz
 .data          0x1fff8154        0x1 .\CortexM3\ARM_GCC_493\Debug\CY8CKIT-059_Beacon_w_Filter.a(DMA_1_dma.o)
                0x1fff8154                DMA_1_DmaHandle
 .data          0x1fff8155        0x1 .\CortexM3\ARM_GCC_493\Debug\CY8CKIT-059_Beacon_w_Filter.a(DMA_2_dma.o)
                0x1fff8155                DMA_2_DmaHandle
 *fill*         0x1fff8156        0x2 
 .data          0x1fff8158       0x14 .\CortexM3\ARM_GCC_493\Debug\CY8CKIT-059_Beacon_w_Filter.a(DVDAC_1.o)
 .data          0x1fff816c        0x1 .\CortexM3\ARM_GCC_493\Debug\CY8CKIT-059_Beacon_w_Filter.a(DVDAC_1_DMA_dma.o)
                0x1fff816c                DVDAC_1_DMA_DmaHandle
 *fill*         0x1fff816d        0x3 
 .data          0x1fff8170       0x14 .\CortexM3\ARM_GCC_493\Debug\CY8CKIT-059_Beacon_w_Filter.a(DVDAC_2.o)
 .data          0x1fff8184        0x1 .\CortexM3\ARM_GCC_493\Debug\CY8CKIT-059_Beacon_w_Filter.a(DVDAC_2_DMA_dma.o)
                0x1fff8184                DVDAC_2_DMA_DmaHandle
 .data.__fdlib_version
                0x1fff8185        0x1 c:/program files (x86)/cypress/psoc creator/4.0/psoc creator/import/gnu/arm/4.9.3/bin/../lib/gcc/arm-none-eabi/4.9.3/../../../../arm-none-eabi/lib/armv7-m\libm.a(lib_a-s_lib_ver.o)
                0x1fff8185                __fdlib_version
 *fill*         0x1fff8186        0x2 
 .data.impure_data
                0x1fff8188       0x60 c:/program files (x86)/cypress/psoc creator/4.0/psoc creator/import/gnu/arm/4.9.3/bin/../lib/gcc/arm-none-eabi/4.9.3/../../../../arm-none-eabi/lib/armv7-m\libg_nano.a(lib_a-impure.o)
 .data._impure_ptr
                0x1fff81e8        0x4 c:/program files (x86)/cypress/psoc creator/4.0/psoc creator/import/gnu/arm/4.9.3/bin/../lib/gcc/arm-none-eabi/4.9.3/../../../../arm-none-eabi/lib/armv7-m\libg_nano.a(lib_a-impure.o)
                0x1fff81e8                _impure_ptr
 .data.lconv    0x1fff81ec       0x38 c:/program files (x86)/cypress/psoc creator/4.0/psoc creator/import/gnu/arm/4.9.3/bin/../lib/gcc/arm-none-eabi/4.9.3/../../../../arm-none-eabi/lib/armv7-m\libg_nano.a(lib_a-locale.o)
                0x1fff8228                . = ALIGN (0x8)
 *fill*         0x1fff8224        0x4 
 *(.ram)
                0x1fff8228                _edata = .

.igot.plt       0x1fff8228        0x0 load address 0x0000a260
 .igot.plt      0x00000000        0x0 c:/program files (x86)/cypress/psoc creator/4.0/psoc creator/import/gnu/arm/4.9.3/bin/../lib/gcc/arm-none-eabi/4.9.3/armv7-m/crtbegin.o

.bss            0x1fff8228     0x8950 load address 0x0000a260
                0x1fff8228                PROVIDE (__bss_start__, .)
 *(.shbss)
 *(.bss .bss.* .gnu.linkonce.b.*)
 .bss           0x1fff8228       0x1c c:/program files (x86)/cypress/psoc creator/4.0/psoc creator/import/gnu/arm/4.9.3/bin/../lib/gcc/arm-none-eabi/4.9.3/armv7-m/crtbegin.o
 .bss           0x1fff8244      0x100 .\CortexM3\ARM_GCC_493\Debug\tasks.o
                0x1fff8318                pxCurrentTCB
 .bss           0x1fff8344     0x8014 .\CortexM3\ARM_GCC_493\Debug\heap_2.o
 .bss           0x20000358        0x2 .\CortexM3\ARM_GCC_493\Debug\I2C_CLCD.o
                0x20000358                I2C_CLCD_enableState
                0x20000359                I2C_CLCD_initVar
 *fill*         0x2000035a        0x2 
 .bss           0x2000035c       0x10 .\CortexM3\ARM_GCC_493\Debug\key.o
 .bss           0x2000036c        0x4 .\CortexM3\ARM_GCC_493\Debug\CLCD_control.o
                0x2000036c                Adj_Vth
                0x2000036e                Adj_Vbias
 .bss           0x20000370        0x1 .\CortexM3\ARM_GCC_493\Debug\CY8CKIT-059_Beacon_w_Filter.a(SPIM.o)
                0x20000370                SPIM_initVar
 .bss           0x20000371        0x1 .\CortexM3\ARM_GCC_493\Debug\CY8CKIT-059_Beacon_w_Filter.a(Comp_1.o)
                0x20000371                Comp_1_initVar
 .bss           0x20000372        0x1 .\CortexM3\ARM_GCC_493\Debug\CY8CKIT-059_Beacon_w_Filter.a(ADC_SAR_1.o)
                0x20000372                ADC_SAR_1_initVar
 .bss           0x20000373        0x1 .\CortexM3\ARM_GCC_493\Debug\CY8CKIT-059_Beacon_w_Filter.a(ADC_SAR_2.o)
                0x20000373                ADC_SAR_2_initVar
 .bss           0x20000374        0x1 .\CortexM3\ARM_GCC_493\Debug\CY8CKIT-059_Beacon_w_Filter.a(Mixer_2.o)
                0x20000374                Mixer_2_initVar
 .bss           0x20000375        0x1 .\CortexM3\ARM_GCC_493\Debug\CY8CKIT-059_Beacon_w_Filter.a(Mixer_1.o)
                0x20000375                Mixer_1_initVar
 .bss           0x20000376        0x1 .\CortexM3\ARM_GCC_493\Debug\CY8CKIT-059_Beacon_w_Filter.a(PGA_1.o)
                0x20000376                PGA_1_initVar
 .bss           0x20000377        0x1 .\CortexM3\ARM_GCC_493\Debug\CY8CKIT-059_Beacon_w_Filter.a(Filter_1.o)
                0x20000377                Filter_1_initVar
 .bss           0x20000378        0x1 .\CortexM3\ARM_GCC_493\Debug\CY8CKIT-059_Beacon_w_Filter.a(I2C_1.o)
                0x20000378                I2C_1_initVar
 .bss           0x20000379        0x1 .\CortexM3\ARM_GCC_493\Debug\CY8CKIT-059_Beacon_w_Filter.a(PGA_2.o)
                0x20000379                PGA_2_initVar
 .bss           0x2000037a        0x1 .\CortexM3\ARM_GCC_493\Debug\CY8CKIT-059_Beacon_w_Filter.a(Opamp_1.o)
                0x2000037a                Opamp_1_initVar
 .bss           0x2000037b        0x2 .\CortexM3\ARM_GCC_493\Debug\CY8CKIT-059_Beacon_w_Filter.a(DVDAC_1.o)
                0x2000037c                DVDAC_1_initVar
 .bss           0x2000037d        0x2 .\CortexM3\ARM_GCC_493\Debug\CY8CKIT-059_Beacon_w_Filter.a(DVDAC_2.o)
                0x2000037e                DVDAC_2_initVar
 .bss           0x2000037f        0x1 .\CortexM3\ARM_GCC_493\Debug\CY8CKIT-059_Beacon_w_Filter.a(Timer_1.o)
                0x2000037f                Timer_1_initVar
 .bss.__malloc_sbrk_start
                0x20000380        0x4 c:/program files (x86)/cypress/psoc creator/4.0/psoc creator/import/gnu/arm/4.9.3/bin/../lib/gcc/arm-none-eabi/4.9.3/../../../../arm-none-eabi/lib/armv7-m\libg_nano.a(lib_a-nano-mallocr.o)
                0x20000380                __malloc_sbrk_start
 .bss.__malloc_free_list
                0x20000384        0x4 c:/program files (x86)/cypress/psoc creator/4.0/psoc creator/import/gnu/arm/4.9.3/bin/../lib/gcc/arm-none-eabi/4.9.3/../../../../arm-none-eabi/lib/armv7-m\libg_nano.a(lib_a-nano-mallocr.o)
                0x20000384                __malloc_free_list
 *(COMMON)
 COMMON         0x20000388        0x2 .\CortexM3\ARM_GCC_493\Debug\key.o
                0x20000388                gKey
 *fill*         0x2000038a        0x2 
 COMMON         0x2000038c      0x7a0 .\CortexM3\ARM_GCC_493\Debug\main.o
                0x2000038c                ANT2_buf_f32
                0x2000060c                tFlag
                0x20000610                xQueue_FILTER
                0x20000618                ANT1_buf_f32
                0x20000898                xMutex_RX_BUF
                0x2000089c                xQueue_KEY
                0x200008a4                dst_buf_f32
                0x20000b24                xQueue_ROT
                0x20000b28                xQueue_RXD
 COMMON         0x20000b2c       0x17 .\CortexM3\ARM_GCC_493\Debug\CY8CKIT-059_Beacon_w_Filter.a(SPIM.o)
                0x20000b2c                SPIM_rxBufferFull
                0x20000b30                SPIM_txBuffer
                0x20000b35                SPIM_swStatusTx
                0x20000b38                SPIM_rxBuffer
                0x20000b3d                SPIM_txBufferFull
                0x20000b3e                SPIM_txBufferRead
                0x20000b3f                SPIM_rxBufferWrite
                0x20000b40                SPIM_txBufferWrite
                0x20000b41                SPIM_rxBufferRead
                0x20000b42                SPIM_swStatusRx
 *fill*         0x20000b43        0x1 
 COMMON         0x20000b44        0xa .\CortexM3\ARM_GCC_493\Debug\CY8CKIT-059_Beacon_w_Filter.a(ADC_SAR_1.o)
                0x20000b44                ADC_SAR_1_countsPerVolt
                0x20000b46                ADC_SAR_1_shift
                0x20000b48                ADC_SAR_1_countsPer10Volt
                0x20000b4c                ADC_SAR_1_offset
 *fill*         0x20000b4e        0x2 
 COMMON         0x20000b50        0xa .\CortexM3\ARM_GCC_493\Debug\CY8CKIT-059_Beacon_w_Filter.a(ADC_SAR_2.o)
                0x20000b50                ADC_SAR_2_countsPer10Volt
                0x20000b54                ADC_SAR_2_shift
                0x20000b56                ADC_SAR_2_offset
                0x20000b58                ADC_SAR_2_countsPerVolt
 COMMON         0x20000b5a        0x1 .\CortexM3\ARM_GCC_493\Debug\CY8CKIT-059_Beacon_w_Filter.a(I2C_1.o)
                0x20000b5a                I2C_1_state
 *fill*         0x20000b5b        0x1 
 COMMON         0x20000b5c       0x11 .\CortexM3\ARM_GCC_493\Debug\CY8CKIT-059_Beacon_w_Filter.a(I2C_1_MASTER.o)
                0x20000b5c                I2C_1_mstrWrBufIndex
                0x20000b5d                I2C_1_mstrControl
                0x20000b5e                I2C_1_mstrStatus
                0x20000b5f                I2C_1_mstrWrBufSize
                0x20000b60                I2C_1_mstrRdBufIndex
                0x20000b64                I2C_1_mstrWrBufPtr
                0x20000b68                I2C_1_mstrRdBufPtr
                0x20000b6c                I2C_1_mstrRdBufSize
 *fill*         0x20000b6d        0x3 
 COMMON         0x20000b70        0x4 c:/program files (x86)/cypress/psoc creator/4.0/psoc creator/import/gnu/arm/4.9.3/bin/../lib/gcc/arm-none-eabi/4.9.3/../../../../arm-none-eabi/lib/armv7-m\libg_nano.a(lib_a-reent.o)
                0x20000b70                errno
                0x20000b78                . = ALIGN (0x8)
 *fill*         0x20000b74        0x4 
 *(.ram.b)
                0x20000b78                _end = .
                0x20000b78                __end = .
                0x20000b78                PROVIDE (end, .)
                0x20000b78                PROVIDE (__bss_end__, .)
                0x0000a140                __cy_region_init_ram = LOADADDR (.data)
                0x00000120                __cy_region_init_size_ram = (_edata - ADDR (.data))
                0x00008950                __cy_region_zero_size_ram = (_end - _edata)

.heap           0x20000b78     0x1000 load address 0x0000a260
                0x20000b78                . = _end
                0x20001b78                . = (. + 0x1000)
 *fill*         0x20000b78     0x1000 
                0x20001b78                __cy_heap_limit = .

.stack          0x20006000     0x2000
                0x20006000                __cy_stack_limit = .
                0x20008000                . = (. + 0x2000)